Head Tracking Session: phase1_cycle1_1761456967325
Start Time: 2025-10-26T01:36:07.328540
==================================================
Timestamp (ms), Pitch, Yaw, Roll, Direction
1761456970743, 0.00, 0.00, 0.00, Forward
1761456970789, -1.08, -2.12, -0.04, Forward
1761456970839, -0.92, -2.40, -0.02, Forward
1761456970886, -0.90, -3.04, 0.03, Forward
1761456971007, -0.69, -3.27, -0.02, Forward
1761456971052, -0.70, -3.35, -0.05, Forward
1761456971101, -0.71, -3.42, -0.07, Forward
1761456971151, -0.78, -3.36, -0.11, Forward
1761456971201, -0.68, -3.31, -0.16, Forward
1761456971279, -0.63, -3.42, -0.14, Forward
1761456971324, -0.73, -3.88, -0.13, Forward
1761456971370, -0.63, -3.84, -0.12, Forward
1761456971415, -0.65, -3.80, -0.16, Forward
1761456971462, -0.66, -3.61, -0.18, Forward
1761456971535, -0.80, -3.56, -0.15, Forward
1761456971581, -0.74, -3.45, -0.13, Forward
1761456971626, -0.66, -3.34, -0.12, Forward
1761456971670, -0.56, -3.40, -0.07, Forward
1761456971717, -0.69, -3.53, -0.02, Forward
1761456971804, -0.83, -3.52, 0.01, Forward
1761456971851, -0.84, -3.45, 0.05, Forward
1761456971900, -0.90, -3.65, 0.10, Forward
1761456971950, -0.99, -3.79, 0.17, Forward
1761456971999, -0.95, -4.01, 0.19, Forward
1761456972083, -0.86, -3.82, 0.11, Forward
1761456972129, -0.89, -4.05, 0.08, Forward
1761456972177, -0.95, -4.25, 0.06, Forward
1761456972221, -0.91, -4.47, 0.03, Forward
1761456972269, -0.80, -4.62, -0.01, Forward
1761456972337, -0.72, -4.82, -0.07, Forward
1761456972384, -0.66, -5.07, -0.13, Forward
1761456972434, -0.56, -5.12, -0.22, Forward
1761456972479, -0.18, -5.37, -0.23, Forward
1761456972527, 0.13, -5.31, -0.29, Forward
1761456972603, 0.30, -5.59, -0.20, Forward
1761456972650, 0.49, -5.58, -0.17, Forward
1761456972699, 0.69, -5.56, -0.13, Forward
1761456972749, 0.68, -5.51, -0.13, Forward
1761456972796, 0.73, -5.31, -0.15, Forward
1761456972875, 0.91, -5.14, -0.13, Forward
1761456972922, 1.06, -5.03, -0.11, Forward
1761456972968, 1.23, -4.86, -0.10, Forward
1761456973017, 1.05, -4.83, -0.09, Forward
1761456973068, 0.80, -5.14, -0.01, Forward
1761456973135, 0.74, -5.14, -0.06, Forward
1761456973181, 0.71, -5.31, -0.06, Forward
1761456973228, 0.65, -5.31, -0.11, Forward
1761456973271, 0.68, -5.41, -0.10, Forward
1761456973318, 0.73, -5.57, -0.08, Forward
1761456973404, 0.71, -5.59, -0.09, Forward
1761456973451, 0.69, -5.58, -0.09, Forward
1761456973499, 0.64, -5.66, -0.07, Forward
1761456973549, 0.66, -5.66, -0.09, Forward
1761456973600, 0.71, -5.47, -0.14, Forward
1761456973683, 0.93, -5.38, -0.13, Forward
1761456973732, 1.13, -5.15, -0.17, Forward
1761456973783, 1.25, -5.15, -0.19, Forward
1761456973834, 1.34, -5.18, -0.21, Forward
1761456973883, 1.39, -5.31, -0.21, Forward
1761456973936, 1.44, -5.29, -0.20, Forward
1761456973984, 1.51, -5.32, -0.24, Forward
1761456974034, 1.58, -5.37, -0.29, Forward
1761456974083, 1.58, -5.18, -0.30, Forward
1761456974134, 1.57, -5.18, -0.31, Forward
1761456974204, 1.34, -5.39, -0.32, Forward
1761456974248, 1.10, -5.56, -0.31, Forward
1761456974299, 0.95, -5.69, -0.28, Forward
1761456974349, 0.83, -5.48, -0.25, Forward
1761456974397, 0.82, -5.39, -0.19, Forward
1761456974476, 0.69, -5.52, -0.12, Forward
1761456974520, 0.61, -5.60, -0.04, Forward
1761456974564, 0.47, -5.64, 0.04, Forward
1761456974611, 0.50, -5.74, 0.05, Forward
1761456974654, 0.54, -5.73, 0.07, Forward
1761456974734, 0.44, -5.47, 0.04, Forward
1761456974781, 0.37, -5.51, 0.03, Forward
1761456974827, 0.43, -5.45, 0.01, Forward
1761456974872, 0.39, -5.62, -0.02, Forward
1761456974917, 0.14, -5.65, -0.03, Forward
1761456975005, 0.01, -5.76, -0.01, Forward
1761456975055, -0.16, -5.80, 0.05, Forward
1761456975103, -0.28, -5.91, 0.09, Forward
1761456975148, -0.32, -6.01, 0.21, Forward
1761456975197, -0.34, -5.98, 0.31, Forward
1761456975276, -0.34, -6.20, 0.45, Forward
1761456975321, -0.33, -6.09, 0.55, Forward
1761456975366, -0.46, -6.14, 0.65, Forward
1761456975415, -0.49, -6.00, 0.68, Forward
1761456975459, -0.48, -5.84, 0.66, Forward
1761456975533, -0.43, -5.37, 0.53, Forward
1761456975577, -0.54, -4.95, 0.35, Forward
1761456975620, -0.66, -4.48, 0.20, Forward
1761456975664, -0.95, -4.12, 0.03, Forward
1761456975713, -1.41, -3.85, -0.15, Forward
1761456975803, -1.89, -3.36, -0.34, Forward
1761456975848, -2.51, -2.90, -0.55, Forward
1761456975896, -3.10, -2.39, -0.75, Forward
1761456975941, -3.65, -2.10, -0.82, Forward
1761456975985, -4.54, -1.63, -0.92, Forward
1761456976076, -5.26, -1.33, -0.95, Forward
1761456976119, -5.83, -0.98, -0.96, Forward
1761456976165, -6.40, -0.85, -0.99, Forward
1761456976212, -7.04, -0.57, -0.97, Forward
1761456976256, -7.54, -0.32, -0.97, Forward
1761456976334, -7.87, -0.09, -1.00, Forward
1761456976381, -8.00, -0.06, -1.02, Forward
1761456976429, -8.16, 0.09, -1.04, Forward
1761456976477, -8.36, 0.35, -1.13, Forward
1761456976524, -7.74, 0.32, -1.19, Forward
1761456976606, -7.52, 0.09, -1.25, Forward
1761456976650, -7.33, -0.14, -1.35, Forward
1761456976698, -7.15, -0.16, -1.44, Forward
1761456976743, -6.77, -0.24, -1.64, Forward
1761456976790, -6.43, -0.25, -1.80, Forward
1761456976877, -6.01, -0.34, -2.00, Forward
1761456976921, -5.59, -0.36, -2.14, Forward
1761456976963, -5.26, -0.45, -2.30, Forward
1761456977010, -5.00, -0.51, -2.47, Forward
1761456977053, -5.11, -0.69, -2.60, Forward
1761456977133, -4.95, -0.61, -2.79, Forward
1761456977181, -4.78, -0.61, -2.94, Forward
1761456977230, -4.55, -0.49, -3.09, Forward
1761456977281, -4.47, -0.57, -3.17, Forward
1761456977324, -4.13, -0.69, -3.19, Forward
1761456977403, -4.11, -1.07, -3.08, Forward
1761456977447, -4.19, -1.22, -3.01, Forward
1761456977496, -4.17, -1.52, -2.91, Forward
1761456977552, -3.98, -1.75, -2.81, Forward
1761456977604, -3.91, -1.73, -2.69, Forward
1761456977684, -3.84, -1.85, -2.58, Forward
1761456977732, -3.80, -1.82, -2.48, Forward
1761456977780, -3.78, -1.90, -2.37, Forward
1761456977824, -3.72, -1.96, -2.23, Forward
1761456977869, -3.87, -2.00, -2.15, Forward
1761456977936, -3.87, -1.89, -2.13, Forward
1761456977985, -3.88, -1.89, -2.10, Forward
1761456978031, -3.87, -1.77, -2.09, Forward
1761456978076, -3.94, -1.74, -2.08, Forward
1761456978121, -4.01, -1.84, -2.09, Forward
1761456978204, -3.81, -1.89, -2.03, Forward
1761456978250, -3.70, -1.92, -1.97, Forward
1761456978296, -3.60, -1.96, -1.92, Forward
1761456978346, -3.51, -1.86, -1.88, Forward
1761456978393, -3.43, -1.76, -1.85, Forward
1761456978475, -3.30, -1.68, -1.82, Forward
1761456978520, -3.21, -1.67, -1.80, Forward
1761456978564, -3.11, -1.65, -1.78, Forward
1761456978610, -2.97, -1.77, -1.73, Forward
1761456978655, -2.80, -1.69, -1.68, Forward
1761456978736, -2.91, -1.54, -1.71, Forward
1761456978780, -2.95, -1.44, -1.73, Forward
1761456978827, -3.01, -1.53, -1.73, Forward
1761456978871, -3.03, -1.48, -1.75, Forward
1761456978915, -2.96, -1.63, -1.76, Forward
1761456979003, -2.88, -1.76, -1.74, Forward
1761456979048, -2.88, -1.76, -1.72, Forward
1761456979096, -2.87, -1.80, -1.68, Forward
1761456979141, -2.88, -1.73, -1.71, Forward
1761456979186, -2.88, -1.89, -1.72, Forward
1761456979278, -2.97, -2.19, -1.70, Forward
1761456979325, -2.90, -2.47, -1.67, Forward
1761456979369, -2.81, -2.55, -1.65, Forward
1761456979415, -2.71, -2.65, -1.65, Forward
1761456979463, -2.66, -2.55, -1.67, Forward
1761456979536, -2.76, -2.63, -1.70, Forward
1761456979581, -2.74, -2.81, -1.71, Forward
1761456979632, -2.74, -2.96, -1.73, Forward
1761456979680, -2.75, -3.11, -1.71, Forward
1761456979727, -2.78, -3.05, -1.71, Forward
1761456979803, -2.61, -2.76, -1.74, Forward
1761456979846, -2.44, -2.75, -1.76, Forward
1761456979895, -2.38, -2.54, -1.82, Forward
1761456979943, -2.44, -2.53, -1.83, Forward
1761456979986, -2.42, -2.47, -1.87, Forward
1761456980076, -2.22, -2.32, -1.89, Forward
1761456980119, -2.08, -2.14, -1.89, Forward
1761456980164, -1.94, -2.00, -1.90, Forward
1761456980215, -1.91, -1.72, -1.96, Forward
1761456980263, -1.88, -1.45, -2.00, Forward
1761456980334, -1.86, -1.58, -2.02, Forward
1761456980378, -1.93, -1.50, -2.06, Forward
1761456980425, -1.92, -1.64, -2.05, Forward
1761456980468, -1.83, -1.54, -2.08, Forward
1761456980513, -1.82, -1.60, -2.08, Forward
1761456980604, -1.89, -1.72, -2.07, Forward
1761456980651, -1.91, -1.91, -2.10, Forward
1761456980697, -1.94, -1.99, -2.11, Forward
1761456980742, -1.84, -2.20, -2.09, Forward
1761456980787, -1.69, -2.42, -2.10, Forward
1761456980876, -1.64, -2.31, -2.10, Forward
1761456980921, -1.62, -2.31, -2.11, Forward
1761456980966, -1.55, -2.17, -2.11, Forward
1761456981011, -1.49, -2.29, -2.09, Forward
1761456981054, -1.50, -2.45, -2.08, Forward
1761456981134, -1.47, -2.41, -2.09, Forward
1761456981179, -1.44, -2.29, -2.11, Forward
1761456981231, -1.42, -2.21, -2.14, Forward
1761456981279, -1.25, -2.12, -2.16, Forward
1761456981328, -1.24, -2.04, -2.18, Forward
1761456981404, -1.20, -2.23, -2.12, Forward
1761456981449, -1.26, -2.26, -2.07, Forward
1761456981495, -1.33, -2.43, -2.01, Forward
1761456981543, -1.26, -2.25, -2.02, Forward
1761456981586, -1.18, -2.23, -2.00, Forward
1761456981663, -1.12, -2.06, -2.00, Forward
1761456981706, -1.08, -2.05, -1.96, Forward
1761456981753, -1.01, -1.99, -1.94, Forward
1761456981803, -1.11, -2.00, -1.90, Forward
1761456981851, -1.12, -2.03, -1.88, Forward
1761456981939, -1.19, -1.89, -1.94, Forward
1761456981985, -1.10, -1.81, -1.98, Forward
1761456982033, -1.02, -1.73, -2.02, Forward
1761456982079, -1.09, -1.92, -2.00, Forward
1761456982125, -1.14, -1.82, -2.03, Forward
1761456982203, -1.14, -1.97, -1.98, Forward
1761456982250, -1.12, -1.99, -1.96, Forward
1761456982299, -1.12, -2.07, -1.93, Forward
1761456982347, -1.15, -2.28, -1.86, Forward
1761456982396, -1.16, -2.60, -1.76, Forward
1761456982462, -0.85, -2.61, -1.68, Forward
1761456982509, -0.63, -2.57, -1.61, Forward
1761456982550, -0.44, -2.56, -1.52, Forward
1761456982597, -0.27, -2.57, -1.46, Forward
1761456982645, -0.26, -2.71, -1.40, Forward
1761456982736, -0.22, -2.76, -1.43, Forward
1761456982779, -0.05, -2.78, -1.45, Forward
1761456982829, 0.10, -2.83, -1.47, Forward
1761456982879, 0.15, -2.80, -1.47, Forward
1761456982923, 0.24, -2.67, -1.50, Forward
1761456983003, -0.08, -2.83, -1.49, Forward
1761456983050, -0.34, -3.00, -1.50, Forward
1761456983097, -0.47, -3.13, -1.52, Forward
1761456983144, -0.67, -3.17, -1.54, Forward
1761456983189, -0.69, -3.07, -1.53, Forward
1761456983262, -0.76, -3.08, -1.50, Forward
1761456983310, -0.91, -3.18, -1.47, Forward
1761456983357, -1.05, -3.27, -1.43, Forward
1761456983403, -1.03, -3.22, -1.47, Forward
1761456983450, -0.82, -2.92, -1.50, Forward
1761456983534, -0.67, -2.88, -1.52, Forward
1761456983578, -0.65, -2.99, -1.53, Forward
1761456983626, -0.73, -3.10, -1.55, Forward
1761456983673, -0.81, -3.30, -1.55, Forward
1761456983717, -0.76, -3.38, -1.59, Forward
1761456983812, -0.71, -3.43, -1.59, Forward
1761456983862, -0.75, -3.37, -1.62, Forward
1761456983912, -0.67, -3.14, -1.68, Forward
1761456983962, -0.39, -3.01, -1.69, Forward
1761456984011, -0.42, -3.07, -1.69, Forward
1761456984064, -0.44, -3.01, -1.66, Forward
1761456984112, -0.40, -2.74, -1.67, Forward
1761456984161, -0.36, -2.48, -1.68, Forward
1761456984206, -0.30, -2.17, -1.71, Forward
1761456984252, -0.39, -2.04, -1.70, Forward
1761456984336, -0.46, -2.07, -1.66, Forward
1761456984382, -0.46, -1.96, -1.63, Forward
1761456984429, -0.61, -2.19, -1.55, Forward
1761456984479, -0.66, -2.09, -1.56, Forward
1761456984528, -0.63, -2.03, -1.54, Forward
1761456984603, -0.68, -2.09, -1.57, Forward
1761456984649, -0.66, -2.24, -1.57, Forward
1761456984696, -0.64, -2.38, -1.57, Forward
1761456984749, -0.66, -2.45, -1.56, Forward
1761456984798, -0.55, -2.44, -1.55, Forward
1761456984862, -0.47, -2.26, -1.58, Forward
1761456984907, -0.39, -2.26, -1.59, Forward
1761456984950, -0.29, -2.08, -1.62, Forward
1761456984996, -0.47, -2.14, -1.62, Forward
1761456985050, -0.67, -2.19, -1.65, Forward
1761456985133, -0.45, -2.06, -1.68, Forward
1761456985179, -0.36, -1.82, -1.71, Forward
1761456985229, -0.26, -1.59, -1.74, Forward
1761456985278, -0.23, -1.54, -1.77, Forward
1761456985325, -0.17, -1.31, -1.83, Forward
1761456985403, -0.23, -1.43, -1.84, Forward
1761456985448, -0.31, -1.58, -1.85, Forward
1761456985495, -0.38, -1.74, -1.86, Forward
1761456985542, -0.52, -1.75, -1.87, Forward
1761456985590, -0.51, -1.81, -1.88, Forward
1761456985665, -0.83, -1.90, -1.90, Forward
1761456985710, -0.92, -2.06, -1.93, Forward
1761456985756, -0.99, -2.23, -1.96, Forward
1761456985800, -0.92, -2.34, -1.99, Forward
1761456985844, -0.93, -2.50, -2.00, Forward
1761456985934, -0.67, -2.35, -2.02, Forward
1761456985978, -0.39, -2.22, -2.04, Forward
1761456986026, -0.12, -2.04, -2.05, Forward
1761456986069, -0.00, -2.08, -2.05, Forward
1761456986118, 0.00, -2.11, -2.00, Forward
1761456986205, 0.14, -2.20, -1.96, Forward
1761456986252, 0.16, -2.15, -1.91, Forward
1761456986297, 0.18, -1.92, -1.89, Forward
1761456986344, 0.30, -2.00, -1.77, Forward
1761456986387, 0.31, -2.11, -1.68, Forward
1761456986461, 0.04, -1.88, -1.54, Forward
1761456986507, -0.24, -1.64, -1.38, Forward
1761456986552, -0.50, -1.44, -1.24, Forward
1761456986600, -0.55, -1.17, -1.11, Forward
1761456986645, -0.33, -0.74, -1.13, Forward
1761456986733, -0.10, -0.15, -1.13, Forward
1761456986778, 0.15, 0.11, -1.15, Forward
1761456986828, 0.37, 0.17, -1.12, Forward
1761456986878, 0.45, 0.89, -1.27, Forward
1761456986928, 0.60, 1.10, -1.30, Forward
1761456987003, 0.88, 1.13, -1.57, Forward
1761456987049, 1.19, 1.05, -1.84, Forward
1761456987096, 1.47, 0.80, -2.04, Forward
1761456987146, 1.76, 0.71, -2.32, Forward
1761456987195, 1.78, 0.55, -2.49, Forward
1761456987261, 1.73, 0.16, -2.67, Forward
1761456987306, 1.65, 0.27, -2.85, Forward
1761456987349, 1.60, 0.20, -3.04, Forward
1761456987395, 1.58, -0.15, -3.14, Forward
1761456987446, 1.68, 0.21, -3.34, Forward
1761456987533, 1.99, 0.03, -3.31, Forward
1761456987580, 2.23, 0.24, -3.33, Forward
1761456987629, 2.47, 0.55, -3.42, Forward
1761456987675, 2.55, 0.36, -3.31, Forward
1761456987722, 2.64, 0.03, -3.16, Forward
1761456987803, 2.69, -0.31, -3.03, Forward
1761456987849, 2.84, -0.62, -2.92, Forward
1761456987895, 2.95, -0.70, -2.81, Forward
1761456987941, 3.04, -0.93, -2.70, Forward
1761456987985, 2.94, -1.39, -2.59, Forward
1761456988065, 2.61, -1.90, -2.45, Forward
1761456988111, 2.24, -2.55, -2.27, Forward
1761456988160, 1.88, -3.06, -2.08, Forward
1761456988206, 1.68, -3.20, -2.01, Forward
1761456988249, 1.48, -3.16, -1.93, Forward
1761456988334, 1.49, -2.93, -1.79, Forward
1761456988379, 1.42, -2.93, -1.63, Forward
1761456988427, 1.37, -2.99, -1.47, Forward
1761456988477, 1.56, -3.22, -1.26, Forward
1761456988527, 1.77, -3.72, -1.00, Forward
1761456988604, 1.80, -3.59, -0.87, Forward
1761456988650, 1.88, -3.53, -0.77, Forward
1761456988696, 2.00, -3.58, -0.65, Forward
1761456988744, 2.11, -3.56, -0.56, Forward
1761456988791, 2.18, -3.86, -0.46, Forward
1761456988863, 1.99, -4.29, -0.39, Forward
1761456988909, 1.80, -4.61, -0.34, Forward
1761456988956, 1.68, -5.06, -0.28, Forward
1761456989002, 1.30, -5.11, -0.28, Forward
1761456989047, 1.02, -5.15, -0.27, Forward
1761456989132, 0.83, -5.43, -0.23, Forward
1761456989178, 0.75, -5.67, -0.15, Forward
1761456989228, 0.63, -5.85, -0.10, Forward
1761456989275, 0.57, -6.21, 0.01, Forward
1761456989324, 0.59, -6.22, 0.10, Forward
1761456989404, 0.79, -6.06, 0.20, Forward
1761456989449, 1.02, -6.10, 0.35, Forward
1761456989495, 1.19, -6.05, 0.50, Forward
1761456989540, 1.16, -6.86, 0.59, Forward
1761456989587, 1.04, -7.38, 0.64, Forward
1761456989660, 0.92, -7.77, 0.58, Forward
1761456989706, 0.76, -8.26, 0.53, Forward
1761456989750, 0.60, -8.58, 0.45, Forward
1761456989796, 0.38, -9.03, 0.39, Forward
1761456989844, -0.01, -6.50, 0.25, Forward
1761456989937, -0.22, -3.32, 0.18, Forward
1761456989986, -0.54, 0.00, 0.07, Forward
1761456990030, -0.92, 3.37, -0.02, Forward
1761456990077, -0.68, 5.40, -0.06, Forward
1761456990126, -0.53, 7.57, -0.11, Forward
1761456990204, -0.38, 7.52, 0.01, Forward
1761456990250, -0.33, 7.44, 0.13, Forward
1761456990297, -0.30, 7.19, 0.30, Forward
1761456990343, -0.03, 6.70, 0.54, Forward
1761456990388, 0.14, 2.89, 0.85, Forward
1761456990460, 0.24, -1.51, 1.10, Forward
1761456990503, 0.38, -6.25, 1.38, Forward
1761456990548, 0.58, -10.91, 1.63, Left
1761456990597, 0.44, -13.43, 1.89, Left
1761456990645, 0.56, -16.08, 2.24, Left
1761456990733, 0.38, -16.57, 2.49, Left
1761456990778, 0.28, -16.95, 2.72, Left
1761456990827, 0.19, -17.33, 2.94, Left
1761456990874, -0.24, -17.30, 2.99, Left
1761456990916, -0.42, -17.08, 3.07, Left
1761456991003, -0.76, -16.99, 3.08, Left
1761456991048, -1.09, -16.60, 3.09, Left
1761456991095, -1.41, -16.38, 3.08, Left
1761456991143, -1.64, -16.10, 3.09, Left
1761456991193, -1.97, -15.89, 3.00, Left
1761456991260, -1.73, -15.56, 2.93, Left
1761456991304, -1.48, -15.19, 2.87, Left
1761456991349, -1.26, -14.83, 2.82, Left
1761456991394, -0.93, -14.47, 2.82, Left
1761456991445, -0.85, -14.42, 2.76, Left
1761456991493, -0.78, -14.37, 2.77, Left
1761456991542, -0.56, -14.10, 2.71, Left
1761456991587, -0.48, -13.98, 2.66, Left
1761456991633, -0.59, -13.97, 2.58, Left
1761456991682, -0.59, -14.01, 2.48, Left
1761456991789, -0.93, -14.28, 2.40, Left
1761456991833, -1.29, -14.61, 2.32, Left
1761456991878, -1.62, -14.92, 2.24, Left
1761456991933, -1.58, -14.82, 2.16, Left
1761456991978, -1.37, -14.54, 2.08, Left
1761456992061, -1.22, -14.38, 2.03, Left
1761456992110, -1.34, -14.65, 1.99, Left
1761456992160, -1.23, -14.80, 2.04, Left
1761456992210, -1.05, -14.75, 2.11, Left
1761456992332, -1.20, -14.95, 2.20, Left
1761456992377, -1.23, -15.05, 2.30, Left
1761456992460, -1.22, -14.99, 2.41, Left
1761456992509, -1.22, -14.95, 2.49, Left
1761456992556, -1.55, -15.31, 2.58, Left
1761456992600, -1.88, -15.77, 2.67, Left
1761456992731, -1.92, -15.86, 2.70, Left
1761456992775, -1.72, -15.76, 2.80, Left
1761456992861, -1.85, -15.65, 2.79, Left
1761456992913, -1.96, -15.80, 2.78, Left
1761456992962, -1.88, -15.62, 2.77, Left
1761456993014, -1.84, -15.46, 2.67, Left
1761456993131, -1.91, -15.33, 2.49, Left
1761456993176, -1.94, -15.16, 2.35, Left
1761456993260, -2.17, -14.79, 2.13, Left
1761456993304, -2.35, -14.25, 1.93, Left
1761456993348, -2.74, -14.10, 1.77, Left
1761456993395, -3.06, -13.51, 1.44, Left
1761456993531, -3.44, -12.73, 1.10, Left
1761456993576, -3.90, -12.08, 0.78, Left
1761456993661, -4.14, -10.99, 0.35, Left
1761456993709, -4.39, -10.04, -0.00, Left
1761456993760, -4.68, -9.20, -0.32, Forward
1761456993809, -4.97, -8.12, -0.61, Forward
1761456993931, -4.98, -7.06, -0.83, Forward
1761456993976, -5.05, -5.96, -1.03, Forward
1761456994063, -5.11, -4.69, -1.20, Forward
1761456994110, -5.34, -3.82, -1.27, Forward
1761456994159, -5.28, -3.14, -1.26, Forward
1761456994202, -5.25, -2.19, -1.28, Forward
1761456994331, -5.47, -1.89, -1.22, Forward
1761456994379, -5.52, -1.42, -1.16, Forward
1761456994462, -5.60, -0.92, -1.12, Forward
1761456994509, -5.77, -0.72, -1.12, Forward
1761456994556, -6.05, -0.64, -1.10, Forward
1761456994602, -6.25, -0.46, -1.12, Forward
1761456994732, -6.73, -0.38, -1.14, Forward
1761456994776, -7.17, -0.50, -1.11, Forward
1761456994862, -7.69, -0.42, -1.16, Forward
1761456994908, -8.29, -0.33, -1.23, Forward
1761456994954, -8.70, -0.15, -1.23, Forward
1761456994996, -9.28, 0.03, -1.24, Forward
1761456995131, -9.61, 0.12, -1.27, Forward
1761456995176, -9.83, 0.29, -1.29, Forward
1761456995262, -9.71, 0.48, -1.50, Forward
1761456995310, -9.64, 0.53, -1.67, Forward
1761456995359, -9.34, 0.54, -1.87, Forward
1761456995405, -8.73, 1.03, -2.07, Forward
1761456995531, -8.08, 1.63, -1.91, Forward
1761456995576, -7.54, 1.95, -1.72, Forward
1761456995662, -7.02, 2.28, -1.31, Forward
1761456995709, -6.40, 2.53, -0.92, Forward
1761456995755, -5.97, 2.77, -0.47, Forward
1761456995797, -5.50, 2.67, -0.01, Forward
1761456995931, -5.44, 2.72, 0.49, Forward
1761456995977, -5.37, 2.71, 0.96, Forward
1761456996063, -6.29, 2.82, 1.33, Forward
1761456996109, -7.50, 2.48, 1.71, Forward
1761456996158, -8.70, 1.93, 1.80, Forward
1761456996204, -9.16, 1.58, 1.84, Forward
1761456996331, -10.02, 1.40, 1.60, Down
1761456996377, -10.85, 1.15, 1.40, Down
1761456996464, -11.93, 0.62, 1.13, Down
1761456996510, -13.28, 0.23, 0.85, Down
1761456996559, -14.48, -0.37, 0.71, Down
1761456996610, -15.12, -0.78, 0.50, Down
1761456996731, -14.67, -1.48, 0.26, Down
1761456996776, -14.32, -1.68, -0.02, Down
1761456996869, -13.60, -2.51, -0.24, Down
1761456996919, -13.34, -3.08, -0.54, Down
1761456996963, -12.74, -3.71, -0.79, Down
1761456997010, -11.56, -4.35, -0.87, Down
1761456997132, -10.30, -4.49, -0.78, Down
1761456997176, -8.79, -4.47, -0.71, Forward
1761456997262, -7.35, -4.26, -0.71, Forward
1761456997308, -6.65, -4.07, -0.62, Forward
1761456997353, -5.89, -3.74, -0.43, Forward
1761456997403, -5.13, -3.74, -0.33, Forward
1761456997534, -4.70, -3.27, -0.27, Forward
1761456997578, -4.50, -3.14, -0.13, Forward
1761456997667, -4.26, -3.01, 0.02, Forward
1761456997711, -4.88, -2.82, -0.02, Forward
1761456997757, -5.23, -2.76, -0.16, Forward
1761456997802, -5.58, -2.38, -0.36, Forward
1761456997931, -6.09, -2.31, -0.49, Forward
1761456997975, -6.32, -2.35, -0.65, Forward
1761456998060, -6.61, -2.27, -0.80, Forward
1761456998107, -7.04, -2.26, -0.83, Forward
1761456998151, -7.47, -2.17, -0.85, Forward
1761456998200, -7.58, -2.09, -0.87, Forward
1761456998331, -7.58, -1.87, -0.91, Forward
1761456998379, -7.39, -1.67, -0.91, Forward
1761456998461, -7.34, -1.45, -0.94, Forward
1761456998511, -7.24, -1.55, -0.91, Forward
1761456998558, -7.06, -1.51, -0.86, Forward
1761456998608, -6.96, -1.45, -0.81, Forward
1761456998732, -7.04, -1.50, -0.78, Forward
1761456998778, -6.96, -1.51, -0.77, Forward
1761456998861, -6.72, -1.47, -0.82, Forward
1761456998909, -6.56, -1.40, -0.82, Forward
1761456998957, -6.62, -1.49, -0.87, Forward
1761456999001, -6.63, -1.40, -0.89, Forward
1761456999134, -6.45, -1.45, -0.84, Forward
1761456999185, -6.36, -1.58, -0.76, Forward
1761456999266, -6.09, -1.47, -0.76, Forward
1761456999312, -5.78, -1.46, -0.70, Forward
1761456999358, -5.37, -1.39, -0.63, Forward
1761456999406, -5.08, -1.66, -0.47, Forward
1761456999531, -4.95, -2.00, -0.31, Forward
1761456999576, -4.74, -2.05, -0.19, Forward
1761456999664, -4.65, -2.37, -0.03, Forward
1761456999711, -4.47, -2.50, 0.06, Forward
1761456999760, -4.34, -2.54, 0.08, Forward
1761456999810, -4.35, -2.52, 0.02, Forward
1761456999932, -4.49, -2.84, -0.00, Forward
1761456999978, -4.65, -3.21, -0.04, Forward
1761457000067, -4.76, -3.43, -0.12, Forward
1761457000110, -4.77, -3.25, -0.30, Forward
1761457000159, -4.76, -2.98, -0.45, Forward
1761457000207, -4.78, -3.15, -0.50, Forward
1761457000331, -4.66, -2.81, -0.59, Forward
1761457000377, -4.64, -2.73, -0.62, Forward
1761457000467, -4.75, -2.94, -0.62, Forward
1761457000511, -4.62, -3.19, -0.54, Forward
1761457000558, -4.58, -3.52, -0.39, Forward
1761457000605, -4.14, -3.81, -0.24, Forward
1761457000732, -3.91, -3.00, -0.46, Forward
1761457000777, -3.89, -3.60, -0.47, Forward
1761457000864, -3.43, -3.61, -0.51, Forward
1761457000908, -2.87, -3.59, -0.62, Forward
1761457000957, -2.43, -3.93, -0.69, Forward
1761457001000, -2.09, -4.10, -0.70, Forward
1761457001133, -1.56, -3.78, -0.74, Forward
1761457001178, -1.14, -3.52, -0.78, Forward
1761457001269, -0.99, -3.25, -0.86, Forward
1761457001320, -1.07, -2.69, -0.93, Forward
1761457001364, -0.97, -3.34, -0.59, Forward
1761457001409, -0.88, -2.95, -0.41, Forward
1761457001535, -1.16, -3.17, -0.18, Forward
1761457001591, -1.53, -3.16, 0.03, Forward
1761457001665, -1.78, -2.70, 0.19, Forward
1761457001709, -2.01, -2.46, 0.27, Forward
1761457001757, -2.33, -2.64, 0.36, Forward
1761457001802, -2.49, -2.49, 0.43, Forward
1761457001932, -2.37, -2.59, 0.48, Forward
1761457001990, -2.42, -2.83, 0.50, Forward
1761457002070, -2.69, -2.99, 0.51, Forward
1761457002118, -2.64, -2.85, 0.45, Forward
1761457002167, -2.67, -2.60, 0.37, Forward
1761457002215, -2.66, -2.50, 0.25, Forward
1761457002331, -2.75, -2.67, 0.13, Forward
1761457002376, -2.87, -2.87, 0.02, Forward
1761457002427, -2.96, -2.87, -0.12, Forward
1761457002475, -3.26, -3.00, -0.21, Forward
1761457002523, -3.47, -2.65, -0.31, Forward
1761457002568, -3.69, -2.33, -0.41, Forward
1761457002617, -3.70, -2.20, -0.48, Forward
1761457002668, -3.77, -2.12, -0.51, Forward
1761457002715, -3.85, -2.19, -0.54, Forward
1761457002760, -4.02, -2.33, -0.51, Forward
1761457002861, -4.13, -2.46, -0.46, Forward
1761457002905, -4.15, -2.45, -0.40, Forward
1761457002989, -4.14, -2.60, -0.33, Forward
1761457003038, -4.05, -2.90, -0.26, Forward
1761457003083, -3.96, -3.27, -0.20, Forward
1761457003133, -3.99, -3.63, -0.16, Forward
1761457003267, -4.05, -3.67, -0.21, Forward
1761457003313, -4.16, -3.70, -0.26, Forward
1761457003388, -4.29, -3.79, -0.32, Forward
1761457003432, -4.36, -3.60, -0.37, Forward
1761457003478, -4.55, -3.52, -0.44, Forward
1761457003522, -4.67, -3.75, -0.53, Forward
1761457003662, -4.81, -3.69, -0.68, Forward
1761457003706, -5.08, -3.64, -0.81, Forward
1761457003789, -5.24, -3.38, -0.95, Forward
1761457003835, -5.32, -3.17, -1.05, Forward
1761457003884, -5.32, -3.19, -1.06, Forward
1761457003937, -5.40, -3.19, -1.11, Forward
1761457004071, -5.46, -2.97, -1.15, Forward
1761457004117, -5.59, -2.91, -1.22, Forward
1761457004189, -5.63, -2.89, -1.28, Forward
1761457004236, -5.74, -2.73, -1.32, Forward
1761457004282, -5.85, -2.71, -1.29, Forward
1761457004329, -5.86, -2.45, -1.29, Forward
1761457004464, -6.01, -2.55, -1.25, Forward
1761457004509, -6.12, -2.47, -1.23, Forward
1761457004588, -6.27, -2.19, -1.25, Forward
1761457004633, -6.38, -1.86, -1.29, Forward
1761457004681, -6.47, -1.66, -1.30, Forward
1761457004726, -6.72, -1.52, -1.28, Forward
1761457004864, -6.90, -1.34, -1.25, Forward
1761457004911, -7.02, -1.20, -1.19, Forward
1761457004989, -7.19, -1.07, -1.14, Forward
1761457005033, -7.31, -1.06, -1.09, Forward
1761457005085, -7.56, -0.81, -1.07, Forward
1761457005133, -7.62, -0.71, -1.04, Forward
1761457005260, -7.85, -0.73, -0.96, Forward
1761457005306, -8.00, -0.71, -0.88, Forward
1761457005389, -8.36, -0.72, -0.79, Forward
1761457005435, -8.54, -0.75, -0.71, Forward
1761457005482, -8.74, -0.83, -0.64, Forward
1761457005528, -8.74, -0.81, -0.55, Forward
1761457005664, -8.69, -1.04, -0.48, Forward
1761457005711, -8.74, -1.09, -0.42, Forward
1761457005790, -8.44, -1.39, -0.31, Forward
1761457005839, -8.45, -1.72, -0.22, Forward
1761457005887, -8.23, -1.91, -0.17, Forward
1761457005930, -7.86, -2.32, -0.11, Forward
1761457006065, -7.29, -2.57, -0.07, Forward
1761457006109, -6.71, -2.73, -0.06, Forward
1761457006189, -6.20, -2.83, -0.04, Forward
1761457006234, -5.97, -2.89, -0.08, Forward
1761457006280, -5.73, -2.70, -0.10, Forward
1761457006326, -5.38, -2.81, -0.10, Forward
1761457006463, -5.20, -2.75, -0.12, Forward
1761457006508, -4.95, -2.81, -0.10, Forward
1761457006589, -4.78, -2.96, -0.09, Forward
1761457006636, -4.85, -2.91, -0.08, Forward
1761457006684, -4.90, -2.94, -0.05, Forward
1761457006729, -4.84, -2.81, -0.01, Forward
1761457006863, -4.79, -2.93, -0.02, Forward
1761457006910, -4.72, -3.09, -0.03, Forward
1761457006988, -4.55, -3.12, -0.03, Forward
1761457007039, -4.52, -3.05, -0.07, Forward
1761457007085, -4.39, -2.95, -0.13, Forward
1761457007129, -4.38, -2.92, -0.16, Forward
1761457007261, -4.33, -2.97, -0.18, Forward
1761457007306, -4.24, -3.17, -0.21, Forward
1761457007388, -4.09, -3.00, -0.29, Forward
1761457007434, -4.03, -2.97, -0.37, Forward
1761457007480, -3.92, -2.71, -0.40, Forward
1761457007524, -3.72, -2.63, -0.42, Forward
1761457007661, -3.78, -2.85, -0.37, Forward
1761457007706, -3.76, -3.10, -0.33, Forward
1761457007789, -3.90, -3.08, -0.31, Forward
1761457007839, -3.90, -2.80, -0.36, Forward
1761457007887, -3.87, -2.56, -0.38, Forward
1761457007933, -3.88, -2.68, -0.38, Forward
1761457008061, -3.91, -2.83, -0.41, Forward
1761457008107, -3.95, -2.98, -0.43, Forward
1761457008189, -3.89, -3.27, -0.38, Forward
1761457008240, -3.93, -3.39, -0.35, Forward
1761457008291, -3.89, -3.24, -0.36, Forward
1761457008340, -3.95, -3.38, -0.30, Forward
1761457008461, -4.00, -3.50, -0.24, Forward
1761457008508, -4.06, -3.66, -0.17, Forward
1761457008589, -4.12, -4.10, -0.07, Forward
1761457008640, -4.15, -3.88, -0.04, Forward
1761457008689, -4.22, -4.00, 0.08, Forward
1761457008739, -4.23, -4.16, 0.23, Forward
1761457008860, -4.24, -4.11, 0.23, Forward
1761457008905, -4.25, -4.04, 0.22, Forward
1761457008989, -4.11, -4.02, 0.25, Forward
1761457009040, -3.90, -3.50, 0.18, Forward
1761457009088, -3.73, -3.32, 0.14, Forward
1761457009132, -3.60, -3.48, 0.14, Forward
1761457009262, -3.55, -3.35, 0.08, Forward
1761457009309, -3.50, -3.48, 0.07, Forward
1761457009390, -3.47, -3.39, -0.06, Forward
1761457009438, -3.53, -3.47, -0.18, Forward
1761457009488, -3.68, -3.58, -0.23, Forward
1761457009540, -3.82, -3.37, -0.34, Forward
1761457009660, -3.89, -3.55, -0.40, Forward
1761457009724, -4.02, -3.69, -0.41, Forward
1761457009794, -4.09, -4.13, -0.48, Forward
1761457009839, -4.10, -4.50, -0.50, Forward
1761457009888, -4.06, -4.84, -0.52, Forward
1761457009940, -3.76, -4.34, -0.69, Forward
1761457010060, -3.82, -4.15, -0.79, Forward
1761457010106, -3.97, -3.76, -0.92, Forward
1761457010189, -4.44, -3.00, -1.20, Forward
1761457010236, -5.02, -2.49, -1.40, Forward
1761457010279, -5.61, -1.84, -1.69, Forward
1761457010324, -7.06, -1.48, -1.92, Forward
1761457010460, -7.79, -1.65, -2.09, Forward
1761457010505, -8.97, -1.63, -2.47, Forward
1761457010590, -9.88, -1.16, -2.50, Forward
1761457010635, -11.16, -1.32, -2.37, Down
1761457010684, -11.82, -1.17, -2.21, Down
1761457010728, -12.64, -0.53, -2.26, Down
1761457010860, -12.50, -0.79, -2.22, Down
1761457010907, -11.97, -1.71, -2.22, Down
1761457010988, -11.70, -1.64, -1.96, Down
1761457011037, -10.75, -1.54, -1.79, Down
1761457011081, -10.70, -0.43, -1.55, Down
1761457011127, -9.78, 0.92, -1.30, Forward
1761457011260, -9.37, 2.76, -1.45, Forward
1761457011306, -9.01, 4.01, -1.59, Forward
1761457011389, -8.59, 5.36, -1.86, Forward
1761457011440, -7.93, 5.47, -1.72, Forward
1761457011489, -7.81, 5.66, -1.49, Forward
1761457011540, -7.45, 7.81, -1.66, Forward
1761457011661, -8.05, 9.22, -1.87, Forward
1761457011705, -8.49, 10.90, -2.02, Right
1761457011788, -8.66, 11.64, -2.34, Right
1761457011837, -9.16, 12.47, -2.53, Right
1761457011882, -9.45, 12.38, -2.66, Right
1761457011924, -9.77, 11.81, -2.75, Right
1761457012061, -10.38, 10.07, -2.66, Right
1761457012105, -10.93, 9.10, -2.80, Down
1761457012189, -11.69, 8.38, -2.96, Down
1761457012239, -12.83, 6.04, -2.63, Down
1761457012286, -12.88, 3.66, -2.54, Down
1761457012330, -12.58, 1.31, -2.48, Down
1761457012460, -12.39, -0.24, -2.36, Down
1761457012506, -12.36, -2.02, -2.25, Down
1761457012589, -11.98, -4.05, -2.10, Down
1761457012639, -11.39, -5.07, -2.05, Down
1761457012689, -10.84, -5.23, -2.03, Down
1761457012738, -10.27, -5.53, -1.97, Down
1761457012859, -9.55, -5.52, -1.98, Forward
1761457012905, -8.89, -5.33, -2.01, Forward
1761457012988, -8.26, -5.19, -1.99, Forward
1761457013040, -7.91, -5.33, -1.98, Forward
1761457013087, -7.50, -5.48, -1.94, Forward
1761457013131, -7.04, -5.37, -1.96, Forward
1761457013260, -6.75, -5.35, -1.95, Forward
1761457013305, -6.54, -5.27, -1.98, Forward
1761457013354, -6.21, -5.36, -1.96, Forward
1761457013403, -6.10, -5.25, -1.98, Forward
1761457013449, -5.98, -5.37, -1.93, Forward
1761457013522, -5.96, -5.43, -1.93, Forward
1761457013566, -5.92, -5.46, -1.97, Forward
1761457013610, -5.88, -5.48, -2.00, Forward
1761457013656, -5.94, -5.78, -2.02, Forward
1761457013706, -5.89, -6.35, -1.95, Forward
1761457013789, -5.85, -8.10, -2.05, Forward
1761457013841, -5.75, -10.24, -2.11, Left
1761457013888, -5.72, -12.16, -2.19, Left
1761457013931, -5.44, -14.76, -2.35, Left
1761457013977, -5.32, -17.33, -2.53, Left
1761457014043, -5.10, -18.89, -2.44, Left
1761457014089, -4.89, -20.62, -2.38, Left
1761457014136, -4.80, -22.33, -2.36, Left
1761457014183, -4.56, -23.77, -2.34, Left
1761457014226, -4.08, -23.07, -2.09, Left
1761457014316, -3.85, -20.90, -1.78, Left
1761457014360, -3.64, -18.56, -1.46, Left
1761457014405, -3.38, -16.17, -1.15, Left
1761457014450, -3.09, -13.39, -0.84, Left
1761457014493, -2.78, -10.55, -0.49, Left
1761457014588, -2.50, -8.74, -0.40, Forward
1761457014636, -2.22, -6.61, -0.32, Forward
1761457014683, -1.78, -4.54, -0.18, Forward
1761457014728, -1.31, -2.47, -0.02, Forward
1761457014774, -1.30, -2.50, -0.14, Forward
1761457014846, -1.17, -2.65, -0.17, Forward
1761457014894, -1.07, -2.63, -0.23, Forward
1761457014942, -0.97, -2.89, -0.23, Forward
1761457015002, -0.93, -2.75, -0.20, Forward
1761457015053, -0.89, -2.74, -0.13, Forward
1761457015119, -0.90, -2.85, -0.06, Forward
1761457015166, -0.86, -2.92, 0.01, Forward
1761457015209, -0.88, -3.18, 0.11, Forward
1761457015255, -0.97, -3.22, 0.13, Forward
1761457015305, -0.87, -3.26, 0.17, Forward
1761457015390, -0.80, -3.17, 0.15, Forward
1761457015437, -0.66, -3.22, 0.18, Forward
1761457015485, -0.63, -3.05, 0.14, Forward
1761457015533, -0.56, -3.18, 0.19, Forward
1761457015575, -0.53, -3.12, 0.18, Forward
1761457015643, -0.43, -2.56, 0.30, Forward
1761457015689, -0.41, -2.43, 0.49, Forward
1761457015739, -0.35, -1.85, 0.59, Forward
1761457015789, -0.30, -1.50, 0.72, Forward
1761457015837, -0.30, -1.40, 1.17, Forward
1761457015917, -0.36, -1.38, 1.80, Forward
1761457015962, -0.24, -0.73, 2.33, Forward
1761457016009, -0.09, -0.15, 2.89, Forward
1761457016056, 0.03, 0.42, 3.65, Forward
1761457016104, 0.38, 1.27, 4.35, Forward
1761457016189, 0.72, 1.02, 5.27, Forward
1761457016239, 1.07, 0.97, 6.25, Forward
1761457016288, 1.40, 0.89, 7.23, Forward
1761457016336, 1.60, 0.24, 8.51, Forward
1761457016383, 1.84, -0.22, 9.53, Forward
1761457016443, 2.30, -0.90, 10.61, Forward
1761457016492, 2.75, -1.99, 11.78, Forward
1761457016536, 3.20, -3.06, 12.95, Forward
1761457016581, 3.55, -4.17, 13.88, Forward
1761457016626, 3.76, -6.01, 15.07, Forward
1761457016718, 3.91, -6.98, 15.88, Forward
1761457016760, 4.15, -7.86, 16.62, Forward
1761457016807, 4.43, -8.85, 17.37, Forward
1761457016855, 4.70, -8.15, 17.68, Forward
1761457016903, 4.89, -7.49, 17.90, Forward
1761457016991, 5.01, -5.39, 17.83, Forward
1761457017040, 4.92, -3.67, 17.77, Forward
1761457017088, 4.68, -1.70, 17.65, Forward
1761457017137, 4.84, 0.46, 17.45, Forward
1761457017188, 4.96, 2.89, 17.03, Forward
1761457017245, 4.70, 5.18, 16.40, Forward
1761457017291, 4.64, 7.32, 15.73, Forward
1761457017337, 4.45, 9.54, 15.09, Forward
1761457017389, 4.47, 10.68, 14.56, Right
1761457017436, 4.41, 11.40, 13.98, Right
1761457017516, 4.36, 10.88, 13.35, Right
1761457017561, 4.32, 10.49, 12.72, Right
1761457017609, 4.48, 9.91, 12.12, Forward
1761457017657, 4.51, 8.87, 11.72, Forward
1761457017706, 4.52, 8.11, 11.31, Forward
1761457017789, 4.85, 7.62, 11.10, Forward
1761457017834, 4.85, 6.91, 10.96, Forward
1761457017881, 4.94, 6.28, 10.80, Forward
1761457017924, 4.90, 5.50, 10.62, Forward
1761457017972, 4.90, 5.58, 10.46, Forward
1761457018046, 4.86, 5.62, 10.35, Forward
1761457018093, 4.73, 5.92, 10.21, Forward
1761457018139, 4.45, 6.13, 10.08, Forward
1761457018188, 3.98, 6.72, 9.86, Forward
1761457018236, 3.62, 7.21, 9.55, Forward
1761457018316, 3.23, 7.51, 9.23, Forward
1761457018361, 2.94, 7.86, 8.90, Forward
1761457018406, 2.63, 8.20, 8.56, Forward
1761457018452, 2.74, 8.41, 8.32, Forward
1761457018496, 2.62, 8.18, 8.18, Forward
1761457018588, 2.45, 8.25, 8.08, Forward
1761457018634, 2.43, 7.92, 8.01, Forward
1761457018680, 2.46, 7.94, 7.90, Forward
1761457018725, 2.42, 7.91, 7.76, Forward
1761457018770, 2.31, 7.86, 7.72, Forward
1761457018843, 2.29, 7.64, 7.72, Forward
1761457018888, 2.22, 7.65, 7.69, Forward
1761457018941, 2.20, 7.50, 7.71, Forward
1761457018993, 1.80, 7.53, 7.67, Forward
1761457019043, 1.71, 7.63, 7.59, Forward
1761457019117, 1.64, 7.45, 7.54, Forward
1761457019160, 1.53, 7.46, 7.45, Forward
1761457019208, 1.44, 7.18, 7.41, Forward
1761457019255, 1.42, 7.05, 7.39, Forward
1761457019304, 1.40, 6.97, 7.37, Forward
1761457019389, 1.50, 6.60, 7.36, Forward
1761457019436, 1.60, 6.22, 7.33, Forward
1761457019481, 1.70, 5.83, 7.30, Forward
1761457019524, 1.82, 5.38, 7.24, Forward
1761457019569, 1.90, 5.07, 7.17, Forward
1761457019644, 1.94, 4.64, 7.04, Forward
1761457019690, 1.97, 4.50, 6.89, Forward
1761457019736, 2.02, 4.12, 6.74, Forward
1761457019786, 2.07, 3.65, 6.60, Forward
1761457019838, 2.01, 3.06, 6.42, Forward
1761457019916, 1.78, 3.01, 6.20, Forward
1761457019963, 1.50, 3.09, 5.95, Forward
1761457020008, 1.24, 3.20, 5.69, Forward
1761457020056, 1.02, 3.24, 5.49, Forward
1761457020102, 0.79, 3.13, 5.31, Forward
1761457020189, 0.74, 3.29, 5.22, Forward
1761457020237, 0.57, 3.17, 5.16, Forward
1761457020286, 0.41, 3.28, 5.05, Forward
1761457020333, 0.15, 3.31, 4.95, Forward
1761457020379, -0.01, 3.42, 4.92, Forward
1761457020442, -0.14, 3.30, 4.89, Forward
1761457020487, -0.12, 3.19, 4.88, Forward
1761457020537, -0.13, 3.01, 4.86, Forward
1761457020589, -0.19, 3.02, 4.81, Forward
1761457020635, -0.46, 3.40, 4.68, Forward
1761457020716, -0.98, 6.07, 3.88, Forward
1761457020759, -1.11, 8.80, 3.13, Forward
1761457020803, -1.22, 11.47, 2.48, Right
1761457020852, -1.54, 15.84, 20.08, Right
1761457020896, -1.55, 21.32, 37.03, Right
1761457020990, -2.27, 28.00, 18.97, Right
1761457021036, -3.06, 29.32, 35.35, Right
1761457021084, -2.48, 35.45, 51.72, Right
1761457022048, -2.83, 36.15, 50.97, Right
1761457022092, -2.99, 36.96, 50.31, Right
1761457022136, -3.02, 35.18, 50.30, Right
1761457022186, -3.27, 33.40, 50.29, Right
1761457022236, -3.56, 30.62, 50.39, Right
1761457022316, -3.79, 26.18, 32.16, Right
1761457022362, -4.29, 20.40, 14.58, Right
1761457022411, -4.05, 13.49, 32.01, Right
1761457022455, -3.72, 11.91, 14.99, Right
1761457022502, -4.76, 5.46, -2.02, Forward
1761457022591, -4.85, 4.81, -2.01, Forward
1761457022636, -4.99, 3.31, -1.91, Forward
1761457022685, -5.12, 1.99, -1.84, Forward
1761457022735, -4.97, 1.19, -1.86, Forward
1761457022785, -5.07, 1.31, -2.11, Forward
1761457022844, -4.94, 1.18, -2.17, Forward
1761457022890, -4.82, 1.22, -2.25, Forward
1761457022936, -4.71, 1.31, -2.32, Forward
1761457022986, -4.69, 1.31, -2.35, Forward
1761457023033, -4.73, 1.44, -2.37, Forward
1761457023117, -4.75, 1.35, -2.33, Forward
1761457023161, -4.81, 1.63, -2.33, Forward
1761457023205, -4.84, 1.93, -2.31, Forward
1761457023252, -5.17, 1.69, -2.24, Forward
1761457023301, -5.15, 1.91, -2.19, Forward
1761457023390, -4.79, 1.94, -2.52, Forward
1761457023437, -4.81, 2.42, -2.85, Forward
1761457023485, -4.82, 2.80, -3.20, Forward
1761457023535, -4.57, 3.19, -3.83, Forward
1761457023585, -4.32, 3.52, -4.43, Forward
1761457023644, -4.22, 3.48, -4.99, Forward
1761457023690, -3.87, 3.52, -5.57, Forward
1761457023737, -3.57, 3.51, -6.17, Forward
1761457023787, -3.30, 3.46, -6.75, Forward
1761457023835, -3.13, 2.94, -7.17, Forward
1761457023917, -3.19, 2.84, -7.31, Forward
1761457023961, -2.97, 2.24, -7.42, Forward
1761457024008, -2.68, 1.76, -7.52, Forward
1761457024054, -2.79, 1.37, -7.36, Forward
1761457024101, -2.81, 1.06, -7.22, Forward
1761457024186, -2.84, 0.73, -7.05, Forward
1761457024234, -2.90, 0.65, -6.93, Forward
1761457024279, -2.92, 0.42, -6.76, Forward
1761457024324, -3.03, 0.05, -6.61, Forward
1761457024369, -3.11, 0.14, -6.58, Forward
1761457024443, -3.29, -0.11, -6.55, Forward
1761457024497, -3.40, -0.23, -6.53, Forward
1761457024541, -3.52, -0.31, -6.50, Forward
1761457024585, -3.61, -0.55, -6.44, Forward
1761457024630, -3.66, -0.72, -6.42, Forward
1761457024714, -3.71, -0.72, -6.36, Forward
1761457024759, -3.87, -0.89, -6.31, Forward
1761457024804, -3.95, -1.08, -6.27, Forward
1761457024849, -3.91, -0.97, -6.20, Forward
1761457024892, -3.91, -1.18, -6.15, Forward
1761457024971, -3.97, -0.79, -6.09, Forward
1761457025014, -4.03, -0.31, -6.07, Forward
1761457025059, -4.04, 0.19, -6.09, Forward
1761457025105, -3.98, 0.77, -6.13, Forward
1761457025147, -3.81, 1.12, -6.14, Forward
1761457025243, -3.41, 0.95, -6.10, Forward
1761457025286, -3.12, 0.64, -6.02, Forward
1761457025331, -2.88, 0.57, -5.98, Forward
1761457025374, -2.53, -0.05, -5.83, Forward
1761457025418, -2.30, -0.56, -5.66, Forward
1761457025515, -1.24, 2.29, -6.15, Forward
1761457025558, -0.65, 5.35, -6.62, Forward
1761457025601, 0.09, 8.31, -7.05, Forward
1761457025649, 0.73, 11.23, -7.47, Right
1761457025692, 0.89, 17.40, 10.85, Right
1761457027117, -1.23, 12.79, 28.96, Right
1761457027161, -2.44, 12.68, 11.69, Right
1761457027204, -3.52, 11.34, 14.41, Right
1761457027289, -3.86, 16.69, -2.70, Right
1761457027371, -3.99, 18.06, 15.67, Right
1761457027413, -4.77, 17.17, 16.66, Right
1761457027457, -5.12, 16.10, 17.65, Right
1761457027499, -5.99, 15.13, 18.66, Right
1761457027546, -6.26, 13.42, 19.65, Right
1761457027643, -5.92, 8.42, 1.93, Forward
1761457027686, -3.75, 14.92, -15.68, Right
1761457027731, -2.37, 16.97, 2.09, Right
1761457027775, -0.69, 20.15, -0.12, Right
1761457027818, 0.00, 17.02, 17.44, Right
1761457027915, 0.44, 17.75, -0.52, Right
1761457027957, 0.73, 17.13, -0.46, Right
1761457028000, 1.07, 16.37, -0.40, Right
1761457028048, 1.71, 15.47, -0.34, Right
1761457028091, 1.68, 15.38, -0.25, Right
1761457028172, 1.44, 15.58, -0.18, Right
1761457028214, 1.63, 15.49, -0.17, Right
1761457028261, 1.77, 15.39, -0.16, Right
1761457028305, 1.50, 15.46, -0.18, Right
1761457028348, 1.51, 16.90, -0.55, Right
1761457028444, -0.30, 15.94, -17.06, Right
1761457028486, 0.84, 19.32, -17.25, Right
1761457028530, -0.44, 20.46, -34.18, Right
1761457030473, -2.27, 23.40, -50.60, Right
1761457030572, 2.27, 14.61, -42.47, Right
1761457030616, 3.50, 12.47, -41.42, Right
1761457030664, 4.62, 10.38, -40.31, Right
1761457030708, 5.60, 8.17, -39.19, Forward
1761457031542, 3.63, 6.49, -39.70, Forward
1761457031643, 4.33, 9.56, -21.81, Forward
1761457031686, 9.76, 14.35, 3.87, Right
1761457031729, 9.57, 15.56, 21.56, Right
1761457031773, 11.63, 16.87, 38.46, Right
1761457031816, 14.30, 16.47, 54.79, Right
1761457031916, 10.54, 26.13, 46.73, Right
1761457031959, 9.92, 28.88, 45.75, Right
1761457032003, 9.13, 31.72, 44.79, Right
1761457032063, 8.53, 34.65, 43.83, Right
1761457032114, 10.77, 36.48, 44.34, Right
1761457032172, 10.17, 32.15, 26.63, Right
1761457032217, 6.90, 28.72, 17.18, Right
1761457032262, 6.23, 24.56, -0.54, Right
1761457032306, 5.75, 22.49, -0.76, Right
1761457032353, 5.38, 20.44, -0.98, Right
1761457032444, 5.08, 20.35, -1.41, Right
1761457032486, 4.74, 20.28, -1.80, Right
1761457032529, 4.57, 20.27, -2.26, Right
1761457032573, 4.33, 20.50, -2.71, Right
1761457032616, 4.22, 20.99, -2.94, Right
1761457032715, 4.18, 21.67, -2.96, Right
1761457032758, 4.02, 21.93, -2.87, Right
1761457032800, 4.01, 22.32, -2.82, Right
1761457032845, 4.03, 22.66, -2.77, Right
1761457032888, 3.85, 23.05, -2.60, Right
1761457032971, 3.93, 23.26, -2.42, Right
1761457033013, 4.01, 23.52, -2.31, Right
1761457033057, 4.12, 23.65, -2.17, Right
1761457033101, 4.21, 23.60, -2.04, Right
1761457033144, 4.35, 23.91, -2.01, Right
1761457033244, 4.32, 24.57, -2.16, Right
1761457033285, 4.45, 25.42, -2.34, Right
1761457033330, 4.52, 26.23, -2.56, Right
1761457033373, 4.25, 28.47, 15.59, Right
1761457033420, 4.28, 30.78, -2.03, Right
1761457033516, 1.92, 28.23, 1.28, Right
1761457033559, -1.61, 31.39, -14.50, Right
1761457033602, -0.33, 35.09, -15.07, Right
1761457033646, -1.26, 33.10, -31.95, Right
1761457033690, 0.05, 36.48, -14.66, Right
1761457033772, -2.14, 33.37, -12.56, Right
1761457033815, -6.34, 28.19, -7.77, Right
1761457033863, -9.12, 20.86, -1.85, Right
1761457033908, -15.37, 8.03, -13.00, Down
1761457033952, -19.02, 1.75, -12.11, Down
1761457034044, -19.02, 1.75, -14.49, Down
1761457034088, -17.72, -3.91, 2.42, Down
1761457034131, -22.64, -15.56, 20.79, Left
1761457034178, -23.88, -16.07, 38.29, Left
1761457034222, -27.46, -22.08, 21.93, Left
1761457034316, -27.46, -22.08, 20.32, Left
1761457034358, -31.24, -25.33, 30.64, Left
1761457034402, -32.72, -22.46, 9.49, Left
1761457034446, -25.77, -9.01, 20.27, Down
1761457034490, -25.22, -11.60, 55.22, Left
1761457034572, -22.38, -6.36, 71.75, Down
1761457034616, -19.38, -1.17, 88.11, Down
1761457034662, -14.96, 2.49, 53.45, Down
1761457034710, -13.77, 2.13, 35.65, Down
1761457034759, -10.98, 7.52, 52.32, Down
1761457034842, -8.00, 12.90, 69.51, Right
1761457034886, 0.61, 23.66, 72.15, Right
1761457034929, 5.59, 30.36, 105.08, Right
1761457034974, 2.61, 23.66, 73.00, Right
1761457035017, 3.43, 27.81, 55.06, Right
1761457035116, -4.09, 29.31, 41.24, Right
1761457035159, -3.20, 30.29, 22.55, Right
1761457035204, -6.26, 32.14, 39.83, Right
1761457035247, -5.37, 38.26, 56.57, Right
1761457035290, -7.51, 37.54, 56.78, Right
1761457035371, -10.20, 37.67, 57.09, Right
1761457035414, -12.65, 37.98, 57.60, Right
1761457035458, -14.17, 38.56, 58.28, Right
1761457035502, -14.36, 35.58, 90.76, Right
1761457035547, -15.56, 30.73, 108.52, Right
1761457035643, -7.66, 30.25, 122.13, Right
1761457035687, -12.71, 19.14, 141.30, Right
1761457035730, -9.40, 25.40, 158.09, Right
1761457035774, -10.49, 17.75, 161.58, Right
1761457035818, -1.24, 17.94, 154.33, Right
1761457035899, 1.69, 19.01, 153.51, Right
1761457035947, -2.86, 8.72, 145.43, Forward
1761457035995, -3.88, 4.15, 110.01, Forward
1761457036043, -5.30, 5.16, 109.57, Forward
1761457036087, -5.46, 4.84, 108.26, Forward
1761457036171, -6.87, 4.29, 107.72, Forward
1761457036214, -3.51, 14.98, 106.46, Right
1761457036257, -4.62, 15.12, 106.43, Right
1761457036302, -6.45, 11.38, 120.89, Right
1761457036346, -13.21, 13.07, 127.47, Right
1761457036443, -16.18, 1.78, 114.78, Down
1761457036488, -12.91, 1.45, 123.06, Down
1761457036530, -9.87, 6.66, 157.32, Forward
1761457036576, -4.50, 16.93, 156.63, Right
1761457036620, -3.13, 22.10, 136.55, Right
1761457036699, -1.68, 22.98, 136.74, Right
1761457036745, -0.60, 23.92, 136.94, Right
1761457036790, 0.55, 24.19, 136.61, Right
1761457036833, -2.23, 21.51, 132.41, Right
1761457036876, -2.71, 21.28, 132.17, Right
1761457036971, -1.23, 31.24, 144.52, Right
1761457037014, 0.74, 41.55, 143.37, Right
1761457037775, -4.14, 30.21, 143.01, Right
1761457037819, -4.41, 29.85, 142.45, Right
1761457037863, -0.37, 36.00, 143.24, Right
1761457038045, -1.49, 35.43, 143.19, Right
1761457038089, -3.82, 27.03, 129.22, Right
1761457038133, -8.66, 14.80, 128.83, Right
1761457038221, -2.49, 29.12, 132.13, Right
1761457038299, -6.93, 17.33, 131.93, Right
1761457038384, -6.08, 18.17, 132.46, Right
1761457038428, -3.65, 19.30, 132.27, Right
1761457038474, 1.23, 30.75, 132.47, Right
1761457038571, -3.50, 28.88, 116.99, Right
1761457038659, -8.67, 17.66, 137.18, Right
1761457038702, -7.22, 18.34, 137.33, Right
1761457038746, -4.80, 26.61, 151.44, Right
1761457038844, -5.16, 26.70, 152.19, Right
1761457038888, -4.34, 27.28, 152.34, Right
1761457038931, 0.73, 39.33, 152.60, Right
1761457038980, 1.62, 39.70, 152.13, Right
1761457039023, -0.42, 32.83, 135.59, Right
1761457039103, -3.85, 27.17, 101.88, Right
1761457039148, -4.00, 21.23, 118.94, Right
1761457040068, -3.48, 21.61, 83.60, Right
1761457040171, -3.21, 21.20, 83.60, Right
1761457040214, -2.97, 21.02, 83.64, Right
1761457040261, 1.30, 20.47, 69.74, Right
1761457040306, -2.06, 13.86, 53.03, Right
1761457040350, -5.34, 7.29, 36.62, Forward
1761457040443, -8.82, 0.84, 18.63, Forward
1761457040486, -8.40, 7.49, 35.71, Forward
1761457040572, -5.93, 12.27, 70.16, Right
1761457040616, -5.72, 8.63, 70.14, Forward
1761457040699, -1.37, 19.54, 104.69, Right
1761457040742, -3.57, 13.08, 88.24, Right
1761457040786, -9.25, 0.86, 88.15, Forward
1761457040829, -13.37, 0.73, 101.73, Down
1761457040974, -13.38, 0.73, 101.63, Down
1761457041017, -15.14, -4.88, 118.47, Down
1761457041061, -16.74, -10.54, 137.33, Left
1761457041110, -15.49, -10.62, 137.07, Left
1761457041158, -18.03, -16.50, 119.74, Left
1761457041244, -16.63, -11.42, 101.75, Left
1761457041288, -17.81, -11.23, 102.34, Left
1761457041332, -19.24, -14.07, 85.96, Left
1761457041377, -16.39, -8.11, 69.15, Down
1761457041422, -21.69, -5.52, 62.61, Down
1761457041499, -21.68, -5.52, 63.08, Down
1761457041544, -21.30, -5.06, 63.21, Down
1761457041588, -19.70, 0.60, 45.85, Down
1761457041632, -22.94, -5.65, 29.10, Down
1761457041676, -22.93, -5.65, 27.82, Down
1761457041772, -22.93, -5.65, 27.78, Down
1761457041815, -25.49, -12.08, 9.39, Left
1761457041861, -25.74, -9.06, 25.44, Down
1761457041905, -26.42, -8.77, 25.68, Down
1761457041948, -15.94, -6.07, -0.58, Down
1761457042044, -18.02, -7.26, 16.84, Down
1761457042087, -17.03, -7.65, 16.98, Down
1761457042132, -17.04, -7.65, 17.18, Down
1761457042177, -18.58, -3.99, 17.01, Down
1761457042223, -18.59, -3.99, 18.51, Down
1761457042300, -15.65, 2.20, 35.67, Down
1761457042344, -17.24, -3.16, 53.91, Down
1761457042390, -15.19, -3.90, 54.36, Down
1761457042439, -13.05, 1.64, 71.40, Down
1761457042483, -17.68, 8.64, 70.97, Down
1761457042573, -15.63, 10.75, 35.55, Right
1761457042616, -16.63, 11.35, 35.34, Right
1761457042661, -13.23, 17.39, 50.98, Right
1761457042706, -8.45, 18.51, 67.15, Right
1761457042750, -6.44, 19.76, 67.25, Right
1761457042844, -6.59, 19.75, 67.46, Right
1761457042887, -4.08, 23.34, 53.09, Right
1761457042933, -9.69, 23.37, 35.05, Right
1761457042977, -12.68, 12.04, 35.05, Right
1761457043022, -9.13, 11.80, 68.69, Right
1761457043100, -6.45, 16.95, 103.67, Right
1761457043142, -11.87, 17.05, 99.47, Right
1761457043186, -15.38, 16.80, 68.23, Right
1761457043230, -19.97, 6.52, 69.20, Down
1761457043276, -22.50, 1.78, 86.55, Down
1761457045411, -18.99, -11.93, 75.22, Left
1761457045499, -16.92, -7.57, 72.80, Down
1761457045542, -10.39, -4.49, 90.67, Down
1761457045586, -6.61, 3.42, 73.75, Forward
1761457045629, -6.00, -0.01, 56.99, Forward
1761457045675, -5.73, -3.62, 39.99, Forward
1761457045772, 7.32, -6.32, 32.17, Forward
1761457045815, 13.65, -19.64, 52.71, Left
1761457045859, 21.37, -21.60, 42.10, Left
1761457045904, 24.93, -16.03, 24.21, Left
1761457045947, 21.72, -6.46, 18.25, Up
1761457046075, 22.14, -5.73, 17.32, Up
1761457046118, 19.06, -3.26, 0.82, Up
1761457046164, 20.37, 2.55, 16.97, Up
1761457046211, 20.41, 4.11, 16.23, Up
1761457046255, 17.25, 6.72, 0.48, Up
1761457046301, 12.70, 22.91, -21.70, Right
1761457046345, 13.06, 23.00, -19.78, Right
1761457046390, 5.53, 37.33, -40.95, Right
1761457046474, 3.61, 36.60, -58.04, Right
1761457046571, 1.81, 39.02, -75.47, Right
1761457046613, -3.46, 37.46, -91.72, Right
1761457046659, -0.69, 32.61, -74.48, Right
1761457046704, -11.73, 24.28, -108.37, Right
1761457046749, -15.27, 20.62, -125.24, Right
1761457046827, -13.10, 14.40, -126.95, Right
1761457046874, -15.13, 5.70, -127.26, Down
1761457046922, -19.04, 13.15, -133.03, Right
1761457046966, -17.97, 4.13, -136.07, Down
1761457047010, -17.00, 7.39, -119.06, Down
1761457047100, -15.64, 2.92, -100.39, Down
1761457047144, -11.12, 1.18, -83.14, Down
1761457047188, -12.18, 5.62, -84.54, Down
1761457047231, -4.34, 10.30, -67.83, Right
1761457047275, -2.82, 14.34, -32.46, Right
1761457047371, -3.28, 20.28, 2.37, Right
1761457047413, -0.86, 25.03, 18.60, Right
1761457047458, -1.47, 29.98, 16.32, Right
1761457047501, -0.88, 38.05, 16.33, Right
1761457047629, -0.56, 38.77, 14.54, Right
1761457047672, -0.99, 44.60, 11.49, Right
1761457047716, -1.74, 50.47, 8.83, Right
1761457047758, -1.19, 51.54, 6.99, Right
1761457047801, -0.14, 52.06, 24.67, Right
1761457047898, 1.99, 52.08, 5.18, Right
1761457047942, 3.99, 51.59, -13.96, Right
1761457047986, 5.33, 51.35, -14.33, Right
1761457048029, 5.60, 50.25, -13.88, Right
1761457048074, 7.51, 47.87, 3.31, Right
1761457048172, 6.89, 45.25, 4.96, Right
1761457048217, 6.69, 42.27, 6.48, Right
1761457048264, 6.64, 39.13, 8.37, Right
1761457048308, 5.88, 36.22, 10.17, Right
1761457048350, 5.38, 33.73, -7.25, Right
1761457048427, 3.66, 31.70, -6.14, Right
1761457048472, 1.41, 29.53, -4.88, Right
1761457048516, -0.50, 27.36, -3.72, Right
1761457048558, -1.75, 25.73, -3.53, Right
1761457048602, -2.65, 24.53, -3.29, Right
1761457048700, -3.60, 24.40, -2.90, Right
1761457048743, -4.54, 24.03, -2.27, Right
1761457048789, -5.30, 23.75, -1.65, Right
1761457048834, -5.55, 23.61, -1.20, Right
1761457048877, -5.76, 23.42, -0.68, Right
1761457048972, -7.19, 23.53, -0.15, Right
1761457049014, -8.87, 23.81, 0.49, Right
1761457049059, -10.76, 23.91, 1.15, Right
1761457049103, -12.65, 23.82, 2.07, Right
1761457049147, -14.63, 23.73, 2.86, Right
1761457049227, -16.72, 22.85, 3.51, Right
1761457049275, -15.17, 20.41, 5.11, Right
1761457049321, -13.65, 18.00, 6.69, Right
1761457049366, -12.16, 15.59, 8.20, Right
1761457049409, -14.80, 14.84, 8.85, Right
1761457049499, -16.11, 13.92, 9.27, Right
1761457049542, -17.03, 13.13, 9.65, Right
1761457049585, -18.00, 12.41, 9.96, Right
1761457049628, -18.56, 12.21, 10.07, Right
1761457049676, -19.40, 11.67, 10.17, Right
1761457049772, -19.54, 11.57, 10.23, Right
1761457049816, -23.57, 13.14, 9.06, Right
1761457049859, -27.66, 14.67, 7.91, Right
1761457049903, -31.71, 16.33, 6.81, Right
1761457049947, -32.06, 16.14, 6.62, Right
1761457050026, -32.26, 16.09, 6.37, Right
1761457050073, -32.44, 16.00, 6.07, Right
1761457050116, -32.62, 15.91, 5.82, Right
1761457050159, -32.79, 15.56, 5.54, Right
1761457050204, -34.69, 13.24, -12.78, Right
1761457050299, -34.69, 13.38, -13.11, Right
1761457050343, -34.67, 13.53, -13.36, Right
1761457050387, -34.76, 13.66, -13.64, Right
1761457050430, -34.72, 13.60, -13.74, Right
1761457050474, -34.59, 13.64, -13.81, Right
1761457050571, -34.68, 13.84, -13.80, Right
1761457050614, -34.67, 13.85, -13.81, Right
1761457050657, -34.67, 13.81, -13.83, Right
1761457050702, -34.52, 13.87, -13.84, Right
1761457050744, -32.78, 16.03, 4.22, Right
1761457050827, -32.43, 16.08, 4.30, Right
1761457050875, -32.41, 16.06, 4.31, Right
1761457050920, -31.89, 16.18, 4.37, Right
1761457050964, -31.63, 16.29, 4.37, Right
1761457051008, -27.53, 14.72, 3.77, Right
1761457051100, -27.69, 14.44, 3.61, Right
1761457051144, -28.21, 14.44, 3.47, Right
1761457051187, -28.62, 14.49, 3.31, Right
1761457051231, -28.91, 14.51, 3.14, Right
1761457051275, -29.07, 14.45, 2.94, Right
1761457051370, -29.49, 14.22, 2.70, Right
1761457051416, -29.54, 14.18, 2.54, Right
1761457051460, -29.86, 14.02, 2.34, Right
1761457051504, -30.22, 13.83, 2.25, Right
1761457051548, -34.36, 15.46, 2.68, Right
1761457051627, -34.06, 15.53, 2.71, Right
1761457051670, -33.43, 15.51, 2.76, Right
1761457051714, -32.94, 15.44, 2.86, Right
1761457051757, -32.71, 15.37, 2.91, Right
1761457051803, -32.38, 15.55, 2.92, Right
1761457051899, -32.24, 15.49, 2.91, Right
1761457051942, -32.18, 15.42, 2.90, Right
1761457051987, -32.21, 15.25, 2.87, Right
1761457052030, -32.30, 15.40, 2.74, Right
1761457052073, -32.39, 15.43, 2.65, Right
1761457052171, -32.40, 15.65, 2.61, Right
1761457052214, -32.35, 15.78, 2.55, Right
1761457052258, -32.19, 15.84, 2.46, Right
1761457052303, -32.27, 15.98, 2.40, Right
1761457052346, -32.50, 15.92, 2.36, Right
1761457052427, -32.59, 16.04, 2.46, Right
1761457052471, -32.56, 16.01, 2.56, Right
1761457052516, -32.54, 16.10, 2.67, Right
1761457052559, -32.28, 15.96, 2.83, Right
1761457052607, -32.28, 15.81, 2.96, Right
1761457052700, -32.29, 15.63, 3.00, Right
1761457052744, -32.26, 15.67, 3.07, Right
1761457052791, -32.39, 15.75, 3.14, Right
1761457052834, -32.26, 15.67, 3.29, Right
1761457052880, -32.11, 15.57, 3.49, Right
1761457052970, -32.00, 15.42, 3.69, Right
1761457053014, -31.67, 15.46, 3.91, Right
1761457053058, -31.30, 15.47, 4.17, Right
1761457053101, -30.68, 15.53, 4.34, Right
1761457053145, -30.35, 15.62, 4.54, Right
1761457053228, -30.28, 15.61, 4.83, Right
1761457053274, -30.28, 15.39, 5.17, Right
1761457053319, -31.56, 13.03, -12.42, Right
1761457053363, -31.48, 12.86, -12.13, Right
1761457053406, -30.98, 13.00, -11.83, Right
1761457053499, -30.65, 13.13, -11.56, Right
1761457053543, -30.48, 13.03, -11.35, Right
1761457053586, -30.31, 13.00, -11.22, Right
1761457053629, -30.39, 13.03, -10.98, Right
1761457053675, -30.18, 12.97, -10.69, Right
1761457053773, -29.89, 12.91, -10.34, Right
1761457053816, -29.54, 12.92, -9.99, Right
1761457053859, -27.79, 15.14, 8.23, Right
1761457053905, -27.44, 15.22, 8.57, Right
1761457053950, -27.78, 14.92, 8.89, Right
1761457054027, -24.18, 13.36, 11.31, Right
1761457054076, -24.32, 13.27, 11.73, Right
1761457054123, -24.32, 13.15, 12.16, Right
1761457054169, -24.20, 12.90, 12.49, Right
1761457054213, -22.45, 13.00, 12.60, Right
1761457054299, -20.43, 13.17, 12.57, Right
1761457054351, -18.61, 13.27, 12.51, Right
1761457054400, -16.71, 13.52, 12.52, Right
1761457054446, -16.01, 13.52, 12.65, Right
1761457054491, -14.04, 13.86, 12.75, Right
1761457054573, -17.45, 15.11, 10.72, Right
1761457054617, -16.27, 15.05, 10.64, Right
1761457054660, -14.81, 15.11, 10.56, Right
1761457054705, -14.89, 15.11, 10.56, Right
1761457054750, -16.51, 14.78, 10.66, Right
1761457054828, -14.74, 13.19, 11.58, Right
1761457054874, -16.23, 9.11, -7.06, Down
1761457054918, -18.32, 8.77, -6.99, Down
1761457054962, -19.04, 8.66, -7.10, Down
1761457055005, -20.88, 8.37, -7.19, Down
1761457055099, -17.42, 7.13, -6.53, Down
1761457055143, -19.22, 7.25, -6.55, Down
1761457055188, -17.21, 5.77, -4.51, Down
1761457055232, -18.05, 5.88, -4.54, Down
1761457055277, -18.80, 6.10, -4.51, Down
1761457055371, -23.07, 7.42, -5.29, Down
1761457055414, -23.97, 11.34, 13.50, Right
1761457055457, -24.44, 11.34, 13.52, Right
1761457055501, -25.14, 11.33, 13.53, Right
1761457055545, -25.70, 11.36, 13.59, Right
1761457055627, -30.06, 12.75, 12.83, Right
1761457055673, -30.19, 12.70, 12.85, Right
1761457055718, -34.54, 14.20, 10.84, Right
1761457055761, -34.70, 14.18, 10.91, Right
1761457055806, -35.04, 14.09, 10.84, Right
1761457055899, -35.48, 14.24, 10.87, Right
1761457055942, -35.96, 14.38, 10.98, Right
1761457055987, -36.49, 14.47, 11.11, Right
1761457056030, -37.31, 14.53, 11.20, Right
1761457056073, -38.08, 14.58, 11.26, Right
1761457056172, -33.78, 13.20, 13.54, Right
1761457056216, -34.31, 13.24, 13.69, Right
1761457056260, -34.76, 13.17, 13.85, Right
1761457056304, -35.09, 13.24, 13.96, Right
1761457056347, -35.13, 13.32, 14.21, Right
1761457056427, -35.13, 13.51, 14.25, Right
1761457056475, -35.17, 13.57, 14.23, Right
1761457056519, -30.34, 12.09, 16.10, Right
1761457056565, -25.16, 10.66, 18.00, Right
1761457056610, -24.70, 10.78, 18.02, Right
1761457056657, -29.27, 12.28, 15.83, Right
1761457056701, -28.97, 12.29, 15.73, Right
1761457056745, -28.79, 12.37, 15.64, Right
1761457056790, -28.76, 12.29, 15.62, Right
1761457056834, -24.10, 10.75, 15.81, Right
1761457056955, -24.02, 10.56, 15.75, Right
1761457057000, -23.84, 10.58, 15.65, Right
1761457057043, -28.46, 12.09, 13.67, Right
1761457057099, -33.09, 13.59, 11.69, Right
1761457057143, -33.13, 13.60, 11.59, Right
1761457057227, -33.25, 13.60, 11.51, Right
1761457057274, -33.27, 13.68, 11.48, Right
1761457057317, -33.28, 13.76, 11.44, Right
1761457057360, -33.11, 13.93, 11.30, Right
1761457057500, -37.67, 15.51, 10.93, Right
1761457057542, -37.66, 15.52, 10.95, Right
1761457057628, -37.64, 15.38, 11.07, Right
1761457057671, -37.57, 15.41, 11.19, Right
1761457057713, -37.52, 15.36, 11.30, Right
1761457057756, -37.49, 15.22, 11.33, Right
1761457057901, -37.23, 15.35, 11.38, Right
1761457057944, -37.11, 15.48, 11.42, Right
1761457058028, -37.09, 15.25, 11.45, Right
1761457058070, -37.27, 15.11, 11.54, Right
1761457058114, -37.38, 14.99, 11.62, Right
1761457058157, -37.43, 14.88, 11.70, Right
1761457058299, -37.23, 15.15, 11.53, Right
1761457058342, -37.15, 15.28, 11.40, Right
1761457058427, -36.99, 15.38, 11.29, Right
1761457058470, -36.78, 15.38, 11.25, Right
1761457058514, -36.75, 15.29, 11.19, Right
1761457058556, -36.62, 15.16, 11.02, Right
1761457058699, -36.31, 15.46, 10.43, Right
1761457058743, -35.90, 15.86, 9.87, Right
1761457058827, -35.27, 15.86, 9.40, Right
1761457058874, -34.87, 16.02, 8.86, Right
1761457058923, -34.64, 15.88, 8.50, Right
1761457058966, -34.18, 15.76, 8.24, Right
1761457059100, -33.96, 15.96, 8.01, Right
1761457059144, -33.83, 16.40, 7.77, Right
1761457059230, -33.58, 16.50, 7.64, Right
1761457059272, -33.28, 16.55, 7.56, Right
1761457059316, -33.18, 16.45, 7.85, Right
1761457059360, -33.10, 16.07, 7.91, Right
1761457059500, -29.08, 14.61, 9.90, Right
1761457059544, -24.85, 13.10, 9.99, Right
1761457059627, -24.82, 12.80, 9.86, Right
1761457059672, -24.91, 12.75, 9.52, Right
1761457059714, -24.98, 12.50, 9.13, Right
1761457059760, -20.64, 10.63, 10.17, Right
1761457059898, -20.72, 10.54, 9.53, Right
1761457059943, -21.04, 10.54, 8.96, Right
1761457060027, -21.06, 10.24, 8.39, Right
1761457060072, -21.16, 10.15, 8.11, Right
1761457060115, -25.38, 11.57, 5.78, Right
1761457060160, -29.69, 13.08, 5.39, Right
1761457060298, -29.73, 13.17, 5.22, Right
1761457060342, -30.11, 13.07, 5.16, Right
1761457060427, -30.39, 13.07, 5.18, Right
1761457060474, -34.89, 14.56, 3.82, Right
1761457060523, -35.15, 14.52, 4.01, Right
1761457060569, -35.25, 14.49, 4.09, Right
1761457060700, -35.24, 14.74, 4.30, Right
1761457060744, -35.25, 14.77, 4.44, Right
1761457060828, -35.29, 14.78, 4.59, Right
1761457060875, -35.39, 14.67, 4.76, Right
1761457060925, -35.69, 14.77, 4.92, Right
1761457060968, -35.76, 14.88, 4.97, Right
1761457061105, -35.63, 15.06, 5.01, Right
1761457061149, -35.63, 15.10, 4.95, Right
1761457061227, -35.54, 15.14, 4.98, Right
1761457061270, -35.48, 15.12, 5.06, Right
1761457061315, -35.60, 15.21, 5.14, Right
1761457061360, -35.75, 15.32, 5.17, Right
1761457061499, -36.09, 15.49, 5.20, Right
1761457061545, -36.27, 15.59, 5.19, Right
1761457061628, -36.34, 15.63, 5.16, Right
1761457061671, -36.12, 15.61, 5.13, Right
1761457061714, -36.07, 15.42, 5.14, Right
1761457061758, -35.96, 15.60, 5.07, Right
1761457061899, -34.30, 15.72, 4.91, Right
1761457061943, -32.45, 15.63, 4.78, Right
1761457062028, -29.61, 15.61, 3.90, Right
1761457062075, -26.67, 15.68, 3.25, Right
1761457062123, -23.54, 15.75, 2.53, Right
1761457062167, -19.58, 15.31, 1.59, Right
1761457062300, -14.58, 14.85, 0.39, Right
1761457062343, -9.74, 14.65, -0.77, Right
1761457062427, -5.27, 13.95, -2.32, Right
1761457062472, -0.78, 12.80, -3.74, Right
1761457062515, 2.30, 11.61, -5.11, Right
1761457062558, 4.35, 10.62, -6.97, Right
1761457062699, 4.47, 10.57, -7.83, Right
1761457062742, 4.68, 10.75, -8.90, Right
1761457062827, 4.95, 10.32, -9.65, Right
1761457062870, 4.32, 10.81, -10.19, Right
1761457062913, 2.60, 11.27, -10.48, Right
1761457062955, 0.62, 10.55, -10.62, Right
1761457063099, -2.51, 6.77, 7.23, Forward
1761457063144, -5.78, 3.20, 25.00, Forward
1761457063229, -8.07, 2.77, 25.28, Forward
1761457063274, -9.37, 2.04, 26.05, Forward
1761457063317, -9.80, 0.32, 26.49, Forward
1761457063360, -11.30, -4.37, 44.75, Down
1761457063498, -11.95, -5.39, 45.02, Down
1761457063541, -12.57, -6.67, 45.29, Down
1761457063627, -14.69, -10.25, 63.23, Left
1761457063670, -14.98, -10.35, 63.23, Left
1761457063713, -13.52, -6.89, 45.53, Down
1761457063756, -11.80, -3.56, 27.92, Down
1761457063900, -11.49, -3.32, 27.81, Down
1761457063943, -11.30, -3.04, 27.67, Down
1761457064027, -12.65, -5.75, 45.23, Down
1761457064072, -12.97, -5.73, 44.95, Down
1761457064116, -14.15, -8.88, 62.44, Down
1761457064158, -15.39, -12.14, 79.92, Left
1761457064299, -15.22, -12.86, 79.82, Left
1761457064342, -16.88, -16.38, 97.51, Left
1761457064427, -18.71, -19.78, 115.37, Left
1761457064470, -19.28, -20.64, 115.63, Left
1761457064514, -20.85, -23.87, 133.48, Left
1761457064558, -22.55, -26.48, 151.40, Left
1761457064700, -20.96, -23.32, 133.71, Left
1761457064742, -19.67, -20.13, 116.01, Left
1761457064827, -18.29, -16.70, 98.00, Left
1761457064870, -18.56, -15.05, 97.97, Left
1761457064914, -17.25, -11.73, 80.01, Left
1761457064958, -17.12, -10.30, 79.79, Left
1761457065100, -15.61, -6.97, 61.79, Down
1761457065143, -15.12, -5.90, 61.42, Down
1761457065227, -14.97, -4.87, 61.32, Down
1761457065271, -13.13, -1.78, 43.32, Down
1761457065317, -13.22, -1.47, 43.25, Down
1761457065361, -13.10, -1.43, 43.48, Down
1761457065499, -12.95, -1.92, 43.98, Down
1761457065542, -11.07, -0.35, 26.63, Down
1761457065627, -10.93, -0.58, 27.16, Down
1761457065673, -9.29, 1.19, 9.99, Forward
1761457065718, -9.04, 0.87, 10.48, Forward
1761457065765, -9.34, 0.42, 10.93, Forward
1761457065900, -7.71, 2.37, -6.54, Forward
1761457065943, -7.73, 1.85, -6.17, Forward
1761457066027, -7.61, 1.15, -5.88, Forward
1761457066071, -7.23, 0.69, -5.88, Forward
1761457066115, -7.03, 0.58, -5.85, Forward
1761457066158, -6.84, 0.59, -5.87, Forward
1761457066299, -6.26, 0.58, -6.23, Forward
1761457066342, -5.67, 0.54, -6.58, Forward
1761457066427, -5.06, 0.46, -6.95, Forward
1761457066470, -4.20, 0.49, -7.32, Forward
1761457066514, -3.70, 0.53, -7.66, Forward
1761457066557, -3.20, 0.85, -8.02, Forward
1761457066699, -2.70, 1.25, -8.36, Forward
1761457066742, -2.50, 1.30, -8.69, Forward
1761457066827, -2.56, 1.39, -9.05, Forward
1761457066870, -2.67, 1.14, -9.41, Forward
1761457066915, -2.94, 0.66, -9.47, Forward
1761457066958, -3.31, 0.61, -9.64, Forward
1761457067099, -3.68, 0.55, -9.84, Forward
1761457067143, -4.10, 0.35, -10.04, Forward
1761457067226, -4.47, 0.27, -10.22, Forward
1761457067270, -4.71, -0.10, -10.35, Forward
1761457067314, -4.95, -0.42, -10.42, Forward
1761457067357, -5.07, -0.28, -10.48, Forward
1761457067498, -4.98, -0.31, -10.47, Forward
1761457067541, -4.71, -0.35, -10.43, Forward
1761457067584, -4.55, -0.19, -10.45, Forward
1761457067628, -4.28, -0.29, -10.35, Forward
1761457067671, -4.04, -0.34, -10.20, Forward
1761457067715, -3.99, -0.17, -10.12, Forward
1761457067758, -3.98, -0.37, -10.05, Forward
1761457067804, -4.09, -0.13, -9.99, Forward
1761457067846, -4.06, -0.18, -9.89, Forward
1761457067889, -4.21, -0.39, -9.85, Forward
1761457068027, -4.34, -0.49, -9.89, Forward
1761457068070, -4.68, -0.46, -9.95, Forward
1761457068155, -4.84, -0.71, -9.98, Forward
1761457068199, -5.17, -0.68, -10.07, Forward
1761457068246, -5.44, -0.71, -10.15, Forward
1761457068292, -5.47, -0.77, -10.26, Forward
1761457068427, -5.56, -0.80, -10.45, Forward
1761457068471, -5.68, -1.00, -10.66, Forward
1761457068557, -5.83, -1.03, -10.83, Forward
1761457068600, -5.87, -1.03, -11.02, Forward
1761457068644, -5.93, -0.96, -11.16, Forward
1761457068688, -5.79, -0.91, -11.31, Forward
1761457068828, -5.77, -0.90, -11.45, Forward
1761457068870, -5.67, -0.98, -11.60, Forward
1761457068955, -5.76, -0.91, -11.71, Forward
1761457069003, -5.93, -0.70, -11.80, Forward
1761457069047, -5.98, -0.55, -11.78, Forward
1761457069089, -5.79, -0.59, -11.73, Forward
1761457069227, -5.80, -0.65, -11.74, Forward
1761457069269, -5.66, -0.63, -11.75, Forward
1761457069355, -5.37, -0.60, -11.76, Forward
1761457069399, -5.18, -0.61, -11.78, Forward
1761457069440, -4.90, -0.36, -11.79, Forward
1761457069487, -4.82, -0.47, -11.68, Forward
1761457069627, -4.52, -0.50, -11.54, Forward
1761457069671, -4.28, -0.68, -11.41, Forward
1761457069756, -3.92, -0.70, -11.26, Forward
1761457069804, -3.76, -0.57, -11.14, Forward
1761457069846, -3.48, -0.37, -11.04, Forward
1761457069888, -3.18, -0.16, -10.75, Forward
1761457070029, -2.89, -0.02, -10.46, Forward
1761457070074, -2.95, 0.03, -10.18, Forward
1761457070156, -2.89, 0.10, -9.90, Forward
1761457070199, -2.48, 0.21, -9.71, Forward
1761457070242, -2.14, 0.17, -9.53, Forward
1761457070287, -1.72, 0.16, -9.33, Forward
1761457070427, -1.47, 0.40, -9.07, Forward
1761457070471, -1.25, 0.24, -8.78, Forward
1761457070556, -0.89, 0.30, -8.42, Forward
1761457070599, -0.71, 0.21, -8.15, Forward
1761457070643, -0.66, 0.07, -7.95, Forward
1761457070691, -0.40, 0.11, -7.63, Forward
1761457070827, 0.03, 0.16, -7.24, Forward
1761457070871, 0.24, 0.28, -6.84, Forward
1761457070957, 0.30, 0.48, -6.46, Forward
1761457071004, 0.49, 0.34, -6.02, Forward
1761457071050, 0.64, 0.07, -5.65, Forward
1761457071093, 0.90, 0.12, -5.39, Forward
1761457071227, 1.16, -0.14, -5.13, Forward
1761457071270, 1.39, -0.35, -4.89, Forward
1761457071355, 1.69, -0.58, -4.69, Forward
1761457071397, 2.11, -0.72, -4.61, Forward
1761457071444, 2.33, -1.01, -4.54, Forward
1761457071487, 2.46, -1.16, -4.47, Forward
1761457071627, 2.81, -1.24, -4.52, Forward
1761457071670, 3.07, -1.08, -4.61, Forward
1761457071756, 3.25, -0.96, -4.78, Forward
1761457071803, 3.53, -0.93, -4.88, Forward
1761457071847, 3.62, -0.77, -5.03, Forward
1761457071890, 3.73, -0.40, -5.11, Forward
1761457072026, 3.98, 0.17, -5.15, Forward
1761457072070, 4.00, 0.45, -5.10, Forward
1761457072155, 3.82, 1.03, -5.00, Forward
1761457072205, 3.68, 1.62, -4.92, Forward
1761457072251, 3.37, 2.10, -4.79, Forward
1761457072299, 3.17, 2.78, -4.58, Forward
1761457072427, 3.01, 3.41, -4.28, Forward
1761457072471, 2.85, 4.29, -4.01, Forward
1761457072555, 2.81, 5.21, -3.72, Forward
1761457072599, 2.67, 5.96, -3.49, Forward
1761457072642, 2.41, 6.56, -3.29, Forward
1761457072685, 2.40, 7.59, -3.23, Forward
1761457072828, 1.26, 10.04, -3.39, Right
1761457072870, 0.61, 12.32, -3.45, Right
1761457072956, 1.37, 17.63, -4.27, Right
1761457072999, 1.77, 23.21, -4.84, Right
1761457073043, 2.21, 28.86, -5.40, Right
1761457400062, 2.59, 31.20, -5.96, Right
1761457400106, 2.87, 33.82, -6.58, Right
1761457400154, 3.34, 39.44, 10.79, Right
1761457400197, 3.76, 40.71, 10.16, Right
1761457400241, 4.04, 41.97, 9.73, Right
1761457400284, 5.02, 39.99, 10.01, Right
1761457400362, 5.32, 38.07, 10.36, Right
1761457400406, 4.16, 33.14, 11.50, Right
1761457400453, 3.29, 27.76, 12.32, Right
1761457400497, 2.62, 23.48, 12.78, Right
1761457400540, 1.91, 22.15, 13.28, Right
1761457400587, 1.23, 20.45, 13.85, Right
1761457400630, 0.22, 19.38, -20.93, Right
1761457400716, 2.65, 9.88, -17.00, Forward
1761457400890, 5.32, 15.34, -1.38, Right
1761457400933, 3.04, 13.47, 0.01, Right
1761457401018, 5.51, 20.50, 15.79, Right
1761457401064, 10.28, 27.44, 29.08, Right
1761457401487, 8.69, 26.48, 30.04, Right
1761457401531, 12.06, 17.13, 32.88, Right
1761457401575, 8.79, 11.30, 50.16, Right
1761457401623, 10.92, 16.82, 66.47, Right
1761457402060, 9.76, 15.40, 66.82, Right
1761457402103, 6.34, 26.15, 63.70, Right
1761457402148, 1.46, 22.17, 31.61, Right
1761457402189, 3.41, 26.06, 30.21, Right
1761457402236, 0.93, 21.20, 14.21, Right
1761457402281, -3.56, 15.89, 0.87, Right
1761457402324, -1.69, 18.30, -0.13, Right
1761457402370, -4.92, 26.92, -2.57, Right
1761457402414, -1.47, 31.80, -19.42, Right
1761457402459, -3.68, 24.13, -35.09, Right
1761457402502, -2.28, 19.49, -17.41, Right
1761457402550, -2.07, 15.30, -16.96, Right
1761457402597, -0.54, 10.61, 0.64, Right
1761457402669, -0.44, 6.67, 1.22, Forward
1761457402725, -0.39, 2.68, 1.86, Forward
1761457402785, -0.55, -0.67, 2.27, Forward
1761457402846, -0.82, -4.00, 2.66, Forward
1761457402901, -1.11, -6.21, 2.93, Forward
1761457402972, -1.41, -7.75, 3.13, Forward
1761457403017, -1.47, -7.83, 3.05, Forward
1761457403063, -1.70, -7.93, 2.97, Forward
1761457403109, -1.95, -7.84, 2.87, Forward
1761457403157, -2.26, -7.82, 2.81, Forward
1761457403218, -2.61, -7.91, 2.77, Forward
1761457403264, -2.85, -8.14, 2.74, Forward
1761457403331, -3.02, -8.67, 2.74, Forward
1761457403390, -3.14, -9.02, 2.78, Forward
1761457403435, -3.18, -9.32, 2.86, Forward
1761457403481, -3.37, -10.21, 3.03, Left
1761457403575, -3.74, -11.39, 3.32, Left
1761457403622, -3.89, -12.41, 3.63, Left
1761457403669, -4.14, -13.03, 3.90, Left
1761457403714, -4.16, -13.55, 4.22, Left
1761457403761, -4.38, -13.96, 4.40, Left
1761457403808, -4.75, -14.32, 4.57, Left
1761457403853, -4.99, -14.72, 4.71, Left
1761457403899, -5.28, -14.98, 4.83, Left
1761457403946, -5.68, -15.28, 4.88, Left
1761457403993, -5.82, -15.51, 4.85, Left
1761457404071, -5.80, -16.05, 4.76, Left
1761457404120, -5.90, -16.30, 4.58, Left
1761457404169, -5.90, -16.87, 4.46, Left
