Head Tracking Session: phase1_cycle1_1761458620691
Start Time: 2025-10-26T02:03:40.696245
==================================================
Timestamp (ms), Pitch, Yaw, Roll, Direction
1761458623791, 0.00, 0.00, 0.00, Forward
1761458623840, -1.29, -0.57, -0.54, Forward
1761458623888, -1.71, -0.18, -0.80, Forward
1761458623941, -1.94, -0.24, -0.90, Forward
1761458623992, -1.70, 0.11, -0.59, Forward
1761458624048, -1.93, 0.41, -0.46, Forward
1761458624099, -2.15, 0.45, -0.32, Forward
1761458624146, -2.28, 0.47, -0.17, Forward
1761458624192, -2.37, 0.54, -0.05, Forward
1761458624239, -2.44, 0.54, 0.08, Forward
1761458624289, -2.90, 0.53, 0.13, Forward
1761458624337, -3.16, 0.65, 0.24, Forward
1761458624384, -3.47, 0.45, 0.48, Forward
1761458624449, -3.91, 0.32, 0.56, Forward
1761458624495, -6.95, -2.39, 16.89, Forward
1761458624541, -9.76, -5.14, 33.28, Forward
1761458624588, -10.34, -5.35, 33.12, Down
1761458624636, -11.00, -5.55, 32.89, Down
1761458624685, -11.63, -5.83, 32.73, Down
1761458624752, -12.37, -5.91, 32.53, Down
1761458624800, -12.90, -5.94, 32.43, Down
1761458624849, -13.38, -5.96, 32.37, Down
1761458624896, -13.63, -6.02, 32.26, Down
1761458624942, -13.82, -5.97, 32.29, Down
1761458624988, -11.64, -3.45, 15.83, Down
1761458625049, -9.35, -0.81, -0.67, Forward
1761458625099, -9.24, -0.54, -0.66, Forward
1761458625155, -9.10, -0.31, -0.62, Forward
1761458625206, -9.15, -0.06, -0.69, Forward
1761458625252, -11.90, -2.19, 15.60, Down
1761458625300, -14.56, -4.37, 31.89, Down
1761458625345, -17.29, -6.54, 48.19, Down
1761458625388, -20.25, -8.52, 64.47, Down
1761458625439, -23.20, -10.63, 80.68, Left
1761458625485, -23.39, -10.48, 80.55, Left
1761458625533, -23.64, -10.40, 80.44, Left
1761458625583, -23.91, -10.38, 80.36, Left
1761458625649, -26.78, -12.61, 96.75, Left
1761458625697, -29.50, -14.81, 113.21, Left
1761458625743, -29.51, -14.82, 113.23, Left
1761458625836, -29.39, -14.64, 113.40, Left
1761458625885, -29.10, -14.62, 113.53, Left
1761458625934, -28.83, -14.54, 113.64, Left
1761458625984, -25.95, -12.17, 97.30, Left
1761458626032, -25.80, -12.17, 97.35, Left
1761458626080, -28.21, -14.38, 113.92, Left
1761458626146, -30.67, -16.64, 130.47, Left
1761458626192, -30.50, -16.62, 130.57, Left
1761458626238, -30.43, -16.61, 130.61, Left
1761458626288, -30.17, -16.51, 130.75, Left
1761458626335, -30.08, -16.51, 130.79, Left
1761458626385, -27.68, -14.13, 114.19, Left
1761458626449, -27.49, -14.15, 114.20, Left
1761458626499, -29.78, -16.41, 130.76, Left
1761458626550, -29.86, -16.28, 130.69, Left
1761458626651, -27.42, -13.86, 114.14, Left
1761458626702, -24.84, -11.44, 97.56, Left
1761458626765, -22.27, -9.01, 80.96, Down
1761458626827, -22.05, -9.05, 81.01, Down
1761458626873, -22.21, -9.15, 80.91, Down
1761458626926, -22.26, -9.21, 80.85, Down
1761458626971, -24.63, -11.62, 97.42, Left
1761458627016, -24.70, -11.67, 97.41, Left
1761458627077, -24.77, -11.67, 97.43, Left
1761458627137, -27.07, -14.02, 114.05, Left
1761458627184, -29.37, -16.45, 130.69, Left
1761458627250, -31.90, -18.75, 147.26, Left
1761458627301, -34.51, -21.06, 163.82, Left
1761458627350, -34.66, -21.06, 163.70, Left
1761458627398, -34.31, -20.99, 163.78, Left
1761458627445, -34.18, -21.07, 163.77, Left
1761458627489, -31.70, -18.74, 147.20, Left
1761458627536, -29.23, -16.27, 130.60, Left
1761458627584, -29.31, -16.30, 130.48, Left
1761458627634, -29.35, -16.34, 130.42, Left
1761458627684, -26.85, -14.14, 113.81, Left
1761458627742, -24.28, -11.87, 97.20, Left
1761458627787, -21.62, -9.61, 80.63, Down
1761458627836, -21.41, -9.52, 80.78, Down
1761458627883, -18.94, -7.13, 64.20, Down
1761458627932, -16.46, -4.71, 47.63, Down
1761458627978, -16.45, -4.55, 47.66, Down
1761458628021, -16.53, -4.61, 47.67, Down
1761458628082, -16.38, -4.51, 47.76, Down
1761458628129, -16.20, -4.38, 47.90, Down
1761458628179, -16.37, -4.31, 47.85, Down
1761458628227, -16.29, -4.39, 47.88, Down
1761458628274, -18.88, -6.77, 64.46, Down
1761458628344, -16.43, -4.59, 47.81, Down
1761458628390, -16.37, -4.69, 47.81, Down
1761458628450, -18.67, -7.11, 64.46, Down
1761458628498, -20.91, -9.64, 81.07, Down
1761458628544, -20.74, -9.70, 81.12, Down
1761458628587, -20.85, -9.84, 81.04, Down
1761458628641, -18.53, -7.62, 64.30, Down
1761458628685, -18.39, -7.60, 64.30, Down
1761458628732, -18.47, -7.55, 64.25, Down
1761458628782, -18.20, -7.49, 64.29, Down
1761458628831, -20.64, -9.69, 80.87, Down
1761458628876, -20.62, -9.64, 80.84, Down
1761458628943, -20.82, -9.60, 80.72, Down
1761458628990, -20.94, -9.46, 80.67, Down
1761458629042, -23.50, -11.71, 97.19, Left
1761458629090, -20.93, -9.36, 80.63, Down
1761458629136, -20.76, -9.39, 80.66, Down
1761458629185, -23.12, -11.75, 97.25, Left
1761458629231, -23.03, -11.85, 97.29, Left
1761458629278, -20.67, -9.65, 80.65, Down
1761458629325, -20.67, -9.73, 80.61, Down
1761458629369, -20.84, -9.64, 80.61, Down
1761458629417, -18.52, -7.21, 63.99, Down
1761458629466, -16.10, -4.84, 47.37, Down
1761458629535, -13.59, -2.62, 30.83, Down
1761458629583, -13.70, -2.60, 30.85, Down
1761458629650, -16.23, -4.76, 47.49, Down
1761458629702, -13.87, -2.24, 30.91, Down
1761458629750, -16.37, -4.40, 47.54, Down
1761458629804, -18.82, -6.57, 64.21, Down
1761458629853, -18.88, -6.40, 64.31, Down
1761458629902, -18.96, -6.45, 64.33, Down
1761458629950, -18.90, -6.48, 64.39, Down
1761458630000, -18.98, -6.54, 64.43, Down
1761458630068, -19.01, -6.43, 64.41, Down
1761458630119, -19.01, -6.37, 64.39, Down
1761458630167, -16.69, -4.14, 47.72, Down
1761458630215, -16.82, -4.18, 47.68, Down
1761458630266, -16.92, -4.18, 47.63, Down
1761458630335, -14.67, -1.82, 30.93, Down
1761458630383, -12.31, 0.39, 14.25, Down
1761458630447, -12.35, 0.38, 14.19, Down
1761458630494, -15.15, -1.75, 30.74, Down
1761458630540, -15.33, -1.75, 30.64, Down
1761458630585, -15.50, -1.77, 30.57, Down
1761458630637, -18.23, -3.98, 47.08, Down
1761458630684, -20.95, -6.16, 63.62, Down
1761458630738, -23.53, -8.44, 80.20, Down
1761458630790, -23.60, -8.45, 80.15, Down
1761458630841, -25.89, -10.82, 96.78, Left
1761458630897, -28.55, -12.96, 113.37, Left
1761458630954, -31.04, -15.22, 129.97, Left
1761458631015, -30.74, -15.44, 129.98, Left
1761458631070, -33.23, -17.80, 146.58, Left
1761458631139, -35.84, -20.14, 163.15, Left
1761458631186, -35.86, -20.30, 163.14, Left
1761458631257, -35.84, -20.52, 163.13, Left
1761458631309, -35.90, -20.71, 163.10, Left
1761458631358, -36.23, -20.81, 163.04, Left
1761458631412, -36.58, -20.91, 162.98, Left
1761458631460, -36.56, -21.10, 162.92, Left
1761458631505, -36.73, -21.15, 162.88, Left
1761458631556, -36.97, -21.13, 162.84, Left
1761458631601, -37.21, -21.13, 162.79, Left
1761458631654, -37.32, -20.90, 162.85, Left
1761458631707, -37.47, -20.66, 162.89, Left
1761458631757, -37.65, -20.46, 162.93, Left
1761458631802, -37.81, -20.23, 162.98, Left
1761458631851, -37.74, -20.04, 163.11, Left
1761458631934, -37.83, -19.95, 163.02, Left
1761458631983, -37.99, -19.79, 163.03, Left
1761458632069, -38.30, -19.84, 162.85, Left
1761458632117, -38.33, -19.88, 162.78, Left
1761458632164, -38.17, -20.11, 162.66, Left
1761458632211, -37.95, -20.57, 162.48, Left
1761458632259, -37.96, -20.94, 162.22, Left
1761458632303, -37.77, -21.29, 162.02, Left
1761458632351, -37.70, -21.66, 161.81, Left
1761458632399, -37.64, -21.63, 161.80, Left
1761458632449, -37.76, -21.63, 161.80, Left
1761458632499, -37.79, -21.53, 161.86, Left
1761458632549, -37.49, -21.31, 162.12, Left
1761458632600, -37.35, -21.20, 162.22, Left
1761458632647, -37.52, -20.66, 162.48, Left
1761458632736, -36.64, -20.15, 163.16, Left
1761458632783, -35.67, -19.73, 163.90, Left
1761458632878, -32.52, -16.31, 147.78, Left
1761458632923, -29.37, -12.98, 131.68, Left
1761458633003, -25.98, -9.21, 115.17, Down
1761458633063, -22.33, -5.36, 98.84, Down
1761458633112, -18.83, -1.71, 82.42, Down
1761458633156, -15.20, 1.41, 65.94, Down
1761458633277, -11.43, 5.19, 49.32, Down
1761458633322, -7.54, 8.44, 32.70, Forward
1761458633405, -4.64, 12.21, 15.39, Right
1761458633450, -1.68, 15.57, -1.77, Right
1761458633499, -1.08, 15.89, -2.17, Right
1761458633550, -0.33, 16.08, -2.57, Right
1761458633680, 0.18, 15.61, -2.89, Right
1761458633729, 0.71, 15.47, -3.27, Right
1761458633805, 1.27, 15.02, -3.64, Right
1761458633851, 1.58, 15.17, -3.98, Right
1761458633899, 1.72, 14.80, -4.12, Right
1761458633948, 1.88, 14.57, -4.30, Right
1761458634079, 2.13, 14.40, -4.34, Right
1761458634128, 2.55, 14.28, -4.41, Right
1761458634205, 2.91, 14.42, -4.55, Right
1761458634252, 3.14, 14.52, -4.64, Right
1761458634301, 3.36, 14.28, -4.59, Right
1761458634349, 3.51, 13.89, -4.57, Right
1761458634480, 3.61, 13.90, -4.63, Right
1761458634526, 3.74, 13.89, -4.67, Right
1761458634605, 3.73, 13.63, -4.68, Right
1761458634651, 3.84, 13.60, -4.74, Right
1761458634698, 3.71, 12.99, -4.69, Right
1761458634747, 3.49, 12.68, -4.75, Right
1761458634879, 3.32, 12.30, -4.72, Right
1761458634923, 3.27, 12.10, -4.69, Right
1761458634969, 3.22, 12.22, -4.77, Right
1761458635016, 3.35, 12.11, -4.71, Right
1761458635069, 3.55, 11.99, -4.66, Right
1761458635120, 3.82, 12.17, -4.64, Right
1761458635168, 4.01, 12.34, -4.63, Right
1761458635216, 4.03, 12.06, -4.55, Right
1761458635267, 4.07, 11.81, -4.49, Right
1761458635313, 4.07, 12.02, -4.49, Right
1761458635405, 4.07, 11.80, -4.46, Right
1761458635452, 4.06, 12.01, -4.55, Right
1761458635540, 4.02, 11.92, -4.58, Right
1761458635586, 3.84, 11.99, -4.67, Right
1761458635639, 3.66, 11.92, -4.70, Right
1761458635685, 3.40, 11.55, -4.68, Right
1761458635805, 3.58, 11.51, -4.68, Right
1761458635853, 3.77, 11.86, -4.76, Right
1761458635934, 4.08, 12.34, -4.83, Right
1761458635982, 4.39, 12.87, -4.96, Right
1761458636035, 4.68, 13.87, -5.15, Right
1761458636084, 4.81, 13.98, -5.18, Right
1761458636205, 4.89, 13.99, -5.23, Right
1761458636251, 4.91, 13.84, -5.24, Right
1761458636335, 5.13, 13.94, -5.27, Right
1761458636383, 5.43, 14.08, -5.36, Right
1761458636432, 5.42, 14.25, -5.46, Right
1761458636481, 5.57, 14.93, -5.68, Right
1761458636605, 5.45, 15.11, -5.84, Right
1761458636652, 5.36, 14.50, -5.81, Right
1761458636734, 5.31, 14.55, -5.95, Right
1761458636781, 5.49, 14.85, -6.06, Right
1761458636832, 5.82, 15.79, -6.31, Right
1761458636884, 6.12, 16.40, -6.42, Right
1761458637005, 6.18, 16.34, -6.47, Right
1761458637064, 6.19, 16.29, -6.49, Right
1761458637143, 6.26, 17.38, -6.86, Right
1761458637190, 6.32, 18.09, -7.13, Right
1761458637238, 6.55, 19.03, -7.40, Right
1761458637286, 6.68, 19.01, -7.42, Right
1761458637406, 6.82, 19.12, -7.43, Right
1761458637451, 6.99, 19.93, -7.66, Right
1761458637533, 6.89, 19.66, -7.56, Right
1761458637579, 6.89, 19.44, -7.54, Right
1761458637627, 6.94, 19.62, -7.55, Right
1761458637673, 6.84, 19.92, -7.62, Right
1761458637807, 6.61, 18.71, -7.35, Right
1761458637851, 6.23, 17.25, -7.01, Right
1761458637934, 6.11, 16.66, -6.85, Right
1761458637981, 6.19, 17.10, -6.95, Right
1761458638031, 6.22, 16.59, -6.86, Right
1761458638082, 5.98, 15.50, -6.59, Right
1761458638204, 5.81, 14.64, -6.45, Right
1761458638253, 5.58, 14.33, -6.41, Right
1761458638334, 5.36, 13.90, -6.35, Right
1761458638383, 5.22, 13.15, -6.19, Right
1761458638432, 5.20, 12.87, -6.09, Right
1761458638480, 5.41, 13.38, -6.16, Right
1761458638604, 5.25, 12.54, -5.96, Right
1761458638651, 4.96, 12.08, -5.85, Right
1761458638736, 4.64, 11.77, -5.76, Right
1761458638786, 4.36, 11.53, -5.70, Right
1761458638837, 4.21, 11.86, -5.79, Right
1761458638882, 4.22, 11.78, -5.78, Right
1761458639005, 4.43, 12.61, -5.96, Right
1761458639068, 4.76, 13.58, -6.18, Right
1761458639134, 4.85, 13.82, -6.19, Right
1761458639183, 4.72, 13.08, -6.00, Right
1761458639228, 4.69, 13.00, -5.99, Right
1761458639273, 4.61, 13.21, -6.06, Right
1761458639407, 4.79, 13.53, -6.15, Right
1761458639451, 5.12, 13.98, -6.23, Right
1761458639533, 5.31, 13.92, -6.18, Right
1761458639580, 5.31, 13.93, -6.19, Right
1761458639631, 5.16, 13.15, -6.03, Right
1761458639681, 4.95, 13.06, -6.03, Right
1761458639809, 5.01, 13.45, -6.14, Right
1761458639856, 5.26, 14.16, -6.29, Right
1761458639933, 5.39, 14.38, -6.33, Right
1761458639983, 5.60, 14.47, -6.31, Right
1761458640039, 5.56, 14.10, -6.20, Right
1761458640083, 5.43, 14.15, -6.23, Right
1761458640204, 5.48, 13.90, -6.20, Right
1761458640252, 5.60, 13.87, -6.17, Right
1761458640334, 5.76, 14.24, -6.23, Right
1761458640381, 6.02, 14.57, -6.27, Right
1761458640431, 6.13, 14.90, -6.34, Right
1761458640483, 5.94, 14.73, -6.30, Right
1761458640604, 5.85, 14.37, -6.22, Right
1761458640651, 5.79, 13.76, -6.08, Right
1761458640732, 5.91, 13.94, -6.11, Right
1761458640779, 6.16, 13.93, -6.10, Right
1761458640826, 6.31, 14.63, -6.24, Right
1761458640871, 6.33, 14.88, -6.29, Right
1761458641005, 6.27, 14.95, -6.30, Right
1761458641052, 5.94, 13.88, -6.11, Right
1761458641136, 5.68, 13.00, -5.94, Right
1761458641183, 5.64, 12.70, -5.91, Right
1761458641232, 5.58, 12.96, -5.99, Right
1761458641284, 5.72, 13.71, -6.15, Right
1761458641406, 5.59, 13.80, -6.18, Right
1761458641452, 5.34, 13.30, -6.07, Right
1761458641535, 5.13, 12.59, -5.91, Right
1761458641583, 5.05, 12.44, -5.89, Right
1761458641631, 4.95, 12.06, -5.83, Right
1761458641679, 5.22, 12.86, -5.99, Right
1761458641805, 5.43, 13.17, -6.02, Right
1761458641850, 5.46, 13.22, -6.04, Right
1761458641934, 5.45, 13.25, -6.05, Right
1761458641984, 5.20, 12.83, -5.99, Right
1761458642031, 5.12, 12.18, -5.87, Right
1761458642080, 5.29, 12.76, -6.04, Right
1761458642203, 5.46, 12.88, -6.06, Right
1761458642248, 5.63, 12.89, -6.05, Right
1761458642333, 5.71, 13.32, -6.14, Right
1761458642379, 5.52, 12.60, -5.95, Right
1761458642427, 5.34, 12.19, -5.88, Right
1761458642474, 5.28, 11.79, -5.77, Right
1761458642605, 5.60, 12.55, -5.89, Right
1761458642659, 5.99, 13.23, -5.98, Right
1761458642735, 6.12, 13.53, -6.01, Right
1761458642784, 6.02, 12.69, -5.78, Right
1761458642829, 5.98, 12.60, -5.77, Right
1761458642879, 5.89, 12.54, -5.81, Right
1761458643005, 6.11, 13.00, -5.89, Right
1761458643049, 6.37, 14.01, -6.11, Right
1761458643132, 6.66, 14.59, -6.26, Right
1761458643180, 6.90, 15.26, -6.43, Right
1761458643230, 6.88, 14.86, -6.37, Right
1761458643280, 6.73, 14.12, -6.24, Right
1761458643405, 6.92, 14.95, -6.42, Right
1761458643450, 7.11, 15.93, -6.61, Right
1761458643535, 7.17, 16.79, -6.76, Right
1761458643581, 7.29, 17.62, -6.86, Right
1761458643630, 7.19, 17.36, -6.79, Right
1761458643680, 7.11, 16.74, -6.62, Right
1761458643805, 7.18, 17.09, -6.65, Right
1761458643853, 7.29, 17.51, -6.72, Right
1761458643933, 7.37, 18.29, -6.87, Right
1761458643982, 7.51, 19.32, -7.11, Right
1761458644031, 7.51, 19.59, -7.19, Right
1761458644079, 7.58, 19.40, -7.15, Right
1761458644206, 7.67, 19.23, -7.08, Right
1761458644255, 7.69, 19.02, -7.01, Right
1761458644334, 7.74, 19.33, -7.07, Right
1761458644382, 7.88, 19.94, -7.21, Right
1761458644430, 7.83, 19.95, -7.19, Right
1761458644482, 7.79, 20.13, -7.22, Right
1761458644605, 7.76, 19.45, -6.98, Right
1761458644651, 7.70, 18.73, -6.72, Right
1761458644732, 7.63, 18.27, -6.59, Right
1761458644779, 7.50, 18.37, -6.62, Right
1761458644830, 7.52, 18.48, -6.66, Right
1761458644881, 7.60, 19.00, -6.82, Right
1761458645004, 7.69, 18.94, -6.76, Right
1761458645049, 7.61, 18.95, -6.72, Right
1761458645135, 7.56, 19.23, -6.81, Right
1761458645181, 7.56, 19.37, -6.85, Right
1761458645229, 7.53, 19.44, -6.92, Right
1761458645280, 7.55, 19.73, -7.01, Right
1761458645406, 7.65, 19.41, -6.97, Right
1761458645452, 7.68, 18.87, -6.88, Right
1761458645537, 7.66, 18.89, -6.92, Right
1761458645587, 7.63, 18.60, -6.86, Right
1761458645635, 7.55, 18.37, -6.89, Right
1761458645682, 7.56, 19.08, -7.15, Right
1761458645806, 7.65, 19.76, -7.38, Right
1761458645850, 7.69, 20.40, -7.62, Right
1761458645916, 7.77, 21.50, -7.99, Right
1761458645964, 7.82, 21.96, -8.17, Right
1761458646012, 7.76, 22.62, -8.37, Right
1761458646065, 7.88, 23.97, -8.68, Right
1761458646112, 7.98, 24.66, -8.87, Right
1761458646156, 8.16, 25.26, -9.04, Right
1761458646205, 8.34, 26.06, -9.24, Right
1761458646249, 8.40, 25.92, -9.05, Right
1761458646332, 8.39, 24.63, -8.57, Right
1761458646378, 8.31, 23.53, -8.06, Right
1761458646427, 8.26, 22.53, -7.57, Right
1761458646471, 8.09, 21.68, -7.18, Right
1761458646515, 8.01, 20.90, -6.79, Right
1761458646589, 7.86, 19.99, -6.46, Right
1761458646633, 7.85, 19.11, -6.10, Right
1761458646679, 7.70, 18.14, -5.73, Right
1761458646730, 7.55, 17.16, -5.36, Right
1761458646780, 7.51, 16.80, -5.44, Right
1761458646862, 7.55, 19.41, -6.22, Right
1761458646916, 7.44, 22.06, -7.07, Right
1761458646966, 7.40, 24.73, -7.92, Right
1761458647012, 7.68, 28.47, -9.18, Right
1761458647069, 7.93, 32.06, -10.48, Right
1761458647132, 8.20, 35.54, -11.64, Right
1761458647180, 8.35, 39.03, -12.83, Right
1761458647230, 8.59, 42.64, -14.05, Right
1761458647280, 9.05, 47.03, -15.39, Right
1761458647326, 9.35, 50.81, -16.39, Right
1761458647393, 9.30, 52.35, -16.66, Right
1761458647437, 9.55, 53.51, -16.87, Right
1761458647483, 9.69, 54.66, -17.07, Right
1761458647531, 9.62, 55.22, -16.93, Right
1761458647579, 9.23, 56.14, -16.43, Right
1761458647661, 9.31, 56.78, -15.57, Right
1761458647713, 9.08, 57.43, -14.63, Right
1761458647761, 8.90, 57.90, -13.72, Right
1761458647816, 7.96, 58.07, -12.40, Right
1761458647864, 7.19, 58.06, -11.10, Right
1761458647933, 7.31, 58.59, -10.60, Right
1761458647979, 7.39, 59.05, -10.05, Right
1761458648029, 7.52, 59.55, -9.54, Right
1761458648075, 7.79, 55.89, -6.02, Right
1761458648120, 6.10, 52.00, -23.12, Right
1761458648191, 5.64, 51.93, -23.40, Right
1761458648236, 5.39, 51.92, -23.74, Right
1761458648281, 5.10, 51.98, -24.04, Right
1761458648332, 5.40, 51.57, -24.64, Right
1761458648380, 5.81, 52.40, -24.98, Right
1761458648464, 4.73, 52.45, -24.09, Right
1761458648513, 3.68, 52.38, -23.24, Right
1761458648563, 2.60, 52.28, -22.36, Right
1761458648613, 1.51, 56.95, -24.53, Right
1761458648664, 2.71, 61.49, -6.40, Right
1761458648732, 1.09, 62.90, -4.76, Right
1761458648779, -0.84, 64.24, -2.90, Right
1761458648834, -2.75, 65.52, -1.16, Right
1761458648882, -3.82, 65.63, 0.15, Right
1761458648928, -5.20, 64.78, 1.20, Right
1761458648994, -5.58, 64.64, 1.48, Right
1761458649048, -6.22, 64.81, 1.74, Right
1761458649095, -6.93, 65.02, 2.05, Right
1761458649142, -7.00, 63.00, -16.05, Right
1761458649186, -6.87, 62.97, -16.26, Right
1761458649263, -6.54, 62.34, -17.03, Right
1761458649312, -5.63, 61.70, -18.06, Right
1761458649362, -4.82, 61.26, -19.01, Right
1761458649409, -3.50, 60.39, -20.09, Right
1761458649457, -2.41, 59.79, -21.23, Right
1761458649531, -1.25, 57.88, -22.04, Right
1761458649578, -0.12, 54.85, -22.69, Right
1761458649626, 1.07, 52.09, -23.44, Right
1761458649674, 1.96, 49.03, -5.68, Right
1761458649717, 2.40, 46.67, -6.33, Right
1761458649792, 3.50, 43.51, -6.99, Right
1761458649846, 4.48, 40.12, -7.55, Right
1761458649894, 5.46, 36.75, -8.11, Right
1761458649941, 5.19, 35.31, -8.25, Right
1761458649991, 5.36, 31.44, -7.93, Right
1761458650068, 5.80, 30.24, -8.22, Right
1761458650115, 6.22, 29.71, -8.55, Right
1761458650161, 6.75, 28.53, -8.79, Right
1761458650209, 6.65, 30.12, -9.39, Right
1761458650257, 6.79, 27.59, -9.13, Right
1761458650333, 7.12, 26.55, -9.22, Right
1761458650381, 7.40, 24.95, -9.19, Right
1761458650428, 7.73, 23.05, -9.09, Right
1761458650478, 8.03, 20.84, -8.86, Right
1761458650527, 8.17, 20.32, -9.00, Right
1761458650594, 7.93, 18.84, -8.90, Right
1761458650645, 7.93, 17.91, -8.94, Right
1761458650697, 7.76, 16.76, -8.92, Right
1761458650743, 7.64, 15.86, -8.87, Right
1761458650794, 7.62, 16.04, -9.05, Right
1761458650865, 7.73, 14.95, -8.88, Right
1761458650911, 7.84, 14.67, -8.91, Right
1761458650961, 7.94, 14.58, -8.96, Right
1761458651009, 8.30, 15.04, -9.10, Right
1761458651056, 8.56, 15.46, -9.22, Right
1761458651131, 8.69, 14.88, -9.18, Right
1761458651182, 8.69, 14.04, -9.07, Right
1761458651234, 8.70, 13.75, -9.08, Right
1761458651286, 9.00, 13.09, -8.98, Right
1761458651332, 9.05, 12.50, -8.91, Right
1761458651394, 9.19, 13.42, -9.09, Right
1761458651443, 9.14, 13.50, -9.06, Right
1761458651491, 9.13, 13.59, -9.02, Right
1761458651536, 8.74, 13.22, -8.86, Right
1761458651581, 8.44, 12.67, -8.65, Right
1761458651668, 8.44, 13.31, -8.59, Right
1761458651722, 8.49, 13.76, -8.48, Right
1761458651775, 8.66, 14.32, -8.40, Right
1761458651824, 8.54, 13.74, -8.12, Right
1761458651871, 8.58, 13.27, -7.87, Right
1761458651933, 8.27, 12.04, -7.51, Right
1761458651979, 8.14, 11.57, -7.33, Right
1761458652027, 8.03, 11.24, -7.20, Right
1761458652075, 7.93, 10.78, -7.02, Right
1761458652124, 7.96, 10.87, -7.00, Right
1761458652195, 7.68, 9.98, -6.76, Forward
1761458652245, 7.53, 9.58, -6.62, Forward
1761458652295, 7.30, 8.90, -6.42, Forward
1761458652343, 7.36, 8.74, -6.14, Forward
1761458652391, 7.22, 9.01, -5.94, Forward
1761458652465, 7.13, 8.09, -5.51, Forward
1761458652512, 7.06, 7.26, -5.13, Forward
1761458652560, 6.91, 6.28, -4.73, Forward
1761458652610, 6.37, 4.75, -4.40, Forward
1761458652660, 5.96, 3.29, -3.98, Forward
1761458652735, 5.46, 1.74, -3.66, Forward
1761458652787, 4.95, 0.17, -3.31, Forward
1761458652840, 4.48, -1.26, -3.02, Forward
1761458652888, 3.76, -2.89, -2.80, Forward
1761458652932, 3.21, -4.74, -2.51, Forward
1761458652993, 2.79, -5.60, -2.43, Forward
1761458653043, 2.27, -6.41, -2.36, Forward
1761458653091, 1.78, -7.21, -2.27, Forward
1761458653138, 1.81, -7.41, -2.12, Forward
1761458653184, 1.63, -7.76, -2.04, Forward
1761458653265, 1.27, -6.58, -2.13, Forward
1761458653313, 0.98, -5.43, -2.15, Forward
1761458653361, 0.65, -4.39, -2.17, Forward
1761458653534, 2.55, 3.83, -3.91, Forward
1761458653587, 4.58, 12.26, -5.66, Right
1761458653633, 4.50, 21.83, -23.47, Right
1761458653680, 4.73, 31.73, -41.62, Right
1761458653728, -0.00, 29.75, -25.32, Right
1761458653797, -3.65, 27.92, -8.76, Right
1761458653843, -7.14, 26.01, 7.88, Right
1761458653895, -10.41, 22.62, 24.61, Right
1761458653945, -11.17, 31.78, 7.48, Right
1761458653990, -12.11, 41.10, -9.46, Right
1761458654064, -17.86, 30.79, 8.68, Right
1761458654116, -23.75, 20.30, 26.76, Right
1761458654163, -27.41, 9.28, 60.99, Down
1761458654217, -34.53, -3.47, 90.77, Down
1761458654265, -33.38, -2.91, 91.04, Down
1761458654336, -33.52, -2.26, 90.87, Down
1761458654381, -26.23, -4.76, 77.11, Down
1761458654430, -26.23, -3.88, 77.10, Down
1761458654479, -28.92, -15.08, 110.97, Left
1761458654530, -23.94, -29.96, 130.73, Left
1761458654636, -22.65, -29.19, 95.88, Left
1761458654681, -17.87, -20.88, 96.22, Left
1761458654739, -17.38, -21.75, 96.74, Left
1761458654786, -7.03, -23.32, 87.19, Left
1761458654864, -5.28, -11.37, 54.46, Left
1761458654914, -11.03, -2.80, 29.78, Down
1761458654963, -18.33, -0.88, 43.55, Down
1761458655011, -11.13, -3.99, 29.73, Down
1761458655059, -3.84, -7.65, 15.80, Forward
1761458655133, -11.23, -5.17, 30.17, Down
1761458655179, -12.21, -5.90, 65.83, Down
1761458655227, -16.72, -14.75, 66.39, Left
1761458655277, -13.14, -2.11, 31.77, Down
1761458655327, -16.82, 12.62, 12.49, Right
1761458655394, -18.40, 0.25, 45.87, Down
1761458655445, -11.40, 1.30, 38.04, Down
1761458655496, -11.42, 10.98, 4.90, Right
1761458655544, -18.41, 13.34, 19.14, Right
1761458655596, -28.67, 25.83, 13.17, Right
1761458655670, -21.58, 23.34, -1.82, Right
1761458655719, -21.37, 23.75, -1.80, Right
1761458655768, -18.32, 36.47, -36.24, Right
1761458655817, -19.23, 36.66, -35.68, Right
1761458655864, -22.52, 24.07, -1.60, Right
1761458655934, -19.66, 34.53, -17.07, Right
1761458655982, -13.69, 21.64, 1.40, Right
1761458656032, -6.64, 10.05, 20.67, Right
1761458656085, -4.33, 15.16, 3.01, Right
1761458656134, -0.75, 16.88, -9.09, Right
1761458656196, -4.67, 31.57, -28.88, Right
1761458656243, -2.07, 43.51, -63.51, Right
1761458656294, -2.39, 43.71, -63.45, Right
1761458656343, -3.10, 43.39, -63.33, Right
1761458656393, -3.02, 43.64, -63.35, Right
1761458656468, -6.01, 32.62, -48.48, Right
1761458656516, -12.13, 47.89, -66.37, Right
1761458656563, -8.70, 61.95, -58.92, Right
1761458656612, -9.11, 63.27, -73.85, Right
1761458656662, -7.79, 59.71, -75.51, Right
1761458656735, -3.93, 45.03, -55.70, Right
1761458656784, 0.45, 30.34, -35.19, Right
1761458656831, -2.18, 18.18, -1.48, Right
1761458656880, -1.65, 13.58, -1.91, Right
1761458656926, -2.18, 13.63, -2.23, Right
1761458656994, 4.91, 11.66, -16.62, Right
1761458657051, 3.54, 10.26, -14.95, Right
1761458657100, -12.78, 10.04, -30.86, Right
1761458657156, -14.89, 4.10, 1.43, Down
1761458657208, -19.09, -1.14, 34.33, Down
1761458657268, -26.10, 1.61, 48.89, Down
1761458657314, -27.63, 14.51, 43.66, Right
1761458657363, -27.57, 14.62, 43.91, Right
1761458657412, -26.69, 18.75, 42.95, Right
1761458657458, -22.57, 30.34, 8.15, Right
1761458657521, -32.50, 43.07, -6.49, Right
1761458657567, -31.84, 32.04, 24.20, Right
1761458657615, -24.96, 27.43, 13.34, Right
1761458657679, -29.20, 29.39, 13.66, Right
1761458657726, -22.55, 37.73, 15.25, Right
1761458657793, -16.64, 47.69, -3.63, Right
1761458657841, -22.18, 38.15, 15.44, Right
1761458657890, -18.23, 49.31, -19.82, Right
1761458657938, -20.45, 45.75, -18.70, Right
1761458657980, -20.02, 45.52, 17.01, Right
1761458658064, -15.58, 42.23, 12.29, Right
1761458658112, -13.20, 48.81, -22.45, Right
1761458658159, -14.08, 42.60, 10.89, Right
1761458658210, -5.97, 51.65, -24.44, Right
1761458658259, -3.35, 37.93, -40.24, Right
1761458658319, -8.99, 28.77, -21.04, Right
1761458658368, -5.33, 39.20, -56.36, Right
1761458658413, -5.57, 39.13, -56.28, Right
1761458658483, -3.24, 42.58, -57.17, Right
1761458658541, -3.55, 42.86, -92.71, Right
1761458658602, -5.47, 35.84, -58.71, Right
1761458658664, -6.33, 30.86, -37.24, Right
1761458658717, -6.80, 30.47, -37.27, Right
1761458658838, -9.70, 20.15, -1.45, Right
1761458658883, -16.56, 22.01, 13.62, Right
1761458658992, -13.76, 33.14, -20.95, Right
1761458659047, -14.17, 33.90, -20.63, Right
1761458659095, -18.83, 32.49, -18.69, Right
1761458659143, -15.59, 18.44, 1.35, Right
1761458659192, -17.70, 19.05, 18.26, Right
1761458659269, -10.32, 16.55, 2.74, Right
1761458659315, -8.34, 26.77, -19.23, Right
1761458659363, -1.06, 24.07, -34.59, Right
1761458659411, -2.02, 23.62, -35.45, Right
1761458659460, 1.63, 36.20, -70.66, Right
1761458659517, 5.68, 21.51, -50.76, Right
1761458659561, 2.02, 9.73, -16.24, Forward
1761458659615, 6.07, 11.80, -17.70, Right
1761458659662, 2.80, 26.31, -37.94, Right
1761458659710, 0.85, 14.43, -20.14, Right
1761458659791, -0.89, 27.07, -23.50, Right
1761458659838, -2.89, 22.09, -22.58, Right
1761458659884, -4.37, 34.43, -26.37, Right
1761458659931, -6.68, 44.34, -56.82, Right
1761458659978, -3.19, 29.81, -36.66, Right
1761458660119, -8.05, 44.09, -55.64, Right
1761458660165, -2.46, 54.67, -73.73, Right
1761458660215, -5.92, 49.50, -73.06, Right
1761458660264, -9.95, 42.77, -72.53, Right
1761458660321, 1.52, 53.67, -80.97, Right
1761458660364, 0.06, 55.43, -61.49, Right
1761458660410, 0.46, 52.37, -43.85, Right
1761458660461, 2.04, 40.08, -39.12, Right
1761458660510, 7.92, 41.37, -43.49, Right
1761458660592, 8.03, 41.42, -42.17, Right
1761458660647, 5.61, 30.16, -8.36, Right
1761458660694, 2.03, 26.99, -23.50, Right
1761458660744, 2.61, 20.29, 11.06, Right
1761458660792, 3.21, 15.15, 46.20, Right
1761458660862, -7.77, 4.51, 55.33, Forward
1761458660910, -11.32, -6.93, 55.19, Down
1761458660959, -8.11, -0.56, 53.46, Forward
1761458661009, -14.84, 2.90, 68.47, Down
1761458661057, -12.85, 1.33, 84.97, Down
1761458661119, -19.65, 4.90, 99.11, Down
1761458661163, -18.52, 10.46, 64.05, Right
1761458661209, -19.55, 4.38, 98.29, Down
1761458661257, -19.17, 5.75, 98.36, Down
1761458661307, -16.09, 16.81, 63.19, Right
1761458661391, -12.67, 26.67, 28.08, Right
1761458661439, -9.56, 36.48, -6.98, Right
1761458661487, -11.70, 36.15, -23.06, Right
1761458661534, -7.52, 43.55, -41.78, Right
1761458661578, -8.41, 41.75, -41.48, Right
1761458661665, -4.53, 48.56, -59.88, Right
1761458661712, -1.13, 50.19, -43.16, Right
1761458661760, 2.43, 56.29, -61.82, Right
1761458661810, 5.97, 61.84, -80.22, Right
1761458661860, 6.68, 57.56, -63.38, Right
1761458661918, 7.58, 52.93, -46.35, Right
1761458661965, 8.63, 48.50, -29.39, Right
1761458662010, 9.78, 44.05, -12.55, Right
1761458662061, 9.62, 41.40, -12.00, Right
1761458662108, 9.30, 38.03, -11.17, Right
1761458662190, 9.23, 35.27, -10.55, Right
1761458662238, 9.18, 32.90, -10.02, Right
1761458662284, 9.09, 30.53, -9.46, Right
1761458662328, 9.01, 29.22, -9.20, Right
1761458662375, 9.02, 27.54, -8.83, Right
1761458662466, 8.57, 26.99, -8.68, Right
1761458662512, 8.22, 26.71, -8.55, Right
1761458662564, 7.95, 26.37, -8.41, Right
1761458662610, 7.67, 26.43, -8.36, Right
1761458662659, 7.38, 27.16, -8.49, Right
1761458662721, 7.53, 27.65, -8.66, Right
1761458662765, 7.61, 27.69, -8.75, Right
1761458662811, 7.75, 27.78, -8.83, Right
1761458662861, 7.96, 27.48, -8.81, Right
1761458662908, 8.13, 27.85, -8.94, Right
1761458662991, 8.27, 28.07, -9.00, Right
1761458663046, 8.34, 28.16, -9.04, Right
1761458663095, 8.42, 28.41, -9.10, Right
1761458663143, 8.51, 28.16, -9.07, Right
1761458663192, 8.69, 27.96, -9.07, Right
1761458663264, 8.45, 27.74, -8.99, Right
1761458663311, 8.32, 27.78, -8.96, Right
1761458663359, 8.20, 27.76, -8.93, Right
1761458663408, 8.21, 27.57, -8.90, Right
1761458663459, 8.31, 27.22, -8.86, Right
1761458663519, 8.45, 27.43, -8.96, Right
1761458663566, 8.66, 27.43, -9.02, Right
1761458663614, 8.86, 27.52, -9.12, Right
1761458663663, 9.05, 27.71, -9.22, Right
1761458663709, 9.04, 28.66, -9.54, Right
1761458663794, 8.92, 31.07, -10.06, Right
1761458663840, 8.75, 33.49, -10.58, Right
1761458663889, 8.58, 35.92, -11.10, Right
1761458663936, 8.23, 38.62, -11.70, Right
1761458663981, 7.72, 41.55, -12.29, Right
1761458664065, 7.50, 44.69, -13.05, Right
1761458664111, 7.20, 47.87, -13.84, Right
1761458664158, 6.94, 50.98, -14.63, Right
1761458664208, 7.05, 54.11, -15.49, Right
1761458664257, 7.30, 56.48, -16.19, Right
1761458664320, 7.88, 57.40, -16.66, Right
1761458664365, 8.52, 58.40, -17.19, Right
1761458664411, 9.20, 59.40, -17.72, Right
1761458664458, 9.91, 60.28, -18.16, Right
1761458664511, 10.81, 60.84, -18.58, Right
1761458664594, 11.54, 60.71, -18.79, Right
1761458664642, 12.32, 60.61, -18.99, Right
1761458664692, 12.95, 60.49, -19.12, Right
1761458664742, 11.57, 60.98, -35.82, Right
1761458664792, 10.33, 61.36, -52.53, Right
1761458664862, 10.35, 61.30, -52.56, Right
1761458664909, 10.25, 61.15, -52.47, Right
1761458664957, 10.19, 60.99, -52.42, Right
1761458665003, 9.95, 60.81, -52.38, Right
1761458665055, 9.68, 60.72, -52.31, Right
1761458665119, 9.24, 60.03, -52.03, Right
1761458665163, 8.87, 59.32, -51.75, Right
1761458665209, 8.63, 58.57, -51.50, Right
1761458665258, 10.03, 57.23, -34.61, Right
1761458665308, 11.15, 55.76, -17.50, Right
1761458665391, 10.90, 54.29, -17.03, Right
1761458665440, 10.63, 52.73, -16.58, Right
1761458665494, 10.24, 51.18, -16.09, Right
1761458665541, 10.24, 49.04, -15.46, Right
1761458665592, 10.20, 46.78, -14.90, Right
1761458665663, 10.11, 44.92, -14.33, Right
1761458665711, 10.06, 43.02, -13.77, Right
1761458665757, 9.97, 41.12, -13.20, Right
1761458665808, 9.78, 38.35, -12.35, Right
1761458665858, 9.81, 35.96, -11.69, Right
1761458665918, 9.60, 33.48, -10.95, Right
1761458665965, 9.49, 31.15, -10.24, Right
1761458666014, 9.44, 28.80, -9.53, Right
1761458666066, 9.18, 27.08, -8.97, Right
1761458666111, 8.90, 25.31, -8.32, Right
1761458666196, 8.73, 24.14, -7.95, Right
1761458666244, 8.47, 23.17, -7.60, Right
1761458666292, 8.27, 22.14, -7.24, Right
1761458666341, 8.20, 22.18, -7.25, Right
1761458666389, 8.00, 22.02, -7.22, Right
1761458666464, 8.03, 22.55, -7.36, Right
1761458666515, 8.05, 22.92, -7.46, Right
1761458666561, 8.06, 23.28, -7.58, Right
1761458666606, 8.05, 24.02, -7.80, Right
1761458666657, 8.06, 24.98, -8.09, Right
1761458666718, 8.11, 25.43, -8.21, Right
1761458666764, 8.14, 25.71, -8.29, Right
1761458666811, 8.13, 26.35, -8.48, Right
1761458666859, 8.09, 26.74, -8.55, Right
1761458666907, 8.10, 27.18, -8.63, Right
1761458666992, 8.11, 27.52, -8.73, Right
1761458667043, 8.12, 27.93, -8.87, Right
1761458667092, 8.10, 28.24, -8.96, Right
1761458667137, 8.07, 28.37, -9.00, Right
1761458667185, 8.04, 28.40, -9.02, Right
1761458667261, 7.86, 28.90, -9.12, Right
1761458667309, 7.70, 29.39, -9.24, Right
1761458667356, 7.58, 29.62, -9.28, Right
1761458667404, 7.42, 29.99, -9.35, Right
1761458667452, 7.31, 30.44, -9.43, Right
1761458667521, 7.06, 30.90, -9.51, Right
1761458667567, 6.79, 31.44, -9.59, Right
1761458667613, 6.56, 32.26, -9.72, Right
1761458667660, 6.36, 32.71, -9.78, Right
1761458667708, 6.15, 33.16, -9.84, Right
1761458667792, 6.25, 32.95, -9.86, Right
1761458667840, 6.35, 32.81, -9.87, Right
1761458667887, 6.53, 32.40, -9.80, Right
1761458667934, 6.59, 31.98, -9.75, Right
1761458667982, 6.66, 31.30, -9.62, Right
1761458668052, 6.70, 31.02, -9.56, Right
1761458668098, 6.73, 30.62, -9.47, Right
1761458668143, 6.76, 30.01, -9.34, Right
1761458668190, 6.79, 29.88, -9.31, Right
1761458668241, 6.84, 29.73, -9.26, Right
1761458668318, 6.77, 29.97, -9.25, Right
1761458668362, 6.70, 30.18, -9.26, Right
1761458668411, 6.53, 30.63, -9.35, Right
1761458668460, 6.52, 30.55, -9.32, Right
1761458668507, 6.56, 30.76, -9.41, Right
1761458668592, 6.70, 30.79, -9.44, Right
1761458668640, 6.77, 30.52, -9.40, Right
1761458668692, 6.80, 30.69, -9.46, Right
1761458668740, 6.86, 30.77, -9.50, Right
1761458668791, 6.90, 30.76, -9.52, Right
1761458668848, 6.93, 30.62, -9.48, Right
1761458668894, 6.97, 30.53, -9.44, Right
1761458668944, 7.00, 30.44, -9.40, Right
1761458668997, 7.03, 30.78, -9.45, Right
1761458669050, 6.88, 31.18, -9.43, Right
1761458669121, 6.82, 30.91, -9.35, Right
1761458669170, 6.79, 31.16, -9.42, Right
1761458669218, 6.83, 31.09, -9.43, Right
1761458669263, 6.90, 30.54, -9.31, Right
1761458669312, 6.98, 29.97, -9.19, Right
1761458669396, 6.89, 30.29, -9.25, Right
1761458669444, 6.70, 29.48, -9.06, Right
1761458669493, 6.54, 28.84, -8.89, Right
1761458669540, 6.39, 28.72, -8.83, Right
1761458669589, 6.35, 28.46, -8.79, Right
1761458669645, 6.25, 28.54, -8.74, Right
1761458669693, 6.14, 28.72, -8.73, Right
1761458669739, 6.02, 28.66, -8.64, Right
1761458669791, 5.84, 29.04, -8.68, Right
1761458669838, 5.60, 29.57, -8.74, Right
1761458669917, 5.89, 28.90, -8.60, Right
1761458669961, 6.21, 29.54, -8.76, Right
1761458670009, 6.51, 29.96, -8.90, Right
1761458670056, 6.69, 30.30, -9.04, Right
1761458670107, 6.87, 30.50, -9.17, Right
1761458670193, 6.95, 30.76, -9.28, Right
1761458670240, 7.04, 30.63, -9.26, Right
1761458670291, 7.13, 30.62, -9.27, Right
1761458670341, 7.18, 30.76, -9.30, Right
1761458670394, 7.37, 30.45, -9.25, Right
1761458670455, 7.17, 30.59, -9.26, Right
1761458670504, 7.02, 31.22, -9.42, Right
1761458670558, 6.83, 31.74, -9.53, Right
1761458670607, 6.95, 31.25, -9.41, Right
1761458670656, 7.09, 30.63, -9.23, Right
1761458670725, 7.24, 30.51, -9.23, Right
1761458670774, 7.45, 30.20, -9.21, Right
1761458670824, 7.65, 29.88, -9.20, Right
1761458670874, 7.74, 27.98, -8.86, Right
1761458670930, 7.74, 26.65, -8.66, Right
1761458671003, 7.86, 24.63, -8.31, Right
1761458671055, 7.89, 22.04, -7.81, Right
1761458671107, 7.93, 19.53, -7.36, Right
1761458671152, 8.02, 16.05, -6.72, Right
1761458671203, 8.01, 13.05, -6.20, Right
1761458671248, 5.50, 6.18, 10.72, Forward
1761458671393, 2.48, -0.44, 27.77, Forward
1761458671439, -0.63, -6.92, 44.76, Forward
1761458671488, -3.74, -12.19, 61.43, Left
1761458671539, -4.38, -14.20, 62.28, Left
1761458671588, -5.18, -15.71, 63.00, Left
1761458671644, -5.64, -15.65, 63.58, Left
1761458671692, -6.08, -15.42, 64.13, Left
1761458671739, -6.76, -13.64, 64.39, Left
1761458671792, -7.38, -12.19, 64.73, Left
1761458671851, -5.10, -4.10, 48.04, Forward
1761458671921, -3.32, 5.52, 14.15, Forward
1761458671970, -1.87, 15.15, -19.80, Right
1761458672015, -0.17, 24.85, -53.66, Right
1761458672059, -0.69, 32.33, -71.99, Right
1761458672108, -1.05, 40.03, -90.58, Right
1761458672192, -2.11, 47.02, -108.64, Right
1761458672242, -4.11, 54.02, -125.86, Right
1761458672290, -5.42, 61.21, -143.78, Right
1761458672338, -7.36, 68.43, -161.04, Right
1761458672386, -9.70, 72.46, -177.51, Right
1761458672490, -12.01, 65.41, -142.99, Right
1761458672540, -10.87, 68.44, -108.05, Right
1761458672592, -12.09, 66.58, -108.24, Right
1761458672721, -9.98, 66.68, -74.14, Right
1761458672770, -6.47, 65.59, -58.77, Right
1761458672818, -2.27, 63.59, -43.78, Right
1761458672864, 0.66, 57.36, -28.22, Right
1761458672908, 5.29, 54.12, -12.98, Right
1761458672991, 9.41, 49.98, 2.95, Right
1761458673043, 13.89, 45.00, 18.93, Right
1761458673092, 17.76, 48.28, 1.48, Right
1761458673138, 19.85, 41.80, -16.14, Right
1761458673187, 24.29, 39.96, 1.36, Right
1761458673246, 24.76, 34.72, -15.16, Right
1761458673293, 23.60, 30.64, -12.68, Right
1761458673342, 22.27, 26.52, -10.15, Right
1761458673399, 23.25, 26.48, -9.02, Right
1761458673442, 20.03, 22.44, -6.96, Right
1761458673522, 18.58, 20.52, -6.43, Right
1761458673570, 17.09, 19.83, -6.45, Right
1761458673618, 14.31, 20.42, -6.66, Right
1761458673663, 10.52, 19.61, -24.77, Right
1761458673707, 7.24, 18.95, -24.75, Right
1761458673791, 4.68, 21.55, -25.13, Right
1761458673844, 1.92, 24.45, -25.31, Right
1761458673894, -0.90, 27.03, -25.50, Right
1761458673985, -11.82, 23.31, -43.55, Right
1761458674047, -10.11, 28.07, -44.31, Right
1761458674091, -9.91, 27.71, -43.58, Right
1761458674139, -8.84, 30.72, -43.77, Right
1761458674193, -4.83, 33.84, -44.39, Right
1761458674241, -0.83, 38.39, -27.66, Right
1761458674318, 2.46, 43.13, -29.28, Right
1761458674364, 5.55, 44.91, -30.49, Right
1761458674414, 8.84, 46.30, -31.89, Right
1761458674458, 11.79, 46.38, -35.67, Right
1761458674594, 21.21, 56.79, -35.47, Right
1761458674642, 15.50, 48.43, -17.37, Right
1761458674687, 16.93, 54.47, -19.53, Right
1761458674734, 17.27, 56.58, -20.63, Right
1761458674783, 15.54, 60.06, -37.70, Right
1761458674852, 16.48, 62.21, -22.99, Right
1761458674903, 17.25, 50.82, -20.10, Right
1761458674951, 17.90, 39.46, -16.63, Right
1761458674997, 17.03, 37.89, -16.11, Right
1761458675047, 16.87, 37.84, -13.23, Right
1761458675122, 17.74, 31.94, 4.39, Right
1761458675174, 22.67, 37.46, -13.39, Right
1761458675222, 21.46, 32.26, -12.08, Right
1761458675272, 19.25, 21.43, 7.21, Right
1761458675324, 20.30, 11.12, 25.56, Right
1761458675395, 16.16, -1.58, 28.75, Up
1761458675441, 12.54, -0.76, 44.28, Up
1761458675488, 8.67, -0.08, 58.99, Forward
1761458675538, 8.18, -2.71, 60.81, Forward
1761458675586, 9.85, 2.04, 59.70, Forward
1761458675648, 9.43, 1.65, 59.91, Forward
1761458675692, 9.02, 0.58, 60.45, Forward
1761458675752, 8.54, -0.11, 60.87, Forward
1761458675799, 9.20, 7.96, 43.04, Forward
1761458675842, 8.40, 14.33, 42.18, Right
1761458675921, 8.10, 24.41, 8.07, Right
1761458675972, 7.52, 34.27, -26.28, Right
1761458676020, 8.87, 44.26, -43.43, Right
1761458676067, 7.16, 47.89, -44.72, Right
1761458676113, 2.99, 44.18, -43.13, Right
1761458676193, 1.89, 45.35, -43.64, Right
1761458676242, 0.74, 46.58, -44.10, Right
1761458676292, -0.47, 47.63, -44.56, Right
1761458676339, -1.73, 47.71, -44.80, Right
1761458676390, -2.79, 47.19, -44.96, Right
1761458676488, -1.12, 46.04, -28.18, Right
1761458676539, 0.82, 45.07, -11.51, Right
1761458676592, 1.28, 41.50, -11.31, Right
1761458676640, 4.04, 39.99, -11.71, Right
1761458676723, 6.22, 38.81, -12.01, Right
1761458676773, 7.80, 39.89, -12.42, Right
1761458676821, 9.57, 41.37, -12.90, Right
1761458676872, 11.31, 42.20, -13.20, Right
1761458676921, 12.73, 41.06, -13.12, Right
1761458676991, 14.03, 39.89, -12.99, Right
1761458677044, 14.22, 39.61, -12.92, Right
1761458677091, 14.21, 38.99, -12.71, Right
1761458677138, 14.14, 40.76, -12.65, Right
1761458677185, 12.91, 40.77, -12.08, Right
1761458677245, 12.23, 40.44, -11.42, Right
1761458677292, 11.53, 40.31, -10.76, Right
1761458677340, 10.90, 40.10, -10.13, Right
1761458677389, 10.36, 40.41, -9.62, Right
1761458677437, 9.94, 40.55, -9.14, Right
1761458677518, 9.70, 39.42, -8.36, Right
1761458677567, 9.69, 38.64, -7.74, Right
1761458677614, 9.58, 38.17, -7.22, Right
1761458677661, 9.38, 37.77, -6.98, Right
1761458677712, 9.34, 37.04, -6.68, Right
1761458677801, 9.30, 35.73, -6.40, Right
1761458677846, 9.40, 34.29, -6.12, Right
1761458677893, 9.50, 32.99, -5.87, Right
1761458677939, 9.40, 31.45, -5.62, Right
1761458677996, 9.39, 30.38, -5.47, Right
1761458678047, 9.21, 30.07, -5.53, Right
1761458678091, 9.05, 29.07, -5.36, Right
1761458678140, 8.90, 27.81, -5.13, Right
1761458678190, 8.75, 26.68, -4.97, Right
1761458678237, 8.42, 25.16, -4.81, Right
1761458678319, 7.95, 23.74, -4.62, Right
1761458678366, 7.47, 22.01, -4.39, Right
1761458678415, 7.00, 20.07, -4.13, Right
1761458678459, 6.48, 18.57, -3.75, Right
1761458678503, 6.03, 16.33, -3.27, Right
1761458678587, 5.71, 15.43, -3.01, Right
1761458678630, 5.33, 14.24, -2.69, Right
1761458678678, 4.89, 13.12, -2.40, Right
1761458678723, 4.47, 12.15, -2.15, Right
1761458678766, 4.16, 11.30, -1.87, Right
1761458678844, 3.94, 11.35, -1.89, Right
1761458678886, 3.74, 11.25, -1.87, Right
1761458678932, 3.56, 11.31, -1.89, Right
1761458678978, 3.63, 11.32, -2.10, Right
1761458679022, 3.65, 12.00, -2.42, Right
1761458679119, 3.56, 12.34, -2.74, Right
1761458679166, 3.54, 12.57, -3.02, Right
1761458679212, 3.56, 12.94, -3.32, Right
1761458679257, 3.61, 13.50, -3.59, Right
1761458679302, 3.71, 14.28, -3.88, Right
1761458679372, 3.95, 16.86, -4.50, Right
1761458679420, 4.22, 19.60, -5.13, Right
1761458679467, 4.47, 22.23, -5.74, Right
1761458679517, 4.69, 24.84, -6.30, Right
1761458679562, 5.02, 28.50, -6.89, Right
1761458679644, 5.52, 32.77, -7.74, Right
1761458679688, 6.05, 37.14, -8.67, Right
1761458679732, 6.49, 41.55, -9.53, Right
1761458679776, 7.53, 44.67, -10.67, Right
1761458679820, 8.50, 47.82, -11.80, Right
1761458679915, 10.08, 48.09, -12.37, Right
1761458679960, 11.52, 48.48, -12.90, Right
1761458680003, 13.01, 48.81, -13.43, Right
1761458680049, 14.33, 48.81, -13.61, Right
1761458680092, 15.58, 47.74, -13.81, Right
1761458680171, 16.41, 44.98, -13.29, Right
1761458680215, 17.04, 43.66, -13.14, Right
1761458680258, 17.96, 42.35, -13.10, Right
1761458680301, 18.27, 42.09, -12.75, Right
1761458680347, 18.29, 42.96, -12.54, Right
1761458680445, 17.29, 45.58, -12.63, Right
1761458680488, 16.34, 48.03, -12.69, Right
1761458680530, 15.31, 50.62, -12.74, Right
1761458680576, 12.70, 51.29, -30.27, Right
1761458680619, 12.12, 54.12, -31.09, Right
1761458680715, 12.07, 58.23, -32.49, Right
1761458680760, 10.19, 58.53, -14.03, Right
1761458680804, 8.12, 58.72, 4.44, Right
1761458680850, 6.42, 59.58, 22.84, Right
1761458680898, 1.49, 57.72, 6.74, Right
1761458681131, -0.79, 54.80, 25.32, Right
1761458681244, -2.15, 56.35, 44.08, Right
1761458681289, -5.19, 52.61, 26.95, Right
1761458681335, -4.11, 55.90, 62.36, Right
1761458681423, -2.04, 43.90, 64.94, Right
1761458681685, 4.66, 35.52, 68.23, Right
1761458681940, 4.51, 39.59, 67.85, Right
1761458682044, 6.08, 36.77, 48.84, Right
1761458682088, 7.71, 37.21, 29.20, Right
1761458682133, 10.70, 40.24, 63.85, Right
1761458682176, 13.05, 40.85, 45.31, Right
1761458682219, 14.58, 37.13, 26.45, Right
1761458682314, 17.76, 37.96, 43.69, Right
1761458682360, 18.54, 33.96, 25.51, Right
1761458682402, 16.19, 42.86, 23.60, Right
1761458682448, 9.07, 47.77, 21.10, Right
1761458682491, 10.95, 42.19, 2.80, Right
1761458682572, 11.10, 43.67, 2.89, Right
1761458682616, 10.62, 40.89, 3.75, Right
1761458682660, 12.38, 37.07, -15.04, Right
1761458682703, 12.44, 35.62, -15.06, Right
1761458682746, 12.41, 33.78, -15.18, Right
1761458682844, 12.37, 33.02, -15.69, Right
1761458682887, 12.26, 32.42, -16.16, Right
1761458682930, 12.21, 31.81, -16.67, Right
1761458682974, 12.02, 31.12, -17.11, Right
1761458683019, 11.61, 30.81, -17.48, Right
1761458683116, 11.56, 30.50, -17.87, Right
1761458683161, 11.42, 30.43, -18.33, Right
1761458683205, 11.26, 30.32, -18.81, Right
1761458683249, 11.14, 30.13, -19.23, Right
1761458683297, 10.95, 30.43, -19.53, Right
1761458683372, 10.76, 30.18, -19.49, Right
1761458683417, 10.63, 29.88, -19.49, Right
1761458683463, 10.59, 29.55, -19.54, Right
1761458683508, 10.57, 29.48, -19.64, Right
1761458683551, 10.42, 29.33, -19.64, Right
1761458683645, 9.91, 29.31, -19.29, Right
1761458683689, 9.69, 29.31, -18.92, Right
1761458683732, 9.36, 29.21, -18.52, Right
1761458683779, 9.21, 29.65, -18.14, Right
1761458683822, 8.98, 30.02, -17.69, Right
1761458683916, 8.91, 30.93, -17.29, Right
1761458683958, 8.75, 31.69, -16.82, Right
1761458684005, 8.67, 32.29, -16.28, Right
1761458684057, 1.54, 32.09, 2.54, Right
1761458684104, 1.68, 33.21, 3.15, Right
1761458684178, 2.05, 37.20, 21.62, Right
1761458684226, 2.58, 38.59, 22.22, Right
1761458684269, 3.18, 39.97, 22.72, Right
1761458684318, 3.66, 41.00, 23.15, Right
1761458684366, 4.11, 42.68, 23.64, Right
1761458684444, 4.18, 44.37, 24.38, Right
1761458684487, 4.45, 46.14, 25.06, Right
1761458684532, 4.57, 48.09, 25.68, Right
1761458684577, 9.13, 48.35, 8.68, Right
1761458684622, 10.49, 52.18, 25.99, Right
1761458684715, 6.74, 52.23, -7.58, Right
1761458684760, 2.92, 45.22, -25.04, Right
1761458684803, 5.59, 50.02, -9.35, Right
1761458684848, 3.18, 52.34, -26.39, Right
1761458684893, 5.48, 56.38, -10.86, Right
1761458746078, 5.56, 54.20, -10.38, Right
1761458746124, 5.67, 49.36, -9.25, Right
1761458746168, 5.73, 45.14, -8.22, Right
1761458746213, 8.30, 43.38, -8.16, Right
1761458746269, 6.96, 36.00, -24.21, Right
1761458746314, 10.41, 29.51, -7.23, Right
1761458746360, 13.64, 32.81, 11.41, Right
1761458746405, 10.51, 23.16, -2.86, Right
1761458746449, 12.27, 16.51, 15.49, Right
1761458746499, 9.57, 6.44, 1.34, Forward
1761458746571, 7.26, 8.59, -16.18, Forward
1761458746615, 6.67, 7.21, -16.30, Forward
1761458746662, 6.24, 5.78, -16.36, Forward
1761458746707, 5.87, 2.94, -15.96, Forward
1761458746749, 5.29, 0.74, -15.77, Forward
1761458746794, 4.81, -1.45, -15.69, Forward
1761458746837, 4.78, -3.35, -15.47, Forward
1761458746882, 4.12, -3.35, -15.66, Forward
1761458746925, 3.41, -3.10, -15.73, Forward
1761458746972, 2.80, -0.41, -16.39, Forward
1761458747015, 4.20, -4.49, 1.08, Forward
1761458747060, 3.82, -2.01, 0.48, Forward
1761458747103, 3.38, 0.60, -0.15, Forward
1761458747149, 3.05, 4.79, -0.89, Forward
1761458747192, 3.06, 9.03, -1.52, Forward
1761458747236, 2.90, 13.26, -2.02, Right
1761458747280, 2.04, 16.83, -2.24, Right
1761458747324, 1.62, 19.13, -2.22, Right
1761458747373, 2.86, 21.93, -2.12, Right
1761458747417, 4.36, 23.72, -1.79, Right
1761458747466, 5.87, 25.78, -1.48, Right
1761458747510, 7.30, 27.60, -1.11, Right
1761458747553, 8.73, 27.83, -0.09, Right
1761458747598, 9.35, 31.55, -17.07, Right
1761458747642, 12.20, 23.74, -15.86, Right
1761458747687, 12.80, 24.75, -15.53, Right
1761458747771, 13.96, 25.99, -15.97, Right
1761458747815, 15.21, 27.92, -16.40, Right
1761458747862, 15.09, 28.57, -16.90, Right
1761458747908, 15.15, 31.73, -35.39, Right
1761458747964, 13.86, 32.79, -35.66, Right
1761458748009, 13.70, 36.21, -54.00, Right
1761458748064, 13.91, 40.36, -37.56, Right
1761458748108, 14.88, 40.98, -3.42, Right
1761458748153, 13.40, 53.19, 12.44, Right
1761458748196, 14.81, 56.96, 28.78, Right
1761458748267, 11.04, 52.96, 10.97, Right
1761458748314, 11.13, 54.58, 10.79, Right
1761458748358, 9.63, 56.48, -6.75, Right
1761458748420, 4.99, 48.43, -5.64, Right
1761458748471, 1.01, 45.63, -21.50, Right
1761458748572, -2.96, 38.73, -20.42, Right
1761458748614, -3.14, 37.87, -55.58, Right
1761458748660, -4.03, 35.70, -72.27, Right
1761458748703, -6.25, 31.30, -89.19, Right
1761458748766, -8.59, 25.46, -105.82, Right
1761458748810, -6.03, 27.46, -87.85, Right
1761458748862, -7.72, 22.43, -87.43, Right
1761458748906, -7.92, 17.27, -69.60, Right
1761458748952, -5.47, 18.90, -52.27, Right
1761458748996, -2.45, 16.50, -36.41, Right
1761458749068, -0.38, 15.81, -19.37, Right
1761458749112, -2.62, 9.31, -1.44, Forward
1761458749157, -4.31, 4.07, -1.69, Forward
1761458749200, -4.49, 0.77, -1.79, Forward
1761458749249, -5.06, -1.58, -1.88, Forward
1761458749295, -5.46, -3.91, -1.99, Forward
1761458749340, -5.64, -4.88, -2.33, Forward
1761458749384, -5.80, -5.86, -2.70, Forward
1761458749430, -5.99, -6.69, -3.10, Forward
1761458749474, -6.01, -6.09, -3.43, Forward
1761458749517, -6.10, -5.81, -3.86, Forward
1761458749563, -6.11, -5.44, -4.30, Forward
1761458749610, -6.13, -5.16, -4.81, Forward
1761458749654, -6.22, -4.60, -5.20, Forward
1761458749698, -6.38, -4.15, -5.65, Forward
1761458749741, -6.62, -3.78, -6.05, Forward
1761458749784, -6.64, -3.43, -6.32, Forward
1761458749830, -6.75, -3.21, -6.56, Forward
1761458749872, -7.03, -2.85, -6.84, Forward
1761458749915, -7.25, -2.92, -7.01, Forward
1761458749959, -7.53, -2.78, -7.19, Forward
1761458750002, -7.46, -2.55, -7.30, Forward
1761458750047, -7.43, -2.31, -7.35, Forward
1761458750090, -7.54, -2.05, -7.42, Forward
1761458750132, -7.47, -1.67, -7.36, Forward
1761458750175, -7.46, -0.65, -7.33, Forward
1761458750219, -7.76, 0.11, -7.36, Forward
1761458750270, -7.55, 2.66, -7.26, Forward
1761458750314, -7.22, 4.78, -7.11, Forward
1761458750358, -6.90, 7.09, -6.95, Forward
1761458750401, -6.46, 10.52, -6.78, Right
1761458750447, -6.38, 13.99, -6.62, Right
1761458750491, -5.98, 17.10, -6.66, Right
1761458750536, -5.40, 21.22, -6.65, Right
1761458750580, -4.59, 25.50, -6.78, Right
1761458750625, -3.83, 29.31, -6.85, Right
1761458750669, -2.58, 33.61, -7.10, Right
1761458750715, -1.87, 35.89, -7.46, Right
1761458750758, -1.22, 38.48, -7.77, Right
1761458750803, 0.03, 41.09, -8.64, Right
1761458750851, 1.27, 42.77, -9.49, Right
1761458750900, 2.75, 44.06, -10.73, Right
1761458750945, 4.01, 45.88, -11.74, Right
1761458750988, 5.54, 46.66, -12.96, Right
1761458751035, 6.78, 47.16, -14.06, Right
1761458751083, 9.32, 47.94, 2.33, Right
1761458751134, 10.39, 47.46, 1.67, Right
1761458751182, 11.60, 47.29, 0.92, Right
1761458751227, 12.23, 47.10, 0.55, Right
1761458751271, 11.89, 46.09, 0.75, Right
1761458751373, 11.03, 44.69, 1.10, Right
1761458751417, 9.97, 43.52, 1.78, Right
1761458751464, 8.96, 42.19, 2.43, Right
1761458751508, 7.69, 40.24, 3.42, Right
1761458751568, 6.26, 36.45, 4.48, Right
1761458751615, 3.60, 32.35, -12.03, Right
1761458751665, 2.18, 29.60, -11.35, Right
1761458751717, 0.48, 26.08, -10.57, Right
1761458751768, -0.58, 22.59, -10.24, Right
1761458751817, -1.31, 20.01, -9.86, Right
1761458751870, -1.59, 17.63, -9.59, Right
1761458751916, -2.04, 15.13, -9.36, Right
1761458751962, -2.45, 12.77, -9.15, Right
1761458752005, -3.00, 10.58, -9.03, Right
1761458752052, -3.42, 10.44, -9.02, Right
1761458752099, -3.86, 9.94, -8.99, Forward
1761458752146, -4.26, 9.21, -8.88, Forward
1761458752190, -4.52, 9.11, -8.86, Forward
1761458752235, -4.90, 9.02, -8.84, Forward
1761458752281, -5.33, 8.38, -8.88, Forward
1761458752325, -5.71, 7.77, -8.95, Forward
1761458752370, -5.93, 7.03, -8.99, Forward
1761458752415, -6.26, 5.94, -9.10, Forward
1761458752458, -6.40, 5.54, -9.23, Forward
1761458752504, -6.42, 5.17, -9.33, Forward
1761458752548, -6.45, 5.01, -9.48, Forward
1761458752592, -6.32, 5.26, -9.69, Forward
1761458752636, -6.13, 5.67, -9.86, Forward
1761458752681, -5.91, 5.43, -9.93, Forward
1761458752725, -5.68, 5.42, -10.01, Forward
1761458752768, -5.55, 5.40, -10.10, Forward
1761458752816, -5.55, 5.55, -10.21, Forward
1761458752864, -5.46, 6.23, -10.22, Forward
1761458752909, -5.39, 6.79, -10.35, Forward
1761458752958, -5.36, 7.32, -10.46, Forward
1761458753002, -5.35, 8.21, -10.63, Forward
1761458753051, -5.57, 7.95, -10.69, Forward
1761458753099, -5.75, 8.34, -10.77, Forward
1761458753145, -5.89, 8.92, -10.94, Forward
1761458753189, -5.96, 9.44, -11.06, Forward
1761458753233, -6.03, 10.00, -11.18, Right
1761458753282, -6.06, 10.26, -11.30, Right
1761458753372, -6.06, 10.28, -11.37, Right
1761458753418, -6.12, 10.26, -11.40, Right
1761458753467, -6.30, 9.82, -11.45, Forward
1761458753513, -6.36, 9.03, -11.39, Forward
1761458753565, -6.30, 9.16, -11.44, Forward
1761458753611, -6.38, 7.98, -11.40, Forward
1761458753665, -6.20, 7.94, -11.37, Forward
1761458753712, -6.06, 7.60, -11.33, Forward
1761458753756, -5.94, 7.23, -11.30, Forward
1761458753802, -5.93, 6.93, -11.26, Forward
1761458753854, -5.98, 6.65, -11.25, Forward
1761458753905, -5.99, 6.23, -11.22, Forward
1761458753953, -6.03, 6.00, -11.18, Forward
1761458754005, -6.17, 5.71, -11.19, Forward
1761458754058, -6.36, 5.19, -11.14, Forward
1761458754101, -6.42, 5.68, -11.12, Forward
1761458754147, -6.67, 5.66, -11.12, Forward
1761458754190, -7.00, 5.45, -11.11, Forward
1761458754272, -7.16, 5.84, -11.11, Forward
1761458754320, -7.24, 6.00, -11.11, Forward
1761458754368, -7.35, 5.86, -11.14, Forward
1761458754415, -7.42, 6.06, -11.14, Forward
1761458754460, -7.32, 6.40, -11.13, Forward
1761458754503, -7.26, 6.50, -11.11, Forward
1761458754557, -7.22, 6.98, -11.03, Forward
1761458754601, -7.23, 6.75, -10.98, Forward
1761458754646, -7.25, 6.44, -10.91, Forward
1761458754689, -7.15, 6.51, -10.80, Forward
1761458754764, -7.28, 5.68, -10.72, Forward
1761458754811, -7.28, 5.36, -10.62, Forward
1761458754863, -7.25, 5.30, -10.50, Forward
1761458754908, -7.28, 5.01, -10.37, Forward
1761458754951, -7.44, 4.59, -10.24, Forward
1761458754996, -7.25, 4.82, -10.13, Forward
1761458755039, -7.09, 4.79, -10.10, Forward
1761458755083, -6.94, 4.43, -10.01, Forward
1761458755128, -6.82, 3.98, -9.91, Forward
1761458755172, -6.81, 3.47, -9.90, Forward
1761458755215, -6.81, 3.38, -9.92, Forward
1761458755262, -6.77, 3.27, -9.89, Forward
1761458755306, -6.71, 3.10, -9.88, Forward
1761458755350, -6.63, 2.97, -9.88, Forward
1761458755397, -6.57, 2.98, -9.86, Forward
1761458755440, -6.82, 2.60, -9.85, Forward
1761458755485, -7.07, 2.16, -9.84, Forward
1761458755528, -7.31, 2.30, -9.88, Forward
1761458755575, -7.47, 2.35, -9.88, Forward
1761458755621, -7.48, 2.75, -9.86, Forward
1761458755668, -7.52, 2.82, -9.83, Forward
1761458755711, -7.62, 2.89, -9.87, Forward
1761458755755, -7.73, 2.96, -9.90, Forward
1761458755799, -7.71, 2.93, -9.92, Forward
1761458755845, -7.71, 2.71, -9.93, Forward
1761458755890, -7.65, 3.21, -10.00, Forward
1761458755935, -7.67, 3.18, -10.07, Forward
1761458755979, -7.53, 3.28, -10.10, Forward
1761458756023, -7.39, 3.26, -10.15, Forward
1761458756066, -7.13, 3.46, -10.09, Forward
1761458756112, -7.02, 3.61, -10.02, Forward
1761458756156, -6.83, 3.71, -9.89, Forward
1761458756200, -6.50, 3.20, -9.68, Forward
1761458756245, -6.38, 2.61, -9.48, Forward
1761458756288, -6.07, 2.00, -9.16, Forward
1761458756333, -5.66, 0.63, -8.77, Forward
1761458756378, -5.03, -0.18, -8.41, Forward
1761458756423, -4.48, -1.25, -8.06, Forward
1761458756468, -3.61, -1.95, -7.70, Forward
1761458756511, -2.94, -3.06, -7.50, Forward
1761458756556, -2.00, -3.78, -7.28, Forward
1761458756600, -1.16, -4.62, -7.11, Forward
1761458756646, -0.56, -4.84, -7.01, Forward
1761458756691, -0.08, -4.89, -6.98, Forward
1761458756734, 0.30, -4.91, -7.06, Forward
1761458756778, 0.43, -4.95, -7.17, Forward
1761458756822, 0.59, -5.11, -7.23, Forward
1761458756867, 0.61, -4.98, -7.34, Forward
1761458756912, 0.41, -5.01, -7.48, Forward
1761458756956, 0.23, -5.02, -7.57, Forward
1761458757001, -0.19, -5.20, -7.77, Forward
1761458757046, -0.49, -5.29, -7.91, Forward
1761458757091, -0.74, -5.48, -8.09, Forward
1761458757133, -0.74, -5.61, -8.19, Forward
1761458757177, -0.40, -5.53, -8.19, Forward
1761458757220, 0.01, -5.46, -8.14, Forward
1761458757264, 0.30, -5.35, -8.04, Forward
1761458757316, 0.60, -5.48, -7.93, Forward
1761458757362, 0.61, -5.72, -7.78, Forward
1761458757467, 0.71, -6.28, -7.39, Forward
1761458757509, 1.08, -6.68, -6.89, Forward
1761458757555, 1.37, -7.08, -6.42, Forward
1761458757598, 1.69, -7.40, -5.94, Forward
1761458757645, 1.95, -7.97, -5.18, Forward
1761458757688, 1.73, -8.81, -4.43, Forward
1761458757755, 1.51, -9.78, -3.58, Forward
1761458757799, 1.23, -10.77, -2.76, Left
1761458757845, 2.14, -13.28, -19.25, Left
1761458757890, 1.84, -14.22, -18.50, Left
1761458757964, 1.79, -14.92, -17.73, Left
1761458758007, 1.67, -15.50, -16.93, Left
1761458758060, 2.49, -17.50, -33.66, Left
1761458758104, 3.31, -19.49, -50.35, Left
1761458758148, 4.17, -21.25, -67.34, Left
1761458758196, 4.41, -22.97, -84.56, Left
1761458758242, 4.91, -24.51, -101.76, Left
1761458758290, 4.12, -25.56, -101.56, Left
1761458758333, 2.19, -24.92, -83.99, Left
1761458758379, 2.74, -25.30, -83.59, Left
1761458758421, 3.00, -25.56, -83.48, Left
1761458758464, 4.09, -26.14, -83.53, Left
1761458758513, 4.38, -25.36, -66.08, Left
1761458758558, 5.29, -25.70, -66.33, Left
1761458758603, 6.26, -26.15, -66.82, Left
1761458758648, 7.89, -26.54, -67.19, Left
1761458758694, 8.93, -26.10, -49.87, Left
1761458758739, 11.22, -26.11, -49.98, Left
1761458758782, 14.24, -26.94, -68.15, Left
1761458758827, 15.61, -26.96, -68.61, Left
1761458758873, 17.39, -26.93, -68.79, Left
1761458758917, 18.50, -26.82, -68.82, Left
1761458758962, 19.03, -26.45, -68.88, Left
1761458759068, 18.63, -24.87, -51.46, Left
1761458759111, 18.03, -23.10, -33.77, Left
1761458759156, 17.34, -21.34, -16.14, Left
1761458759198, 16.81, -20.67, -16.49, Left
1761458759246, 16.37, -19.85, -16.76, Left
1761458759290, 15.45, -18.37, 0.88, Left
1761458759357, 15.22, -19.17, -17.06, Left
1761458759400, 14.31, -18.89, -17.37, Left
1761458759447, 13.60, -18.39, -17.60, Left
1761458759493, 12.99, -18.16, -17.88, Left
1761458759539, 12.98, -17.90, -17.98, Left
1761458759585, 13.98, -7.24, -12.51, Up
1761458759661, 12.28, -3.64, -17.65, Up
1761458759704, 14.18, 7.37, -19.24, Up
1761458759749, 16.03, 18.22, -20.63, Right
1761458759795, 16.24, 16.82, -38.53, Right
1761458759840, 16.25, 16.56, -38.69, Right
1761458759885, 15.95, 15.03, -56.66, Right
1761458759964, 13.35, 14.57, -56.84, Right
1761458760011, 11.05, 14.00, -56.87, Right
1761458760056, 8.37, 13.38, -56.98, Right
1761458760100, 5.48, 2.54, -62.65, Forward
1761458760144, 5.96, -2.53, -75.38, Forward
1761458760186, 3.07, -14.57, -91.64, Left
1761458760251, -0.96, -22.88, -108.86, Left
1761458760296, 0.76, -20.31, -103.09, Left
1761458760341, -1.93, -16.27, -86.42, Left
1761458760385, -2.77, -15.61, -86.54, Left
1761458760427, -2.11, -14.59, -86.79, Left
1761458760472, -1.19, -13.51, -87.13, Left
1761458760557, -8.02, -2.84, -82.98, Forward
1761458760600, -7.81, -2.16, -83.37, Forward
1761458760645, -8.20, -0.19, -66.03, Forward
1761458760691, -9.79, 6.08, -40.04, Forward
1761458760735, -8.22, 2.69, -39.52, Forward
1761458760778, -11.02, 0.81, -45.28, Down
1761458760861, -10.08, -1.01, -44.40, Down
1761458760905, -10.50, 0.66, -26.78, Down
1761458760948, -10.42, 0.77, -26.93, Down
1761458760994, -9.70, -0.71, -44.55, Forward
1761458761039, -2.08, -10.31, -49.10, Left
1761458761082, -2.01, -9.98, -49.07, Forward
1761458761163, -1.81, -9.64, -49.06, Forward
1761458761209, -0.44, -13.78, -57.56, Left
1761458761255, -1.02, -12.00, -39.91, Left
1761458761298, -1.70, -10.39, -22.36, Left
1761458761344, -1.81, -10.40, -22.38, Left
1761458761388, -1.51, -10.22, -22.37, Left
1761458761453, -1.22, -10.23, -22.38, Left
1761458761496, -1.77, -8.56, -4.85, Forward
1761458761540, -1.39, -8.47, -4.82, Forward
1761458761584, -1.32, -8.73, -4.81, Forward
1761458761628, -1.43, -9.00, -4.83, Forward
1761458761672, -1.29, -9.28, -4.76, Forward
1761458761755, -1.35, -9.84, -4.73, Forward
1761458761799, -1.31, -10.38, -4.70, Left
1761458761844, -1.14, -10.85, -4.63, Left
1761458761888, -1.38, -11.59, -4.57, Left
1761458761931, -1.66, -12.26, -4.50, Left
1761458761977, -1.94, -12.78, -4.42, Left
1761458762060, -0.77, -14.59, -21.44, Left
1761458762104, 0.62, -16.31, -38.47, Left
1761458762148, 2.10, -18.00, -55.48, Left
1761458762194, 3.36, -19.43, -72.51, Left
1761458762239, 4.81, -20.55, -89.52, Left
1761458762282, 5.12, -20.42, -89.08, Left
1761458762364, 5.35, -20.54, -88.64, Left
1761458762409, 5.70, -20.50, -88.18, Left
1761458762453, 6.08, -20.34, -87.72, Left
1761458762497, 6.26, -20.73, -87.32, Left
1761458762545, 4.83, -19.77, -69.85, Left
1761458762589, 4.19, -18.34, -52.38, Left
1761458762652, 4.40, -17.13, -35.22, Left
1761458762695, 4.30, -16.12, -18.16, Left
1761458762738, 3.95, -14.95, -1.00, Left
1761458762783, 7.06, -16.21, -18.80, Left
1761458762827, 10.30, -17.28, -36.65, Left
1761458762871, 12.50, -16.99, -37.32, Left
1761458762957, 14.64, -16.73, -37.91, Left
1761458763002, 17.55, -16.86, -55.99, Left
1761458763047, 19.91, -16.22, -56.52, Left
1761458763094, 21.45, -15.92, -57.16, Left
1761458763137, 22.13, -15.31, -57.45, Left
1761458763181, 22.88, -14.84, -57.95, Left
1761458763260, 23.52, -14.66, -58.88, Left
1761458763305, 22.34, -13.01, -42.04, Left
1761458763349, 20.99, -11.25, -25.00, Left
1761458763398, 20.61, -11.04, -25.22, Left
1761458763444, 20.04, -10.94, -25.55, Left
1761458763489, 18.69, -9.62, -8.45, Up
1761458763564, 18.75, -9.39, -26.47, Up
1761458763610, 18.43, -8.55, -26.86, Up
1761458763654, 17.87, -8.18, -27.41, Up
1761458763697, 17.75, -7.64, -27.50, Up
1761458763745, 18.19, -7.05, -27.12, Up
1761458763790, 17.17, -6.34, -27.50, Up
1761458763853, 16.24, -5.29, -27.71, Up
1761458763895, 15.95, -4.31, -27.71, Up
1761458763943, 16.64, -2.94, -27.48, Up
1761458763988, 16.54, -3.34, -26.74, Up
1761458764030, 16.34, -3.25, -8.14, Up
1761458764076, 13.19, -5.32, -7.40, Up
1761458764156, 10.84, -6.07, -6.42, Up
1761458764201, 11.72, 3.55, -6.19, Up
1761458764245, 10.21, 1.13, -23.35, Up
1761458764287, 10.48, -1.40, -38.49, Up
1761458764332, 10.48, -4.42, -54.21, Up
1761458764375, 9.19, -5.81, -52.55, Forward
1761458764460, 7.13, -7.35, -51.19, Forward
1761458764505, 5.97, -7.82, -50.14, Forward
1761458764550, 4.19, -8.54, -49.37, Forward
1761458764593, 5.79, -7.72, -48.37, Forward
1761458764640, 6.79, -7.91, -47.52, Forward
1761458764683, 4.46, -18.55, -46.06, Left
1761458764764, 5.98, -18.98, -44.34, Left
1761458764810, 5.20, -17.50, -27.15, Left
1761458764857, 4.73, -16.06, -9.72, Left
1761458764902, 7.78, -5.52, -15.76, Forward
1761458764945, 8.23, -5.44, -15.69, Forward
1761458764993, 8.42, -5.29, -15.92, Forward
1761458765054, 8.88, -4.54, -16.00, Forward
1761458765098, 9.26, -3.89, -15.98, Forward
1761458765146, 9.73, -3.21, -15.93, Forward
1761458765192, 9.91, -2.60, -16.14, Forward
1761458765239, 8.26, -0.25, 0.60, Forward
1761458765282, 7.97, 0.08, 0.14, Forward
1761458765355, 7.66, 0.78, -0.50, Forward
1761458765400, 4.42, -9.23, 4.83, Forward
1761458765444, 3.74, -8.85, 4.12, Forward
1761458765488, 3.55, -8.14, 3.40, Forward
1761458765531, 3.06, -8.09, 2.59, Forward
1761458765574, 2.76, -8.08, 1.55, Forward
1761458765660, 2.01, -8.38, 0.18, Forward
1761458765702, 1.51, -8.58, -0.92, Forward
1761458765745, 1.11, -8.74, -1.99, Forward
1761458765790, 0.75, -9.21, -3.08, Forward
1761458765833, 0.44, -9.93, -3.98, Forward
1761458765877, -0.03, -10.34, -5.16, Left
1761458765948, -0.41, -10.59, -6.36, Left
1761458765993, -0.92, -10.85, -7.32, Left
1761458766037, -1.30, -10.92, -8.24, Left
1761458766081, -1.91, -10.37, -9.09, Left
1761458766127, -1.99, -9.21, -9.54, Forward
1761458766172, -1.54, -5.47, -10.16, Forward
1761458766251, -1.11, 0.83, -10.75, Forward
1761458766295, -0.76, 7.37, -11.14, Forward
1761458766338, -0.27, 13.81, -11.54, Right
1761458766382, -8.38, 16.93, -12.05, Right
1761458766428, -5.56, 24.45, 4.47, Right
1761458766472, -13.69, 27.24, 3.46, Right
1761458766556, -14.71, 34.29, 21.37, Right
1761458766599, -12.07, 42.48, 20.15, Right
1761458766643, -8.37, 50.38, 35.67, Right
1761458766688, -9.16, 52.49, 53.81, Right
1761458766732, -11.22, 46.94, 36.50, Right
1761458766776, -9.40, 49.40, 53.33, Right
1761458766859, -9.11, 46.82, 53.13, Right
1761458766905, -9.24, 46.84, 48.83, Right
1761458766951, -12.10, 40.80, 50.35, Right
1761458766994, -12.18, 40.81, 49.54, Right
1761458767887, -19.50, 33.19, 26.46, Right
1761458767931, -29.71, 20.58, 24.05, Right
1761458767976, -32.56, 18.59, 26.07, Right
1761458768060, -26.80, 22.57, 21.00, Right
1761458768146, -25.49, 28.65, 56.28, Right
1761458768235, -24.02, 15.59, 43.85, Right
1761459221248, -23.52, 15.41, 45.28, Right
1761459221293, -13.76, 15.60, 51.23, Right
1761459221341, -12.25, 17.17, 34.36, Right
1761459221384, -2.58, 15.91, 37.65, Right
1761459221438, 7.50, 21.09, 42.91, Right
1761459221485, 17.03, 29.52, 46.62, Right
1761459221536, 18.09, 27.27, 29.08, Right
1761459221588, 14.21, 23.10, 16.11, Right
1761459541139, 15.30, 21.26, -1.47, Right
1761459541183, 10.64, 34.80, -22.25, Right
1761459541229, 9.70, 36.70, -23.10, Right
1761459541308, 8.98, 38.69, -24.29, Right
1761459541351, 8.37, 40.79, -25.47, Right
1761459541400, 7.65, 44.40, -26.90, Right
1761459541448, 5.84, 43.99, -26.95, Right
1761459541493, 3.72, 43.81, -26.93, Right
1761459541538, 1.31, 43.12, -26.93, Right
1761459541612, -1.07, 41.42, -27.08, Right
1761459541656, -2.64, 40.58, -27.49, Right
1761459541699, -2.27, 35.52, -11.11, Right
1761459541743, -2.97, 35.26, -11.78, Right
1761459541787, -3.92, 35.12, -12.13, Right
1761459541832, -4.81, 35.75, -12.71, Right
1761459541916, -2.31, 40.96, 1.84, Right
1761459541960, -4.27, 48.15, -0.26, Right
1761459542003, -0.94, 53.95, 14.51, Right
1761459542048, 3.76, 60.30, 27.69, Right
1761459553313, 3.09, 62.44, 12.44, Right
1761459553404, 5.90, 68.99, 30.52, Right
1761459553447, 8.78, 75.56, 48.79, Right
1761459553494, 11.24, 81.19, 67.35, Right
1761459553537, 14.00, 86.66, 85.24, Right
1761459553580, 16.78, 91.31, 103.42, Right
1761459553629, 15.86, 87.83, 88.72, Right
1761459553673, 20.60, 87.29, 107.55, Right
1761459553718, 16.70, 85.72, 76.03, Right
1761459553762, 16.67, 70.85, 67.35, Right
1761459553806, 17.01, 72.59, 66.34, Right
1761459553849, 15.05, 67.45, 31.52, Right
1761459553895, 15.09, 67.97, 30.09, Right
1761459553940, 17.16, 52.83, 17.08, Right
1761459553983, 12.30, 42.18, 17.80, Right
1761459554027, 13.92, 27.17, 5.45, Right
1761459554071, 16.63, 31.16, 19.94, Right
1761459554115, 18.52, 15.65, 9.44, Right
1761459554164, 23.79, 2.34, 31.03, Up
1761459554214, 24.07, 2.36, 31.91, Up
1761459554259, 29.37, -9.90, 54.00, Up
1761459554306, 33.91, -4.15, 85.98, Up
1761459554396, 28.85, -15.47, 51.88, Left
1761459554442, 20.82, -8.87, 63.18, Up
1761459554513, 27.06, 2.44, 61.25, Up
1761459554559, 27.68, 17.86, 71.80, Right
1761459554603, 27.38, 17.95, 73.02, Right
1761459554646, 25.42, 33.26, 84.03, Right
1761459554700, 24.33, 48.85, 95.75, Right
1761459554744, 22.93, 64.43, 107.22, Right
1761459554788, 21.67, 79.99, 118.42, Right
1761459554831, 21.69, 80.26, 118.41, Right
1761459554877, 16.43, 80.20, 127.11, Right
1761459554922, 17.92, 87.43, 95.86, Right
1761459555005, 11.98, 78.88, 63.00, Right
1761459555048, 12.15, 79.32, 62.13, Right
1761459555095, 12.36, 79.59, 61.61, Right
1761459555139, 16.07, 79.75, 57.87, Right
1761459555183, 10.30, 68.49, 24.09, Right
1761459555228, 12.90, 68.35, 21.43, Right
1761459555273, 7.18, 57.60, -12.57, Right
1761459555315, 8.00, 57.32, -13.29, Right
1761459555360, 13.76, 57.84, -21.76, Right
1761459555406, 16.36, 48.19, -21.17, Right
1761459555450, 16.12, 45.58, -21.69, Right
1761459555495, 17.13, 45.43, -22.62, Right
1761459555538, 19.26, 45.20, -24.67, Right
1761459555582, 14.63, 41.46, -38.13, Right
1761459555628, 18.76, 48.90, -20.89, Right
1761459555672, 19.29, 49.16, -21.20, Right
1761459555716, 19.71, 49.23, -21.49, Right
1761459555760, 20.54, 49.00, -22.45, Right
1761459555803, 24.07, 55.70, -5.38, Right
1761459555846, 29.30, 66.79, 22.90, Right
1761459555890, 36.75, 77.63, 54.35, Right
1761459555935, 22.51, 66.35, 28.36, Right
1761459555978, 23.52, 66.16, 26.97, Right
1761459556021, 29.34, 69.65, 38.83, Right
1761459556063, 34.04, 73.11, 51.73, Right
1761459556111, 33.91, 72.48, 50.97, Right
1761459556157, 40.25, 67.47, 72.11, Right
1761459556204, 31.18, 53.15, 42.46, Right
1761459556248, 27.06, 42.73, 25.38, Right
1761459563998, 22.55, 35.78, 11.92, Right
1761459564042, 19.01, 28.82, -1.85, Right
1761459564091, 28.21, 31.29, 11.37, Right
1761459564135, 21.11, 22.90, 0.84, Right
1761459564179, 14.48, 14.64, -10.02, Right
1761459564225, 8.46, 4.98, -21.58, Forward
1761459564272, 2.87, -4.83, -33.22, Forward
1761459564316, -0.54, 1.09, -35.52, Forward
1761459564362, 2.75, 5.85, -17.83, Forward
1761459564412, 6.17, 10.86, 0.75, Right
1761459564460, 5.76, 8.84, 1.55, Forward
1761459564503, 5.22, 7.29, 2.55, Forward
1761459564547, 5.02, 7.03, 2.94, Forward
1761459564591, 5.31, 7.13, 3.13, Forward
1761459564699, 5.41, 7.72, 3.15, Forward
1761459564744, 5.90, 9.70, 2.87, Forward
1761459564789, 6.34, 11.77, 2.48, Right
1761459564834, 6.59, 13.31, 2.18, Right
1761459564877, 6.77, 15.31, 1.92, Right
1761459564925, 7.16, 17.54, 1.52, Right
1761459564987, 7.63, 19.69, 0.96, Right
1761459565031, 7.61, 21.37, 0.22, Right
1761459565075, 7.79, 23.32, -0.57, Right
1761459565117, 7.99, 25.15, -1.38, Right
1761459565195, 9.77, 31.18, 14.46, Right
1761459565240, 9.95, 33.73, 13.49, Right
1761459565292, 9.28, 40.76, 30.35, Right
1761459565336, 14.57, 48.66, 42.67, Right
1761459565379, 14.80, 52.68, 41.64, Right
1761459597888, 13.56, 58.67, 23.85, Right
1761459597935, 10.24, 60.72, 7.03, Right
1761459597983, 9.67, 61.06, 7.05, Right
1761459598027, 13.71, 52.54, 13.00, Right
1761459598073, 12.70, 53.27, 13.42, Right
1761459598117, 9.94, 49.62, -2.36, Right
1761459598172, 5.72, 53.83, -16.37, Right
1761459598217, 1.65, 53.90, -47.75, Right
1761459598263, -8.12, 52.97, -74.98, Right
1761459598307, -8.37, 51.66, -57.05, Right
1761459598350, -2.81, 37.46, -32.20, Right
1761459598395, -2.20, 41.81, -30.99, Right
1761459598437, -6.29, 48.83, -44.96, Right
1761459599681, -6.08, 48.71, -45.04, Right
1761459599772, -1.31, 38.95, -39.98, Right
1761459599817, -2.28, 44.67, -57.49, Right
1761459599866, -0.63, 41.51, -59.87, Right
1761459599909, 8.56, 27.03, -39.63, Right
1761459599952, 11.12, 28.17, -42.22, Right
1761459600000, 9.14, 33.08, -76.63, Right
1761459600044, 3.46, 48.77, -101.30, Right
1761464712686, 3.48, 36.17, -101.00, Right
1761464712730, 11.06, 20.50, -83.44, Right
1761464712778, 9.66, 20.65, -86.32, Right
1761464712822, 5.90, 22.78, -88.61, Right
1761464712865, 7.78, 9.12, -68.73, Forward
1761464712912, 10.23, 0.51, -49.60, Up
1761464712986, 5.58, 3.50, -54.03, Forward
1761464713047, 7.16, -9.14, -35.26, Forward
1761464713098, 8.83, -21.16, -16.89, Left
1761464713189, 9.71, -33.15, 1.55, Left
1761464713236, 11.72, -31.36, 17.87, Left
1761464713278, 8.22, -27.41, 15.19, Left
1761464713323, 4.79, -23.19, 13.25, Left
1761464713367, 3.98, -20.97, 11.36, Left
1761464713411, 3.48, -18.72, 9.50, Left
1761464713482, 2.92, -16.93, 8.29, Left
1761464713527, 2.71, -15.52, 7.57, Left
1761464713572, 2.65, -13.93, 6.86, Left
1761464713615, 2.55, -13.23, 6.34, Left
1761464713659, 2.53, -12.57, 6.06, Left
1761464713706, 2.72, -11.72, 5.67, Left
1761464713787, 3.00, -11.11, 5.27, Left
1761464713830, 3.24, -10.48, 4.84, Left
1761464713878, 3.38, -9.80, 4.43, Forward
1761464713922, 3.43, -10.00, 4.20, Forward
1761464713966, 3.25, -10.30, 3.96, Left
1761464714011, 3.04, -11.15, 3.76, Left
1761464714090, 2.84, -12.26, 3.41, Left
1761464714137, 2.76, -13.17, 3.27, Left
1761464714180, 2.57, -14.38, 3.04, Left
1761464714224, 2.17, -16.01, 2.84, Left
1761464714270, 1.62, -17.53, 2.62, Left
1761464714313, 1.17, -18.40, 2.21, Left
1761464714378, 0.34, -17.56, 1.75, Left
1761464714424, -0.19, -15.71, 1.25, Left
1761464714469, -0.54, -13.88, 0.80, Left
1761464714513, -0.81, -9.89, 0.69, Forward
1761464714561, -1.91, -5.59, 0.89, Forward
1761464714607, -2.58, 0.06, 1.14, Forward
1761464714682, -0.29, 11.05, 17.73, Right
1761464714729, 2.50, 21.94, 34.23, Right
1761464714778, 5.34, 33.31, 50.67, Right
1761464718877, 4.82, 33.92, 50.54, Right
1761464718921, 4.74, 32.65, 50.43, Right
1761464718965, 4.67, 31.26, 50.30, Right
1761464719009, 4.98, 31.01, 50.20, Right
1761464719052, 5.09, 29.86, 49.53, Right
1761464719095, 6.38, 28.36, 48.76, Right
1761464719179, 7.21, 25.75, 47.82, Right
1761464719226, 5.15, 17.86, 30.65, Right
1761464719274, 2.66, 10.02, 13.68, Right
1761464719318, 0.14, 1.50, -3.21, Forward
1761464719361, 0.91, 3.24, -3.40, Forward
1761464719408, 1.58, 4.40, -3.48, Forward
1761464719482, 2.17, 5.77, -3.62, Forward
1761464719527, 2.53, 6.08, -3.77, Forward
1761464719571, 2.95, 5.65, -3.75, Forward
1761464719614, 2.78, 5.69, -3.87, Forward
1761464719660, 2.68, 5.54, -3.96, Forward
1761464719704, 2.52, 5.69, -4.15, Forward
1761464719786, 2.16, 5.86, -4.28, Forward
1761464719829, 1.81, 6.20, -4.42, Forward
1761464719877, 1.46, 6.12, -4.49, Forward
1761464719922, 1.00, 6.71, -4.58, Forward
1761464719966, 0.57, 6.96, -4.60, Forward
1761464720010, -0.06, 7.68, -4.71, Forward
1761464720077, -0.88, 8.41, -4.85, Forward
1761464720121, -1.32, 8.86, -4.88, Forward
1761464720165, -1.88, 9.31, -4.91, Forward
1761464720209, -2.44, 9.50, -4.88, Forward
1761464720253, -2.80, 9.55, -4.91, Forward
1761464720297, -3.17, 9.94, -4.93, Forward
1761464720379, -3.53, 10.51, -4.99, Right
1761464720426, -3.75, 11.05, -5.10, Right
1761464720472, -4.01, 11.67, -5.23, Right
1761464720515, -4.07, 12.26, -5.32, Right
1761464720561, -4.04, 12.75, -5.40, Right
1761464720609, -4.10, 13.38, -5.51, Right
1761464720683, -4.12, 13.88, -5.59, Right
1761464720727, -4.07, 14.30, -5.65, Right
1761464720772, -4.02, 14.85, -5.71, Right
1761464720816, -3.97, 15.64, -5.85, Right
1761464720859, -3.90, 16.17, -5.96, Right
1761464720905, -3.81, 16.37, -6.02, Right
1761464720970, -3.54, 16.82, -6.10, Right
1761464721013, -3.46, 16.57, -6.09, Right
1761464721059, -3.32, 16.72, -6.12, Right
1761464721103, -3.12, 17.55, -6.26, Right
1761464721146, -2.94, 18.19, -6.39, Right
1761464721191, -2.81, 18.72, -6.44, Right
1761464721275, -2.64, 18.94, -6.42, Right
1761464721319, -2.53, 19.38, -6.45, Right
1761464721365, -2.43, 19.96, -6.48, Right
1761464721409, -2.43, 21.03, -6.52, Right
1761464721451, -2.60, 21.90, -6.55, Right
1761464721494, -2.66, 23.64, -6.63, Right
1761464721580, -2.70, 25.27, -6.70, Right
1761464721626, -2.77, 25.83, -6.61, Right
1761464721674, -2.75, 26.77, -6.56, Right
1761464721717, -2.69, 29.25, -6.85, Right
1761464721761, -2.56, 31.95, -7.22, Right
1761464721809, -2.52, 34.98, -7.44, Right
1761464721883, -3.50, 36.53, 10.22, Right
1761464721927, -4.98, 41.31, -6.49, Right
1761464721976, -5.47, 40.28, -6.07, Right
1761464722063, -8.43, 40.87, -21.92, Right
1761464722110, -11.12, 42.68, -38.41, Right
1761464722173, -12.75, 44.80, -56.10, Right
1761464722218, -16.01, 47.11, -72.24, Right
1761464722263, -19.63, 49.73, -87.64, Right
1761464722309, -21.40, 50.29, -104.35, Right
1761464722353, -22.79, 54.23, -120.56, Right
1761464722686, -22.08, 58.70, -120.27, Right
1761464722779, -19.06, 53.26, -105.32, Right
1761464722824, -18.31, 59.66, -87.86, Right
1761464722870, -15.52, 63.63, -89.83, Right
1761464722914, -11.73, 64.29, -74.20, Right
1761464722959, -9.22, 64.61, -57.40, Right
1761464723003, -5.38, 64.64, -41.91, Right
1761464723083, -1.17, 61.26, -26.36, Right
1761464723127, 1.12, 59.38, -9.37, Right
1761464723173, 3.18, 53.98, 7.00, Right
1761464723217, 4.09, 48.82, -10.71, Right
1761464723262, 3.02, 48.59, -8.39, Right
1761464723310, 3.32, 41.89, -25.73, Right
1761464723377, 4.24, 35.41, -7.39, Right
1761464723424, 3.74, 30.42, -5.92, Right
1761464723468, 3.38, 25.63, -4.44, Right
1761464723512, 3.66, 21.53, -3.29, Right
1761464723558, 3.92, 19.27, -2.73, Right
1761464723602, 3.97, 17.06, -2.30, Right
1761464723674, 4.01, 14.20, -1.75, Right
1761464723721, 4.01, 11.74, -1.48, Right
1761464723763, 4.26, 10.74, -1.54, Right
1761464723808, 4.33, 10.41, -1.66, Right
1761464723851, 4.09, 9.85, -1.71, Forward
1761464723894, 4.14, 11.20, -2.15, Right
1761464723978, 4.11, 14.60, -2.93, Right
1761464724026, 3.77, 17.25, -3.65, Right
1761464724070, 3.43, 19.65, -4.30, Right
1761464724114, 3.43, 23.52, -5.10, Right
1761464724158, 3.46, 27.29, -5.93, Right
1761464724202, 3.24, 31.98, -6.53, Right
1761464724282, 3.75, 37.91, -7.64, Right
1761464724324, 4.41, 43.74, -8.79, Right
1761464724367, 5.31, 49.76, -10.07, Right
1761464724411, 5.52, 54.29, -10.99, Right
1761464724458, 3.77, 57.13, -27.97, Right
1761464724505, 1.97, 60.21, -44.71, Right
1761464724577, 2.18, 63.08, -45.06, Right
1761464724620, 2.30, 65.12, -45.30, Right
1761464724664, 2.33, 67.06, -45.47, Right
1761464724708, 2.77, 68.28, -45.98, Right
1761464724754, 2.49, 68.47, -46.00, Right
1761464724798, 2.37, 68.63, -46.04, Right
1761464724875, 2.20, 68.84, -46.14, Right
1761464724917, 2.90, 69.03, -46.39, Right
1761464724961, 5.64, 69.11, -30.26, Right
1761464725009, 8.34, 68.97, -14.05, Right
1761464725052, 8.90, 69.08, -14.27, Right
1761464725095, 7.93, 69.61, -30.93, Right
1761464725178, 7.39, 70.41, -47.95, Right
1761464725223, 6.72, 71.24, -64.82, Right
1761464725268, 6.17, 72.09, -81.79, Right
1761464725312, 5.64, 72.95, -98.83, Right
1761464725357, 5.65, 73.94, -80.03, Right
1761464725404, 5.20, 74.99, -96.88, Right
1761464725483, 4.68, 76.06, -113.76, Right
1761464725526, 4.16, 77.20, -130.93, Right
1761464725575, 3.56, 78.33, -147.82, Right
1761464725619, 4.57, 79.22, -148.41, Right
1761464725662, 5.33, 80.00, -148.81, Right
1761464725708, 3.36, 78.71, -146.17, Right
1761464725776, 0.09, 69.10, -111.19, Right
1761464725821, 2.36, 68.79, -95.34, Right
1761464725868, 2.12, 69.59, -95.35, Right
1761464725913, 4.02, 69.08, -79.62, Right
1761464725957, 3.62, 69.73, -79.62, Right
1761464726001, 4.13, 63.54, -61.61, Right
1761464726075, 4.89, 61.20, -44.62, Right
1761464726119, 5.12, 58.66, -27.49, Right
1761464726164, 5.18, 55.97, -10.24, Right
1761464726207, 7.70, 54.97, 4.28, Right
1761464726252, 11.51, 62.06, -13.41, Right
1761464726294, 9.40, 59.11, -11.65, Right
1761464726378, 9.11, 54.41, -29.60, Right
1761464726423, 6.67, 50.91, -27.50, Right
1761464726469, 6.62, 46.17, -9.64, Right
1761464726513, 5.87, 47.78, -9.67, Right
1761464726558, 5.09, 45.31, -8.91, Right
1761464726601, 4.70, 41.26, -7.80, Right
1761464726666, 4.37, 36.54, -6.58, Right
1761464726710, 4.18, 31.80, -5.65, Right
1761464726757, 3.95, 27.54, -4.84, Right
1761464726802, 3.98, 23.74, -4.23, Right
1761464726846, 4.04, 20.27, -3.68, Right
1761464726890, 4.41, 17.22, -3.29, Right
1761464726972, 5.00, 14.25, -2.96, Right
1761464727016, 5.11, 11.65, -2.73, Right
1761464727062, 5.21, 9.34, -2.52, Forward
1761464727114, 5.38, 9.32, -2.80, Forward
1761464727170, 5.51, 9.67, -3.08, Forward
1761464727223, 5.82, 11.16, -3.55, Right
1761464727282, 6.16, 12.25, -3.99, Right
1761464727327, 6.34, 13.96, -4.37, Right
1761464727377, 6.57, 16.25, -4.92, Right
1761464727424, 6.51, 18.44, -5.40, Right
1761464727470, 6.27, 20.33, -5.82, Right
1761464727514, 6.26, 21.75, -6.09, Right
1761464727580, 6.23, 23.50, -6.52, Right
1761464727626, 5.99, 24.24, -6.66, Right
1761464727674, 5.89, 25.19, -6.91, Right
1761464727719, 5.70, 25.50, -7.12, Right
1761464727765, 5.33, 25.36, -7.17, Right
1761464727808, 5.20, 25.29, -7.32, Right
1761464727867, 4.93, 23.95, -7.21, Right
1761464727914, 4.82, 22.24, -7.00, Right
1761464727975, 4.65, 20.73, -6.80, Right
1761464728030, 4.45, 19.78, -6.77, Right
1761464728093, 4.21, 18.56, -6.63, Right
1761464728158, 4.10, 17.39, -6.56, Right
1761464728219, 3.93, 16.77, -6.53, Right
1761464728281, 3.67, 15.69, -6.40, Right
1761464728341, 3.69, 15.01, -6.34, Right
1761464728387, 3.46, 13.18, -6.02, Right
1761464728435, 3.29, 12.20, -5.87, Right
1761464728479, 3.22, 10.97, -5.63, Right
1761464728579, 3.08, 9.51, -5.36, Forward
1761464728660, 2.94, 8.13, -5.12, Forward
1761464728728, 2.94, 6.55, -4.84, Forward
1761464728803, 2.99, 5.80, -4.66, Forward
1761464728856, 2.96, 4.64, -4.47, Forward
1761464728916, 3.16, 3.88, -4.28, Forward
1761464728976, 3.08, 3.38, -4.18, Forward
1761464729025, 3.02, 3.39, -4.15, Forward
1761464729072, 3.00, 3.43, -4.09, Forward
1761464729179, 2.70, 3.89, -4.18, Forward
1761464729225, 2.51, 4.63, -4.32, Forward
1761464729274, 2.41, 5.43, -4.42, Forward
1761464729319, 2.23, 6.29, -4.53, Forward
1761464729366, 2.00, 6.46, -4.56, Forward
1761464729413, 1.88, 6.63, -4.57, Forward
1761464729476, 1.62, 6.81, -4.61, Forward
1761464729525, 1.47, 6.83, -4.63, Forward
1761464729572, 1.32, 6.97, -4.68, Forward
