Head Tracking Session: phase1_cycle1_1761467868128
Start Time: 2025-10-26T04:37:48.132787
==================================================
Timestamp (ms), Pitch, Yaw, Roll, Direction
1761467871517, 0.00, 0.00, 0.00, Forward
1761467871569, 0.09, -1.53, 0.66, Forward
1761467871622, 0.08, -3.10, 1.09, Forward
1761467871672, -0.04, -1.92, 0.83, Forward
1761467871720, -0.06, -1.67, 0.82, Forward
1761467871774, 0.14, -1.47, 0.82, Forward
1761467871826, 0.12, -0.99, 0.68, Forward
1761467871871, -0.06, -0.85, 0.55, Forward
1761467871926, -0.18, -0.96, 0.51, Forward
1761467871974, -0.31, -1.14, 0.54, Forward
1761467872022, -0.46, -1.43, 0.63, Forward
1761467872073, -0.63, -1.40, 0.58, Forward
1761467872120, -0.81, -1.30, 0.52, Forward
1761467872194, -0.73, -1.28, 0.48, Forward
1761467872243, -0.91, -1.16, 0.40, Forward
1761467872290, -1.04, -0.75, 0.20, Forward
1761467872345, -1.13, 0.37, -0.14, Forward
1761467872394, -1.14, 1.19, -0.34, Forward
1761467872471, -1.34, 2.69, -0.77, Forward
1761467872522, -1.49, 3.82, -1.16, Forward
1761467872571, -1.65, 4.95, -1.55, Forward
1761467872620, -1.77, 5.77, -1.87, Forward
1761467872668, -1.87, 7.08, -2.30, Forward
1761467872728, -2.23, 7.55, -2.50, Forward
1761467872777, -2.38, 7.53, -2.57, Forward
1761467872826, -2.69, 7.20, -2.52, Forward
1761467872874, -3.09, 7.35, -2.59, Forward
1761467872925, -3.41, 8.06, -2.76, Forward
1761467873000, -3.45, 8.53, -2.87, Forward
1761467873049, -3.58, 9.50, -3.07, Forward
1761467873099, -3.70, 10.46, -3.27, Right
1761467873150, -3.63, 11.13, -3.43, Right
1761467873199, -3.70, 11.61, -3.59, Right
1761467873274, -3.85, 12.38, -3.78, Right
1761467873323, -4.03, 13.79, -4.10, Right
1761467873371, -4.16, 15.18, -4.47, Right
1761467873423, -4.25, 15.47, -4.55, Right
1761467873470, -4.29, 15.29, -4.55, Right
1761467873524, -4.71, 15.28, -4.57, Right
1761467873573, -4.91, 14.98, -4.54, Right
1761467873623, -5.12, 14.68, -4.51, Right
1761467873670, -5.56, 15.00, -4.58, Right
1761467873721, -5.98, 15.31, -4.58, Right
1761467873793, -6.42, 15.47, -4.60, Right
1761467873842, -6.76, 15.74, -4.68, Right
1761467873890, -7.14, 16.01, -4.71, Right
1761467873940, -7.40, 16.22, -4.72, Right
1761467873988, -7.78, 16.64, -4.80, Right
1761467874069, -7.94, 16.72, -4.78, Right
1761467874121, -8.21, 17.04, -4.80, Right
1761467874176, -8.47, 17.37, -4.82, Right
1761467874226, -8.53, 17.88, -4.89, Right
1761467874281, -8.53, 18.37, -4.96, Right
1761467874325, -8.44, 19.00, -5.08, Right
1761467874470, -8.44, 19.07, -5.12, Right
1761467874520, -8.45, 19.13, -5.16, Right
1761467874571, -8.40, 18.89, -5.18, Right
1761467874622, -8.42, 19.05, -5.31, Right
1761467874672, -8.27, 18.96, -5.40, Right
1761467874729, -8.12, 19.00, -5.43, Right
1761467874777, -7.95, 19.08, -5.50, Right
1761467874827, -7.99, 18.97, -5.52, Right
1761467874873, -8.08, 18.61, -5.48, Right
1761467874921, -8.06, 18.24, -5.39, Right
1761467874995, -7.92, 18.13, -5.35, Right
1761467875039, -7.85, 18.12, -5.38, Right
1761467875086, -7.85, 18.16, -5.38, Right
1761467875136, -7.70, 18.37, -5.34, Right
1761467875186, -7.67, 18.76, -5.32, Right
1761467875272, -7.71, 18.79, -5.32, Right
1761467875319, -7.66, 19.03, -5.34, Right
1761467875369, -7.64, 19.25, -5.37, Right
1761467875419, -7.44, 19.45, -5.46, Right
1761467875471, -7.36, 19.18, -5.53, Right
1761467875526, -7.28, 19.16, -5.53, Right
1761467875573, -7.26, 18.84, -5.41, Right
1761467875622, -7.23, 18.80, -5.39, Right
1761467875671, -7.23, 18.13, -5.25, Right
1761467875726, -7.20, 17.86, -5.22, Right
1761467875801, -7.09, 17.67, -5.23, Right
1761467875855, -7.09, 17.22, -5.21, Right
1761467875905, -7.07, 16.80, -5.16, Right
1761467875952, -7.03, 16.68, -5.18, Right
1761467876002, -6.94, 16.90, -5.22, Right
1761467876070, -6.91, 17.19, -5.40, Right
1761467876118, -6.76, 17.68, -5.62, Right
1761467876174, -6.62, 17.89, -5.76, Right
1761467876222, -6.48, 18.01, -5.82, Right
1761467876272, -6.40, 17.72, -5.81, Right
1761467876327, -6.25, 17.63, -5.79, Right
1761467876376, -6.23, 17.56, -5.78, Right
1761467876423, -6.21, 17.48, -5.77, Right
1761467876474, -6.27, 17.33, -5.71, Right
1761467876523, -6.25, 17.21, -5.63, Right
1761467876600, -6.24, 16.80, -5.46, Right
1761467876648, -6.24, 16.38, -5.30, Right
1761467876696, -6.24, 15.97, -5.13, Right
1761467876742, -6.35, 16.28, -5.14, Right
1761467876787, -6.48, 16.94, -5.27, Right
1761467876874, -6.60, 17.22, -5.33, Right
1761467876921, -6.66, 17.36, -5.38, Right
1761467876970, -6.78, 17.56, -5.42, Right
1761467877019, -6.88, 17.64, -5.41, Right
1761467877070, -6.98, 18.14, -5.52, Right
1761467877127, -6.95, 18.91, -5.75, Right
1761467877175, -7.04, 19.48, -5.93, Right
1761467877224, -7.14, 20.05, -6.11, Right
1761467877275, -7.17, 19.83, -6.12, Right
1761467877323, -7.10, 19.43, -6.07, Right
1761467877402, -7.14, 19.57, -6.11, Right
1761467877454, -7.11, 19.79, -6.09, Right
1761467877502, -7.03, 20.12, -6.15, Right
1761467877554, -6.87, 20.65, -6.31, Right
1761467877603, -6.80, 20.72, -6.36, Right
1761467877672, -6.99, 20.32, -6.23, Right
1761467877721, -6.95, 20.33, -6.20, Right
1761467877770, -7.00, 20.41, -6.20, Right
1761467877819, -6.88, 20.97, -6.30, Right
1761467877870, -6.87, 21.49, -6.38, Right
1761467877925, -6.75, 21.50, -6.43, Right
1761467877973, -6.64, 21.45, -6.53, Right
1761467878021, -6.53, 21.24, -6.58, Right
1761467878070, -6.57, 21.14, -6.59, Right
1761467878117, -6.53, 20.80, -6.52, Right
1761467878196, -6.20, 20.52, -6.49, Right
1761467878243, -6.02, 20.47, -6.52, Right
1761467878289, -5.77, 20.27, -6.50, Right
1761467878334, -5.66, 19.98, -6.52, Right
1761467878383, -5.52, 19.62, -6.53, Right
1761467878470, -5.25, 19.06, -6.35, Right
1761467878517, -5.02, 18.48, -6.20, Right
1761467878567, -4.76, 18.00, -6.04, Right
1761467878615, -4.46, 16.94, -5.76, Right
1761467878667, -4.26, 16.09, -5.56, Right
1761467878729, -4.27, 15.60, -5.48, Right
1761467878774, -4.22, 14.68, -5.27, Right
1761467878823, -4.15, 13.82, -5.09, Right
1761467878876, -4.20, 13.40, -4.95, Right
1761467878927, -4.30, 13.21, -4.88, Right
1761467879002, -4.62, 13.55, -4.98, Right
1761467879052, -4.89, 13.98, -5.04, Right
1761467879108, -5.19, 14.26, -5.08, Right
1761467879158, -5.46, 15.07, -5.23, Right
1761467879208, -5.70, 15.94, -5.41, Right
1761467879270, -5.80, 16.78, -5.57, Right
1761467879319, -5.90, 17.63, -5.72, Right
1761467879369, -6.06, 18.52, -5.86, Right
1761467879416, -6.17, 18.87, -5.87, Right
1761467879466, -6.14, 19.04, -5.84, Right
1761467879527, -6.11, 19.21, -5.83, Right
1761467879572, -6.11, 19.22, -5.81, Right
1761467879621, -6.10, 19.31, -5.81, Right
1761467879670, -6.11, 19.25, -5.79, Right
1761467879719, -6.16, 19.26, -5.74, Right
1761467879797, -6.26, 19.28, -5.73, Right
1761467879851, -6.36, 19.30, -5.72, Right
1761467879900, -6.40, 19.28, -5.73, Right
1761467879956, -6.25, 19.41, -5.81, Right
1761467880011, -6.16, 19.51, -5.86, Right
1761467880092, -6.17, 19.41, -5.82, Right
1761467880144, -6.10, 19.37, -5.80, Right
1761467880196, -6.04, 19.36, -5.80, Right
1761467880244, -5.80, 18.97, -5.70, Right
1761467880292, -5.61, 18.63, -5.63, Right
1761467880338, -5.50, 18.35, -5.56, Right
1761467880454, -5.49, 18.07, -5.47, Right
1761467880504, -5.41, 17.72, -5.40, Right
1761467880552, -5.41, 17.38, -5.29, Right
1761467880601, -5.50, 16.92, -5.16, Right
1761467880653, -5.44, 16.89, -5.17, Right
1761467880727, -5.43, 16.99, -5.18, Right
1761467880773, -5.42, 17.32, -5.24, Right
1761467880818, -5.59, 18.02, -5.39, Right
1761467880869, -5.64, 18.39, -5.51, Right
1761467880919, -5.66, 18.56, -5.50, Right
1761467880996, -5.57, 18.75, -5.53, Right
1761467881044, -5.56, 19.01, -5.54, Right
1761467881090, -5.56, 18.94, -5.49, Right
1761467881136, -5.61, 19.32, -5.55, Right
1761467881185, -5.63, 19.32, -5.55, Right
1761467881260, -5.63, 19.34, -5.56, Right
1761467881308, -5.62, 19.08, -5.48, Right
1761467881354, -5.61, 18.83, -5.41, Right
1761467881402, -5.73, 18.76, -5.34, Right
1761467881451, -5.83, 18.80, -5.34, Right
1761467881526, -5.94, 18.82, -5.33, Right
1761467881570, -5.94, 18.82, -5.33, Right
1761467881621, -5.94, 19.11, -5.40, Right
1761467881672, -5.94, 18.77, -5.31, Right
1761467881726, -6.03, 18.53, -5.26, Right
1761467881796, -6.12, 18.23, -5.15, Right
1761467881843, -6.12, 17.95, -5.08, Right
1761467881888, -6.22, 17.68, -5.00, Right
1761467881935, -6.24, 17.66, -5.02, Right
1761467881984, -6.25, 17.40, -4.98, Right
1761467882054, -6.23, 17.19, -4.93, Right
1761467882104, -6.33, 16.93, -4.85, Right
1761467882152, -6.44, 16.92, -4.79, Right
1761467882201, -6.36, 17.12, -4.86, Right
1761467882253, -6.35, 17.56, -4.93, Right
1761467882321, -6.36, 17.98, -5.03, Right
1761467882367, -6.48, 18.43, -5.13, Right
1761467882413, -6.50, 18.86, -5.24, Right
1761467882459, -6.43, 19.06, -5.28, Right
1761467882505, -6.38, 19.44, -5.38, Right
1761467882596, -6.36, 19.55, -5.39, Right
1761467882644, -6.36, 19.77, -5.44, Right
1761467882689, -6.35, 19.72, -5.45, Right
1761467882735, -6.33, 19.88, -5.54, Right
1761467882781, -6.30, 19.53, -5.48, Right
1761467882854, -6.28, 18.81, -5.37, Right
1761467882901, -6.26, 18.52, -5.36, Right
1761467882950, -6.25, 18.22, -5.35, Right
1761467883001, -6.26, 17.94, -5.32, Right
1761467883054, -6.39, 17.66, -5.26, Right
1761467883122, -6.50, 17.36, -5.20, Right
1761467883173, -6.52, 17.10, -5.17, Right
1761467883220, -6.50, 17.09, -5.18, Right
1761467883269, -6.62, 17.07, -5.13, Right
1761467883320, -6.63, 17.38, -5.20, Right
1761467883396, -6.63, 18.05, -5.30, Right
1761467883444, -6.62, 18.29, -5.31, Right
1761467883491, -6.62, 18.54, -5.31, Right
1761467883542, -6.62, 18.53, -5.29, Right
1761467883591, -6.52, 18.45, -5.25, Right
1761467883657, -6.47, 18.93, -5.36, Right
1761467883705, -6.41, 19.43, -5.44, Right
1761467883753, -6.41, 19.76, -5.52, Right
1761467883803, -6.43, 19.80, -5.46, Right
1761467883851, -6.33, 19.82, -5.46, Right
1761467883922, -6.16, 19.07, -5.33, Right
1761467883969, -6.01, 17.96, -5.12, Right
1761467884017, -5.85, 16.85, -4.89, Right
1761467884065, -5.70, 16.23, -4.79, Right
1761467884114, -5.55, 15.66, -4.72, Right
1761467884197, -5.36, 15.10, -4.67, Right
1761467884245, -5.26, 14.04, -4.48, Right
1761467884293, -5.14, 12.90, -4.24, Right
1761467884338, -4.99, 11.88, -4.12, Right
1761467884385, -4.83, 10.83, -3.93, Right
1761467884453, -4.75, 10.67, -3.92, Right
1761467884503, -4.77, 10.88, -3.97, Right
1761467884550, -4.80, 11.08, -4.05, Right
1761467884606, -4.83, 11.02, -4.04, Right
1761467884652, -4.92, 11.54, -4.13, Right
1761467884725, -4.98, 11.98, -4.18, Right
1761467884776, -5.15, 12.82, -4.38, Right
1761467884820, -5.31, 13.62, -4.55, Right
1761467884871, -5.41, 14.09, -4.60, Right
1761467884918, -5.69, 14.59, -4.68, Right
1761467885001, -5.85, 14.59, -4.60, Right
1761467885055, -5.76, 14.82, -4.59, Right
1761467885104, -5.78, 15.06, -4.56, Right
1761467885153, -5.59, 15.57, -4.65, Right
1761467885200, -5.47, 15.07, -4.50, Right
1761467885254, -5.51, 14.31, -4.32, Right
1761467885300, -5.37, 13.55, -4.13, Right
1761467885349, -5.23, 12.84, -3.97, Right
1761467885402, -5.16, 12.43, -3.89, Right
1761467885450, -5.01, 12.37, -3.87, Right
1761467885523, -5.03, 12.21, -3.87, Right
1761467885570, -5.18, 12.13, -3.88, Right
1761467885618, -5.21, 12.04, -3.91, Right
1761467885668, -5.48, 11.61, -3.79, Right
1761467885718, -5.61, 11.63, -3.82, Right
1761467885798, -5.65, 11.78, -3.81, Right
1761467885849, -5.70, 11.86, -3.83, Right
1761467885899, -5.75, 11.60, -3.73, Right
1761467885950, -5.73, 11.62, -3.72, Right
1761467886002, -5.73, 11.24, -3.60, Right
1761467886055, -5.83, 11.64, -3.67, Right
1761467886103, -5.94, 11.72, -3.67, Right
1761467886153, -6.04, 11.79, -3.66, Right
1761467886202, -6.13, 11.94, -3.72, Right
1761467886252, -6.21, 12.02, -3.75, Right
1761467886322, -6.30, 11.91, -3.71, Right
1761467886369, -6.29, 11.85, -3.67, Right
1761467886417, -6.28, 12.13, -3.73, Right
1761467886467, -6.34, 12.02, -3.68, Right
1761467886519, -6.40, 11.82, -3.62, Right
1761467886598, -6.37, 11.60, -3.58, Right
1761467886650, -6.40, 11.19, -3.51, Right
1761467886697, -6.42, 10.77, -3.43, Right
1761467886742, -6.35, 11.02, -3.44, Right
1761467886786, -6.32, 11.18, -3.47, Right
1761467886854, -6.23, 11.35, -3.55, Right
1761467886902, -6.16, 11.52, -3.63, Right
1761467886951, -6.09, 11.69, -3.71, Right
1761467886998, -6.03, 11.80, -3.80, Right
1761467887050, -6.11, 12.27, -3.97, Right
1761467887123, -6.11, 12.59, -4.06, Right
1761467887171, -6.08, 12.93, -4.14, Right
1761467887218, -6.04, 13.59, -4.29, Right
1761467887269, -6.08, 13.46, -4.32, Right
1761467887317, -6.09, 13.08, -4.25, Right
1761467887397, -5.99, 13.05, -4.20, Right
1761467887446, -5.99, 13.08, -4.15, Right
1761467887502, -6.01, 13.07, -4.11, Right
1761467887561, -6.13, 13.28, -4.13, Right
1761467887625, -6.12, 13.31, -4.11, Right
1761467887682, -6.08, 13.61, -4.17, Right
1761467887798, -6.12, 14.39, -4.34, Right
1761467887845, -6.10, 14.93, -4.51, Right
1761467887892, -6.08, 15.56, -4.67, Right
1761467887937, -6.05, 16.23, -4.88, Right
1761467887986, -6.20, 16.67, -5.09, Right
1761467888053, -6.39, 17.06, -5.24, Right
1761467888100, -6.57, 17.39, -5.35, Right
1761467888150, -6.61, 17.75, -5.49, Right
1761467888201, -6.59, 18.10, -5.64, Right
1761467888251, -6.66, 18.07, -5.68, Right
1761467888323, -6.65, 17.28, -5.47, Right
1761467888369, -6.83, 16.46, -5.21, Right
1761467888417, -7.03, 15.69, -4.98, Right
1761467888467, -7.16, 15.42, -4.76, Right
1761467888517, -7.29, 15.21, -4.55, Right
1761467888597, -7.30, 14.81, -4.41, Right
1761467888647, -7.31, 14.74, -4.41, Right
1761467888699, -7.33, 14.54, -4.32, Right
1761467888749, -7.37, 14.64, -4.27, Right
1761467888799, -7.39, 14.70, -4.22, Right
1761467888855, -7.50, 15.02, -4.29, Right
1761467888901, -7.36, 15.27, -4.34, Right
1761467888950, -7.24, 15.46, -4.38, Right
1761467889000, -7.12, 15.55, -4.48, Right
1761467889052, -7.01, 15.54, -4.56, Right
1761467889130, -6.99, 15.98, -4.69, Right
1761467889177, -6.96, 16.18, -4.72, Right
1761467889227, -6.94, 16.42, -4.78, Right
1761467889275, -7.07, 16.24, -4.75, Right
1761467889323, -7.18, 16.09, -4.70, Right
1761467889405, -7.09, 16.21, -4.73, Right
1761467889453, -7.11, 16.48, -4.78, Right
1761467889504, -7.12, 16.79, -4.84, Right
1761467889552, -7.29, 17.06, -4.85, Right
1761467889605, -7.36, 17.31, -4.92, Right
1761467889657, -7.42, 17.11, -4.81, Right
1761467889709, -7.58, 17.01, -4.71, Right
1761467889766, -7.64, 16.82, -4.59, Right
1761467889824, -7.52, 16.64, -4.52, Right
1761467889877, -7.50, 16.51, -4.43, Right
1761467889929, -7.52, 16.44, -4.42, Right
1761467889984, -7.59, 16.25, -4.32, Right
1761467890034, -7.61, 16.03, -4.24, Right
1761467890083, -7.77, 15.78, -4.20, Right
1761467890133, -7.84, 15.58, -4.14, Right
1761467890200, -7.99, 15.67, -4.14, Right
1761467890249, -8.00, 15.52, -4.14, Right
1761467890297, -8.06, 15.58, -4.18, Right
1761467890347, -8.30, 15.74, -4.15, Right
1761467890395, -8.42, 15.85, -4.14, Right
1761467890455, -8.38, 16.29, -4.21, Right
1761467890501, -8.43, 16.33, -4.25, Right
1761467890548, -8.54, 16.40, -4.27, Right
1761467890596, -8.43, 16.50, -4.28, Right
1761467890648, -8.38, 16.57, -4.29, Right
1761467890695, -8.29, 16.46, -4.34, Right
1761467890744, -8.34, 16.62, -4.37, Right
1761467890793, -8.47, 16.54, -4.37, Right
1761467890842, -8.49, 16.49, -4.42, Right
1761467890888, -8.52, 16.49, -4.44, Right
1761467890997, -8.85, 15.95, -4.33, Right
1761467891049, -8.96, 15.75, -4.30, Right
1761467891100, -9.08, 15.59, -4.29, Right
1761467891150, -9.18, 15.43, -4.26, Right
1761467891201, -9.32, 15.31, -4.22, Right
1761467891256, -9.32, 15.55, -4.28, Right
1761467891304, -9.33, 15.44, -4.26, Right
1761467891354, -9.30, 15.45, -4.26, Right
1761467891400, -9.26, 15.32, -4.23, Right
1761467891521, -9.30, 15.20, -4.19, Right
1761467891569, -9.27, 15.15, -4.14, Right
1761467891651, -9.29, 15.15, -4.07, Right
1761467891698, -9.30, 15.11, -3.99, Right
1761467891749, -9.33, 15.18, -3.96, Right
1761467891798, -9.24, 15.50, -4.03, Right
1761467891924, -9.40, 15.42, -3.95, Right
1761467891970, -9.46, 15.57, -3.94, Right
1761467892053, -9.43, 15.79, -3.98, Right
1761467892100, -9.42, 16.14, -4.05, Right
1761467892150, -9.31, 16.43, -4.14, Right
1761467892202, -9.27, 16.54, -4.14, Right
1761467892323, -9.16, 16.73, -4.21, Right
1761467892369, -9.07, 17.10, -4.34, Right
1761467892451, -8.94, 17.25, -4.40, Right
1761467892498, -8.94, 17.20, -4.35, Right
1761467892550, -8.81, 17.23, -4.36, Right
1761467892600, -8.81, 17.14, -4.34, Right
1761467892723, -8.73, 17.19, -4.32, Right
1761467892769, -8.68, 17.21, -4.31, Right
1761467892852, -8.61, 17.37, -4.35, Right
1761467892900, -8.48, 17.73, -4.49, Right
1761467892947, -8.44, 18.02, -4.58, Right
1761467892997, -8.52, 18.03, -4.56, Right
1761467893122, -8.44, 17.98, -4.59, Right
1761467893171, -8.49, 17.96, -4.59, Right
1761467893252, -8.67, 17.97, -4.60, Right
1761467893301, -8.72, 18.07, -4.62, Right
1761467893347, -8.82, 17.95, -4.60, Right
1761467893398, -8.95, 17.81, -4.64, Right
1761467893522, -8.99, 18.02, -4.69, Right
1761467893573, -9.02, 18.23, -4.75, Right
1761467893657, -8.66, 18.80, -4.93, Right
1761467893705, -8.30, 19.61, -5.20, Right
1761467893750, -8.13, 20.57, -5.46, Right
1761467893799, -7.95, 21.48, -5.71, Right
1761467893922, -7.63, 22.54, -5.94, Right
1761467893969, -7.41, 23.60, -6.15, Right
1761467894052, -7.24, 24.65, -6.32, Right
1761467894100, -6.92, 25.75, -6.49, Right
1761467894151, -6.73, 26.35, -6.58, Right
1761467894198, -6.74, 27.05, -6.65, Right
1761467894324, -7.04, 27.29, -6.62, Right
1761467894371, -7.14, 27.52, -6.60, Right
1761467894451, -7.24, 27.72, -6.58, Right
1761467894499, -7.29, 27.89, -6.56, Right
1761467894548, -7.27, 27.92, -6.56, Right
1761467894596, -7.14, 27.80, -6.57, Right
1761467894723, -7.04, 27.20, -6.48, Right
1761467894769, -7.15, 26.76, -6.37, Right
1761467894851, -7.35, 26.68, -6.32, Right
1761467894905, -7.36, 26.44, -6.29, Right
1761467894954, -7.45, 26.45, -6.26, Right
1761467894999, -7.54, 26.09, -6.13, Right
1761467895122, -7.52, 25.91, -6.00, Right
1761467895168, -7.52, 25.86, -5.94, Right
1761467895255, -7.55, 25.64, -5.84, Right
1761467895303, -7.69, 25.55, -5.76, Right
1761467895350, -7.85, 25.95, -5.79, Right
1761467895401, -7.90, 26.26, -5.83, Right
1761467895523, -7.87, 26.08, -5.74, Right
1761467895569, -7.83, 25.96, -5.67, Right
1761467895651, -7.83, 25.73, -5.53, Right
1761467895699, -8.03, 25.72, -5.41, Right
1761467895747, -8.32, 25.59, -5.31, Right
1761467895796, -8.41, 25.19, -5.19, Right
1761467895924, -8.50, 25.11, -5.08, Right
1761467895967, -8.51, 25.24, -5.06, Right
1761467896052, -8.46, 25.47, -4.91, Right
1761467896100, -8.40, 25.60, -4.64, Right
1761467896147, -8.32, 25.89, -4.43, Right
1761467896197, -8.31, 25.78, -4.14, Right
1761467896323, -8.38, 26.06, -3.87, Right
1761467896367, -8.27, 26.46, -3.69, Right
1761467896451, -8.14, 27.08, -3.42, Right
1761467896499, -8.27, 27.81, -3.13, Right
1761467896551, -8.38, 28.37, -2.87, Right
1761467896599, -8.45, 28.89, -2.58, Right
1761467896722, -8.44, 28.44, -2.45, Right
1761467896772, -8.44, 28.23, -2.38, Right
1761467896852, -8.44, 27.83, -2.30, Right
1761467896899, -8.37, 27.83, -2.30, Right
1761467896950, -8.21, 27.39, -2.31, Right
1761467896998, -8.05, 26.98, -2.38, Right
1761467897123, -7.95, 26.35, -2.46, Right
1761467897167, -7.70, 25.78, -2.58, Right
1761467897252, -7.55, 25.45, -2.68, Right
1761467897300, -7.24, 24.90, -2.76, Right
1761467897347, -7.20, 25.24, -2.82, Right
1761467897397, -7.28, 25.50, -3.00, Right
1761467897521, -7.32, 25.98, -3.23, Right
1761467897567, -7.36, 26.41, -3.44, Right
1761467897651, -7.32, 26.98, -3.75, Right
1761467897696, -7.37, 27.43, -3.96, Right
1761467897746, -7.39, 27.84, -4.21, Right
1761467897796, -7.32, 28.12, -4.48, Right
1761467897925, -7.27, 28.20, -4.72, Right
1761467897968, -7.26, 28.49, -5.00, Right
1761467898053, -7.34, 28.25, -5.02, Right
1761467898097, -7.31, 27.91, -4.94, Right
1761467898147, -7.31, 27.51, -4.81, Right
1761467898198, -7.17, 27.37, -4.73, Right
1761467898324, -7.10, 27.39, -4.59, Right
1761467898375, -7.08, 27.26, -4.41, Right
1761467898451, -7.07, 27.16, -4.20, Right
1761467898499, -7.17, 27.18, -3.95, Right
1761467898545, -7.23, 27.17, -3.75, Right
1761467898594, -7.37, 26.97, -3.51, Right
1761467898724, -7.28, 27.38, -3.68, Right
1761467898775, -7.16, 27.68, -3.80, Right
1761467898850, -7.15, 28.37, -3.97, Right
1761467898897, -7.24, 28.81, -4.15, Right
1761467898949, -7.33, 28.94, -4.31, Right
1761467898995, -7.37, 29.38, -4.50, Right
1761467899123, -7.42, 29.74, -4.74, Right
1761467899169, -7.42, 30.05, -4.95, Right
1761467899254, -7.37, 30.43, -5.27, Right
1761467899304, -7.48, 30.74, -5.51, Right
1761467899362, -7.64, 30.86, -5.59, Right
1761467899415, -7.71, 30.42, -5.63, Right
1761467899526, -7.49, 29.87, -5.76, Right
1761467899574, -7.31, 29.42, -5.88, Right
1761467899653, -7.09, 28.71, -5.99, Right
1761467899702, -6.87, 27.97, -6.13, Right
1761467899748, -6.62, 27.41, -6.28, Right
1761467899800, -6.43, 26.83, -6.48, Right
1761467899923, -6.34, 26.23, -6.44, Right
1761467899971, -6.18, 25.80, -6.47, Right
1761467900052, -6.03, 25.46, -6.44, Right
1761467900107, -5.95, 25.68, -6.53, Right
1761467900153, -5.95, 25.60, -6.49, Right
1761467900198, -6.14, 25.24, -6.26, Right
1761467900324, -6.47, 25.09, -5.90, Right
1761467900369, -6.67, 24.76, -5.57, Right
1761467900455, -7.01, 24.20, -5.18, Right
1761467900503, -7.23, 23.73, -4.79, Right
1761467900554, -7.49, 23.20, -4.51, Right
1761467900600, -7.70, 22.77, -4.19, Right
1761467900724, -7.81, 22.26, -3.95, Right
1761467900772, -8.03, 21.95, -3.68, Right
1761467900855, -8.15, 21.52, -3.41, Right
1761467900902, -8.07, 21.20, -3.27, Right
1761467900951, -7.88, 20.91, -3.28, Right
1761467901000, -7.88, 20.73, -3.19, Right
1761467901124, -7.78, 20.82, -3.25, Right
1761467901174, -7.79, 20.87, -3.27, Right
1761467901255, -7.74, 21.20, -3.35, Right
1761467901305, -7.68, 21.46, -3.50, Right
1761467901354, -7.67, 21.78, -3.64, Right
1761467901401, -7.57, 21.95, -3.77, Right
1761467901524, -7.81, 22.22, -3.87, Right
1761467901569, -8.05, 22.70, -4.03, Right
1761467901618, -8.29, 23.03, -4.15, Right
1761467901665, -8.40, 23.49, -4.32, Right
1761467901711, -8.47, 23.71, -4.36, Right
1761467901760, -8.54, 23.97, -4.42, Right
1761467901808, -8.63, 23.79, -4.41, Right
1761467901856, -8.74, 23.58, -4.36, Right
1761467901901, -8.82, 23.39, -4.30, Right
1761467901947, -8.93, 23.38, -4.29, Right
1761467902050, -8.92, 23.46, -4.30, Right
1761467902098, -8.91, 23.42, -4.28, Right
1761467902191, -8.89, 23.51, -4.28, Right
1761467902239, -8.98, 23.39, -4.27, Right
1761467902292, -9.04, 23.51, -4.31, Right
1761467902340, -9.10, 23.50, -4.31, Right
1761467902452, -9.13, 23.29, -4.22, Right
1761467902503, -9.24, 23.10, -4.14, Right
1761467902586, -9.27, 23.15, -4.18, Right
1761467902634, -9.28, 23.03, -4.18, Right
1761467902682, -9.28, 22.91, -4.17, Right
1761467902731, -9.27, 22.72, -4.12, Right
1761467902852, -9.38, 22.82, -4.13, Right
1761467902898, -9.47, 22.95, -4.11, Right
1761467902982, -9.54, 22.75, -4.03, Right
1761467903031, -9.62, 22.69, -3.99, Right
1761467903078, -9.67, 23.00, -4.07, Right
1761467903127, -9.66, 23.05, -4.10, Right
1761467903253, -9.75, 22.89, -3.97, Right
1761467903303, -9.82, 22.65, -3.83, Right
1761467903384, -9.85, 22.57, -3.75, Right
1761467903432, -9.95, 22.57, -3.73, Right
1761467903481, -9.93, 22.30, -3.66, Right
1761467903528, -9.77, 22.10, -3.63, Right
1761467903652, -9.71, 22.13, -3.64, Right
1761467903699, -9.59, 22.21, -3.67, Right
1761467903789, -9.60, 22.16, -3.64, Right
1761467903839, -9.59, 22.23, -3.64, Right
1761467903892, -9.59, 22.27, -3.68, Right
1761467903942, -9.55, 22.83, -3.83, Right
1761467904055, -9.56, 23.26, -3.94, Right
1761467904105, -9.47, 23.65, -4.00, Right
1761467904187, -9.47, 24.09, -4.05, Right
1761467904237, -9.64, 24.49, -4.07, Right
1761467904289, -9.75, 24.79, -4.05, Right
1761467904332, -9.65, 24.34, -3.93, Right
1761467904452, -9.49, 24.15, -3.90, Right
1761467904504, -9.53, 24.09, -3.86, Right
1761467904585, -9.41, 23.91, -3.86, Right
1761467904632, -9.47, 23.53, -3.80, Right
1761467904680, -9.41, 23.07, -3.74, Right
1761467904729, -9.30, 22.61, -3.75, Right
1761467904852, -9.24, 22.64, -3.85, Right
1761467904900, -9.06, 22.63, -3.97, Right
1761467904983, -8.80, 22.49, -4.08, Right
1761467905032, -8.70, 23.11, -4.28, Right
1761467905080, -8.51, 23.56, -4.44, Right
1761467905132, -8.17, 23.78, -4.61, Right
1761467905252, -8.15, 23.23, -4.49, Right
1761467905308, -8.04, 22.15, -4.26, Right
1761467905388, -8.08, 19.30, -3.72, Right
1761467905437, -8.33, 16.88, -3.20, Right
1761467905487, -8.26, 13.52, -2.49, Right
1761467905534, -8.32, 12.72, -2.04, Right
1761467905653, -8.64, 13.58, -1.80, Right
1761467905703, -8.96, 14.24, -1.46, Right
1761467905786, -9.05, 14.55, -1.57, Right
1761467905834, -9.38, 15.04, -1.64, Right
1761467905880, -9.40, 16.54, -2.03, Right
1761467905928, -9.35, 17.70, -2.97, Right
1761467906052, -9.13, 19.91, -4.70, Right
1761467906106, -8.90, 21.78, -6.33, Right
1761467906188, -8.83, 23.76, -7.83, Right
1761467906233, -8.87, 23.22, -9.08, Right
1761467906280, -8.69, 21.13, -10.10, Right
1761467906329, -8.61, 19.45, -10.24, Right
1761467906451, -9.27, 17.86, -8.38, Right
1761467906502, -9.55, 16.41, -6.41, Right
1761467906582, -10.57, 15.06, -3.59, Right
1761467906633, -11.79, 14.02, -0.28, Right
1761467906683, -13.08, 14.16, 3.45, Right
1761467906732, -13.55, 13.65, 6.03, Right
1761467906852, -13.94, 15.91, 5.90, Right
1761467906902, -16.71, 18.99, 25.13, Right
1761467906988, -16.74, 20.80, 23.15, Right
1761467907038, -16.83, 22.42, 20.02, Right
1761467907087, -16.40, 24.49, 15.46, Right
1761467907132, -14.92, 25.97, 11.20, Right
1761467907250, -12.04, 28.53, 6.75, Right
1761467907298, -9.97, 28.93, 4.42, Right
1761467907386, -8.13, 25.82, 3.72, Right
1761467907435, -7.23, 23.05, 4.18, Right
1761467907485, -6.44, 17.62, 7.19, Right
1761467907533, -3.29, 12.72, -8.86, Right
1761467907651, -3.02, 8.32, -3.86, Forward
1761467907703, -2.69, 4.09, 1.30, Forward
1761467907789, -1.58, -2.10, 4.77, Forward
1761467907836, -2.66, -7.34, 7.08, Forward
1761467907885, -4.66, -13.62, 8.80, Left
1761467907932, -4.88, -17.95, 7.94, Left
1761467908055, -5.16, -16.35, 5.75, Left
1761467908108, -5.48, -14.22, 3.39, Left
1761467908196, -5.38, -8.51, 1.95, Forward
1761467908250, -5.47, -4.48, 0.62, Forward
1761467908308, -5.53, 0.30, -0.57, Forward
1761467908358, -5.63, 3.06, -0.94, Forward
1761467908450, -7.25, 4.56, -0.47, Forward
1761467908497, -8.09, 5.79, 0.51, Forward
1761467908581, -7.52, 5.25, 0.12, Forward
1761467908630, -7.65, 5.24, 0.17, Forward
1761467908678, -7.50, 2.41, 0.03, Forward
1761467908728, -8.01, 1.65, -0.20, Forward
1761467908851, -8.40, -0.31, -0.29, Forward
1761467908896, -8.39, -1.98, -0.79, Forward
1761467908981, -8.43, -3.20, -1.02, Forward
1761467909030, -8.54, -2.85, -1.99, Forward
1761467909077, -7.90, 0.61, -2.21, Forward
1761467909128, -7.01, 3.77, -2.61, Forward
1761467909251, -7.31, 8.01, -1.78, Forward
1761467909297, -7.73, 11.90, -0.85, Right
1761467909382, -8.21, 16.14, -0.11, Right
1761467909429, -7.78, 16.99, 1.12, Right
1761467909478, -7.87, 16.04, 1.14, Right
1761467909529, -8.02, 15.44, 0.98, Right
1761467909653, -8.07, 13.69, 0.74, Right
1761467909701, -7.90, 13.20, 0.25, Right
1761467909780, -7.92, 10.25, 0.25, Right
1761467909828, -7.93, 7.31, 0.59, Forward
1761467909877, -8.03, 4.79, 1.09, Forward
1761467909924, -8.28, 2.61, 1.71, Forward
1761467910050, -8.08, 1.15, 2.83, Forward
1761467910096, -8.02, 0.45, 3.83, Forward
1761467910183, -7.64, -0.04, 5.25, Forward
1761467910229, -7.40, -1.55, 6.99, Forward
1761467910277, -7.21, -2.40, 8.51, Forward
1761467910326, -7.21, -5.02, 10.24, Forward
1761467910450, -6.36, -2.65, 10.46, Forward
1761467910501, -5.61, 0.44, 10.49, Forward
1761467910581, -7.14, 4.70, -7.34, Forward
1761467910626, -5.74, 8.35, -8.72, Forward
1761467910672, -4.62, 10.41, -10.38, Right
1761467910715, -3.77, 13.36, -13.05, Right
1761467910850, -3.62, 15.60, -15.76, Right
1761467910897, -3.37, 18.31, -18.56, Right
1761467910980, -1.79, 20.50, -20.17, Right
1761467911032, -0.91, 24.43, -22.05, Right
1761467911085, -0.51, 25.28, -22.91, Right
1761467911131, -0.72, 24.77, -22.69, Right
1761467911251, 1.19, 23.57, -4.77, Right
1761467911298, 0.19, 23.20, -3.61, Right
1761467911381, -0.96, 23.77, -3.13, Right
1761467911429, -1.44, 23.64, -1.90, Right
1761467911479, -1.66, 23.44, -0.94, Right
1761467911528, -1.84, 23.63, -0.51, Right
1761467911651, -3.70, 24.22, -1.12, Right
1761467911697, -4.81, 23.65, -1.42, Right
1761467911780, -5.82, 22.29, -0.92, Right
1761467911827, -6.22, 22.38, -1.30, Right
1761467911877, -6.41, 22.43, -1.76, Right
1761467911927, -6.44, 20.01, -1.50, Right
1761467912051, -5.85, 19.06, -1.50, Right
1761467912097, -5.60, 18.54, -1.44, Right
1761467912179, -5.39, 17.78, -1.74, Right
1761467912227, -5.36, 16.71, -1.54, Right
1761467912277, -5.07, 15.30, -1.32, Right
1761467912325, -4.01, 15.07, -0.99, Right
1761467912451, -3.77, 13.80, -0.51, Right
1761467912500, -3.86, 12.59, -0.20, Right
1761467912546, -4.00, 10.84, 0.35, Right
1761467912593, -3.31, 12.92, -0.55, Right
1761467912642, -3.23, 13.62, -0.66, Right
1761467912710, -3.17, 13.85, -1.26, Right
1761467912761, -3.30, 13.88, -1.25, Right
1761467912811, -3.24, 14.17, -1.32, Right
1761467912862, -2.99, 14.30, -1.24, Right
1761467912909, -3.51, 13.20, -1.25, Right
1761467912980, -3.12, 13.37, -1.67, Right
1761467913026, -2.69, 14.06, -2.23, Right
1761467913074, -2.43, 14.96, -2.83, Right
1761467913125, -3.14, 13.50, -2.36, Right
1761467913174, -3.83, 11.79, -1.89, Right
1761467913239, -4.49, 10.66, -1.13, Right
1761467913283, -4.67, 9.89, -0.57, Forward
1761467913329, -4.82, 9.16, -0.06, Forward
1761467913379, -5.02, 9.45, 0.08, Forward
1761467913425, -5.38, 9.73, 0.17, Forward
1761467913509, -6.11, 11.11, -0.42, Right
1761467913559, -6.61, 11.30, -0.70, Right
1761467913609, -6.79, 11.04, -0.90, Right
1761467913659, -7.03, 11.71, -1.44, Right
1761467913708, -7.40, 12.34, -1.95, Right
1761467913781, -7.77, 12.46, -2.28, Right
1761467913830, -8.20, 12.92, -2.72, Right
1761467913881, -8.62, 13.34, -3.11, Right
1761467913934, -9.09, 13.04, -3.31, Right
1761467913982, -9.36, 13.23, -3.55, Right
1761467914039, -9.52, 13.01, -3.64, Right
1761467914088, -9.56, 13.04, -3.77, Right
1761467914132, -9.71, 13.38, -3.94, Right
1761467914180, -9.74, 13.58, -4.05, Right
1761467914227, -9.40, 13.18, -4.05, Right
1761467914315, -9.15, 12.94, -3.94, Right
1761467914370, -8.92, 13.09, -3.95, Right
1761467914417, -8.68, 13.11, -3.92, Right
1761467914462, -8.41, 13.34, -3.92, Right
1761467914511, -8.15, 13.23, -3.88, Right
1761467914582, -7.98, 13.48, -3.89, Right
1761467914630, -7.82, 13.38, -3.84, Right
1761467914679, -7.66, 13.29, -3.79, Right
1761467914727, -7.56, 12.93, -3.67, Right
1761467914776, -7.83, 13.05, -3.61, Right
1761467914839, -7.84, 13.25, -3.61, Right
1761467914886, -7.94, 12.58, -3.40, Right
1761467914931, -8.05, 12.02, -3.22, Right
1761467914980, -8.17, 11.62, -3.12, Right
1761467915025, -8.14, 11.46, -3.06, Right
1761467915109, -8.25, 11.24, -2.98, Right
1761467915159, -8.38, 10.94, -2.89, Right
1761467915210, -8.47, 10.77, -2.81, Right
1761467915260, -8.46, 10.65, -2.72, Right
1761467915310, -8.33, 10.44, -2.64, Right
1761467915387, -8.21, 9.88, -2.52, Forward
1761467915435, -8.21, 9.86, -2.47, Forward
1761467915484, -8.21, 9.71, -2.41, Forward
1761467915532, -8.25, 9.65, -2.35, Forward
1761467915580, -8.35, 9.56, -2.26, Forward
1761467915640, -8.34, 9.18, -2.04, Forward
1761467915689, -8.19, 8.91, -1.84, Forward
1761467915740, -8.08, 8.51, -1.63, Forward
1761467915790, -8.22, 8.30, -1.47, Forward
1761467915841, -8.37, 8.09, -1.32, Forward
1761467915919, -8.44, 8.12, -1.26, Forward
1761467915967, -8.47, 8.10, -1.18, Forward
1761467916013, -8.54, 7.99, -1.10, Forward
1761467916061, -8.37, 7.68, -0.99, Forward
1761467916109, -8.26, 7.22, -0.88, Forward
1761467916178, -8.22, 7.32, -1.01, Forward
1761467916228, -8.35, 7.48, -1.13, Forward
1761467916275, -8.46, 7.59, -1.23, Forward
1761467916326, -8.25, 7.96, -1.41, Forward
1761467916375, -8.19, 8.44, -1.56, Forward
1761467916442, -8.24, 8.58, -1.61, Forward
1761467916492, -8.05, 8.48, -1.61, Forward
1761467916543, -7.82, 8.76, -1.66, Forward
1761467916590, -7.78, 8.84, -1.68, Forward
1761467916641, -7.79, 8.93, -1.74, Forward
1761467916712, -7.58, 8.57, -1.63, Forward
1761467916758, -7.45, 8.49, -1.59, Forward
1761467916809, -7.33, 8.46, -1.57, Forward
1761467916862, -7.19, 7.52, -1.35, Forward
1761467916919, -7.04, 6.65, -1.14, Forward
1761467916979, -6.74, 5.34, -0.84, Forward
1761467917030, -6.73, 4.62, -0.70, Forward
1761467917079, -6.73, 3.93, -0.57, Forward
1761467917127, -6.66, 4.01, -0.58, Forward
1761467917177, -6.52, 4.06, -0.56, Forward
1761467917236, -6.53, 3.81, -0.50, Forward
1761467917281, -6.39, 3.15, -0.36, Forward
1761467917330, -6.26, 2.46, -0.18, Forward
1761467917380, -6.25, 2.47, -0.20, Forward
1761467917431, -6.36, 2.37, -0.15, Forward
1761467917511, -6.54, 3.27, -0.32, Forward
1761467917559, -6.70, 3.75, -0.40, Forward
1761467917609, -6.86, 3.94, -0.40, Forward
1761467917658, -7.11, 3.72, -0.33, Forward
1761467917708, -7.21, 3.36, -0.22, Forward
1761467917781, -7.38, 3.16, -0.17, Forward
1761467917826, -7.44, 3.43, -0.21, Forward
1761467917874, -7.60, 3.84, -0.34, Forward
1761467917926, -7.87, 4.34, -0.39, Forward
1761467917975, -7.78, 4.56, -0.50, Forward
1761467918042, -7.82, 4.73, -0.51, Forward
1761467918092, -7.73, 4.90, -0.53, Forward
1761467918142, -7.64, 5.06, -0.54, Forward
1761467918189, -7.52, 5.22, -0.56, Forward
1761467918238, -7.57, 5.44, -0.60, Forward
1761467918315, -7.50, 5.63, -0.65, Forward
1761467918362, -7.59, 5.56, -0.66, Forward
1761467918414, -7.59, 5.56, -0.64, Forward
1761467918462, -7.49, 5.12, -0.58, Forward
1761467918509, -7.52, 5.06, -0.58, Forward
1761467918579, -7.48, 5.04, -0.62, Forward
1761467918628, -7.47, 5.01, -0.64, Forward
1761467918676, -7.43, 4.99, -0.69, Forward
1761467918727, -7.50, 4.71, -0.61, Forward
1761467918775, -7.57, 4.55, -0.56, Forward
1761467918838, -7.72, 5.04, -0.59, Forward
1761467918887, -7.84, 5.23, -0.52, Forward
1761467918935, -7.98, 5.36, -0.45, Forward
1761467918979, -8.16, 5.52, -0.44, Forward
1761467919027, -8.29, 5.73, -0.41, Forward
1761467919109, -8.36, 5.74, -0.34, Forward
1761467919157, -8.40, 5.88, -0.34, Forward
1761467919208, -8.47, 6.02, -0.31, Forward
1761467919258, -8.57, 6.36, -0.40, Forward
1761467919308, -8.68, 6.62, -0.46, Forward
1761467919380, -8.56, 6.51, -0.47, Forward
1761467919427, -8.45, 6.54, -0.53, Forward
1761467919474, -8.31, 6.46, -0.56, Forward
1761467919521, -8.29, 6.70, -0.60, Forward
1761467919567, -8.26, 6.52, -0.57, Forward
1761467919641, -8.33, 6.66, -0.58, Forward
1761467919695, -8.44, 6.73, -0.60, Forward
1761467919744, -8.54, 6.73, -0.60, Forward
1761467919795, -8.60, 6.79, -0.60, Forward
1761467919851, -8.52, 6.35, -0.48, Forward
1761467919931, -8.60, 6.75, -0.54, Forward
1761467919987, -8.69, 7.17, -0.66, Forward
1761467920038, -8.78, 7.59, -0.77, Forward
1761467920101, -8.76, 7.47, -0.81, Forward
1761467920147, -8.78, 7.58, -0.86, Forward
1761467920193, -8.77, 7.89, -1.00, Forward
1761467920311, -8.83, 8.06, -1.02, Forward
1761467920361, -8.76, 8.30, -1.08, Forward
1761467920412, -8.62, 8.51, -1.14, Forward
1761467920458, -8.71, 8.88, -1.25, Forward
1761467920507, -8.88, 8.63, -1.22, Forward
1761467920582, -9.02, 8.55, -1.20, Forward
1761467920627, -9.15, 8.50, -1.16, Forward
1761467920674, -9.25, 8.88, -1.20, Forward
1761467920723, -9.21, 9.44, -1.26, Forward
1761467920774, -9.29, 9.14, -1.12, Forward
1761467920838, -9.23, 8.79, -1.07, Forward
1761467920883, -9.28, 8.33, -0.98, Forward
1761467920928, -9.30, 7.87, -0.86, Forward
1761467920976, -9.20, 7.77, -0.80, Forward
1761467921025, -9.12, 7.78, -0.83, Forward
1761467921111, -9.11, 7.72, -0.81, Forward
1761467921158, -9.12, 7.64, -0.81, Forward
1761467921208, -9.12, 7.80, -0.88, Forward
1761467921256, -9.29, 7.42, -0.86, Forward
1761467921308, -9.38, 7.20, -0.87, Forward
1761467921386, -9.40, 7.12, -0.85, Forward
1761467921433, -9.40, 7.11, -0.85, Forward
1761467921478, -9.43, 7.50, -0.96, Forward
1761467921525, -9.45, 7.83, -1.07, Forward
1761467921573, -9.47, 7.89, -1.08, Forward
1761467921642, -9.41, 7.49, -1.02, Forward
1761467921689, -9.36, 7.11, -0.98, Forward
1761467921738, -9.30, 6.54, -0.85, Forward
1761467921786, -9.11, 6.39, -0.86, Forward
1761467921831, -8.92, 6.34, -0.87, Forward
1761467921910, -8.85, 6.41, -0.94, Forward
1761467921958, -8.94, 6.51, -1.01, Forward
1761467922008, -8.91, 6.23, -1.00, Forward
1761467922058, -8.96, 5.75, -0.82, Forward
1761467922107, -8.96, 5.41, -0.63, Forward
1761467922180, -8.88, 5.51, -0.55, Forward
1761467922228, -8.82, 5.82, -0.53, Forward
1761467922278, -8.76, 6.03, -0.49, Forward
1761467922327, -8.77, 6.15, -0.46, Forward
1761467922375, -8.81, 5.89, -0.33, Forward
1761467922444, -8.91, 5.73, -0.18, Forward
1761467922491, -8.87, 5.57, -0.04, Forward
1761467922538, -8.97, 5.42, 0.10, Forward
1761467922587, -9.07, 5.91, -0.03, Forward
1761467922636, -9.15, 6.37, -0.20, Forward
1761467922715, -9.22, 6.63, -0.32, Forward
1761467922761, -9.26, 6.78, -0.35, Forward
1761467922813, -9.33, 6.95, -0.41, Forward
1761467922859, -9.45, 6.66, -0.34, Forward
1761467922910, -9.50, 7.10, -0.44, Forward
1761467922979, -9.44, 7.40, -0.56, Forward
1761467923027, -9.38, 7.70, -0.67, Forward
1761467923074, -9.31, 8.00, -0.79, Forward
1761467923126, -9.27, 7.78, -0.76, Forward
1761467923175, -9.11, 7.41, -0.70, Forward
1761467923238, -9.14, 7.42, -0.69, Forward
1761467923289, -9.21, 7.24, -0.68, Forward
1761467923339, -9.21, 7.24, -0.68, Forward
1761467923389, -9.24, 7.64, -0.78, Forward
1761467923439, -9.28, 7.58, -0.80, Forward
1761467923513, -9.20, 7.55, -0.76, Forward
1761467923559, -9.12, 7.84, -0.80, Forward
1761467923606, -9.06, 7.99, -0.81, Forward
1761467923655, -9.04, 7.98, -0.81, Forward
1761467923707, -9.15, 8.14, -0.81, Forward
1761467923766, -9.12, 8.38, -0.85, Forward
1761467923812, -9.04, 8.36, -0.81, Forward
1761467923863, -9.00, 8.28, -0.78, Forward
1761467923912, -8.89, 8.26, -0.72, Forward
1761467923958, -8.78, 8.50, -0.74, Forward
1761467924036, -8.95, 8.15, -0.66, Forward
1761467924082, -9.08, 7.81, -0.58, Forward
1761467924129, -9.20, 7.27, -0.45, Forward
1761467924177, -9.01, 7.27, -0.49, Forward
1761467924224, -8.84, 7.44, -0.52, Forward
1761467924313, -8.80, 6.74, -0.39, Forward
1761467924366, -8.76, 6.75, -0.43, Forward
1761467924412, -8.72, 6.75, -0.46, Forward
1761467924459, -8.74, 6.66, -0.47, Forward
1761467924508, -8.78, 6.05, -0.37, Forward
1761467924569, -8.65, 6.03, -0.39, Forward
1761467924618, -8.56, 6.07, -0.40, Forward
1761467924666, -8.46, 6.09, -0.41, Forward
1761467924710, -8.50, 5.95, -0.32, Forward
1761467924760, -8.54, 5.63, -0.24, Forward
1761467924839, -8.49, 5.75, -0.26, Forward
1761467924893, -8.46, 5.91, -0.30, Forward
1761467924942, -8.42, 5.95, -0.31, Forward
1761467924990, -8.30, 6.25, -0.40, Forward
1761467925039, -8.18, 6.61, -0.50, Forward
1761467925111, -8.26, 6.82, -0.55, Forward
1761467925157, -8.33, 6.65, -0.54, Forward
1761467925207, -8.41, 6.82, -0.61, Forward
1761467925256, -8.52, 7.20, -0.79, Forward
1761467925306, -8.59, 7.61, -0.96, Forward
1761467925365, -8.67, 7.49, -0.96, Forward
1761467925409, -8.77, 6.99, -0.85, Forward
1761467925457, -8.88, 6.63, -0.79, Forward
1761467925505, -9.02, 6.27, -0.70, Forward
1761467925556, -9.05, 6.82, -0.84, Forward
1761467925640, -8.95, 7.32, -0.92, Forward
1761467925695, -8.83, 7.80, -1.01, Forward
1761467925743, -8.68, 8.59, -1.17, Forward
1761467925790, -8.54, 8.57, -1.06, Forward
1761467925841, -8.47, 8.98, -1.11, Forward
1761467925914, -8.43, 9.61, -1.20, Forward
1761467925963, -8.37, 10.13, -1.31, Right
1761467926012, -8.30, 10.65, -1.42, Right
1761467926060, -8.23, 10.61, -1.39, Right
1761467926109, -8.26, 10.80, -1.41, Right
1761467926169, -8.25, 11.46, -1.55, Right
1761467926219, -8.31, 11.70, -1.59, Right
1761467926268, -8.38, 11.65, -1.57, Right
1761467926313, -8.29, 12.11, -1.76, Right
1761467926359, -8.27, 11.99, -1.76, Right
1761467926442, -8.10, 12.07, -1.84, Right
1761467926489, -7.95, 12.31, -1.94, Right
1761467926540, -7.81, 12.71, -2.07, Right
1761467926589, -7.76, 13.57, -2.27, Right
1761467926641, -7.73, 13.56, -2.31, Right
1761467926710, -7.70, 12.55, -2.15, Right
1761467926754, -7.72, 11.99, -2.07, Right
1761467926804, -7.76, 11.17, -1.95, Right
1761467926853, -7.91, 9.91, -1.69, Forward
1761467926900, -7.90, 9.83, -1.69, Forward
1761467926974, -8.02, 10.42, -1.85, Right
1761467927020, -8.09, 10.33, -1.81, Right
1761467927072, -8.17, 10.00, -1.75, Right
1761467927125, -8.17, 9.70, -1.76, Forward
1761467927172, -8.17, 9.55, -1.75, Forward
1761467927236, -8.16, 10.08, -1.89, Right
1761467927280, -8.05, 10.55, -2.03, Right
1761467927325, -7.94, 11.30, -2.22, Right
1761467927371, -7.82, 12.08, -2.40, Right
1761467927420, -7.76, 11.63, -2.32, Right
1761467927508, -7.74, 9.98, -1.95, Forward
1761467927554, -7.70, 10.14, -2.04, Right
1761467927604, -7.65, 10.37, -2.11, Right
1761467927651, -7.60, 9.13, -1.80, Forward
1761467927696, -7.55, 7.73, -1.51, Forward
1761467927766, -7.53, 7.02, -1.36, Forward
1761467927814, -7.46, 5.32, -1.02, Forward
1761467927861, -7.40, 3.63, -0.68, Forward
1761467927906, -7.37, 2.33, -0.42, Forward
1761467927949, -7.27, 1.90, -0.39, Forward
1761467928034, -7.21, 1.78, -0.40, Forward
1761467928078, -7.17, -0.15, 0.02, Forward
1761467928122, -7.13, -2.17, 0.43, Forward
1761467928166, -7.12, -1.29, 0.20, Forward
1761467928211, -7.01, -0.15, -0.09, Forward
1761467928309, -6.86, -0.43, -0.05, Forward
1761467928354, -6.96, -0.19, -0.12, Forward
1761467928402, -7.10, 0.46, -0.30, Forward
1761467928447, -7.14, 0.43, -0.31, Forward
1761467928495, -7.35, -0.08, -0.18, Forward
1761467928563, -7.49, 0.03, -0.22, Forward
1761467928608, -7.53, 0.88, -0.41, Forward
1761467928654, -7.59, 1.83, -0.59, Forward
1761467928699, -7.54, 2.28, -0.70, Forward
1761467928745, -7.60, 1.82, -0.58, Forward
1761467928835, -7.75, 2.37, -0.71, Forward
1761467928885, -7.69, 3.00, -0.83, Forward
1761467928933, -7.59, 3.23, -0.85, Forward
1761467928977, -7.54, 4.10, -1.03, Forward
1761467929025, -7.43, 4.39, -1.06, Forward
1761467929105, -7.27, 4.24, -1.02, Forward
1761467929174, -7.28, 4.68, -1.15, Forward
1761467929226, -7.29, 4.91, -1.22, Forward
1761467929276, -7.37, 3.89, -1.03, Forward
1761467929329, -7.46, 3.62, -1.01, Forward
1761467929372, -7.43, 3.46, -0.99, Forward
1761467929505, -7.44, 2.79, -0.86, Forward
1761467929548, -7.32, 2.22, -0.78, Forward
1761467929591, -7.26, 1.50, -0.64, Forward
1761467929636, -7.18, 1.16, -0.63, Forward
1761467929685, -7.14, 1.06, -0.64, Forward
1761467929763, -7.05, 1.17, -0.68, Forward
1761467929809, -6.90, 1.99, -0.89, Forward
1761467929855, -6.77, 1.32, -0.73, Forward
1761467929905, -6.64, 0.66, -0.57, Forward
1761467929953, -6.54, 0.69, -0.56, Forward
1761467930037, -6.45, 0.97, -0.62, Forward
1761467930085, -6.62, 1.54, -0.72, Forward
1761467930134, -6.78, 2.38, -0.90, Forward
1761467930179, -6.81, 2.38, -0.88, Forward
1761467930222, -6.83, 2.20, -0.79, Forward
1761467930305, -6.85, 1.06, -0.48, Forward
1761467930350, -6.92, -0.69, -0.07, Forward
1761467930395, -6.93, 0.63, -0.34, Forward
1761467930441, -6.84, 1.88, -0.62, Forward
1761467930485, -6.79, 2.00, -0.66, Forward
1761467930561, -6.84, 1.58, -0.56, Forward
1761467930607, -6.76, 0.79, -0.38, Forward
1761467930652, -6.68, -0.09, -0.18, Forward
1761467930703, -6.72, -0.14, -0.18, Forward
1761467930750, -6.54, 0.97, -0.49, Forward
1761467930835, -6.68, 0.68, -0.44, Forward
1761467930881, -6.85, 0.32, -0.36, Forward
1761467930927, -7.01, -1.14, -0.04, Forward
1761467930973, -7.07, -2.03, 0.20, Forward
1761467931018, -7.14, -2.57, 0.36, Forward
1761467931106, -7.09, -2.63, 0.45, Forward
1761467931152, -7.08, -2.68, 0.51, Forward
1761467931203, -7.05, -2.80, 0.59, Forward
1761467931249, -7.09, -2.60, 0.58, Forward
1761467931295, -7.31, -3.36, 0.83, Forward
1761467931366, -7.11, -2.12, 0.57, Forward
1761467931412, -6.84, -1.14, 0.40, Forward
1761467931457, -6.58, -0.11, 0.24, Forward
1761467931503, -6.64, 0.02, 0.23, Forward
1761467931549, -6.61, -0.83, 0.44, Forward
1761467931634, -6.61, -1.30, 0.53, Forward
1761467931677, -6.56, -1.98, 0.67, Forward
1761467931721, -6.52, -2.52, 0.78, Forward
1761467931766, -6.51, -2.98, 0.89, Forward
1761467931812, -6.46, -3.76, 1.10, Forward
1761467931906, -6.44, -5.33, 1.47, Forward
1761467931950, -6.56, -6.82, 1.80, Forward
1761467931996, -6.68, -8.65, 2.18, Forward
1761467932041, -6.64, -9.73, 2.36, Forward
1761467932086, -6.67, -10.47, 2.48, Left
1761467932167, -6.64, -10.93, 2.51, Left
1761467932213, -6.63, -11.18, 2.51, Left
1761467932255, -6.60, -11.50, 2.53, Left
1761467932301, -6.50, -12.23, 2.63, Left
1761467932349, -6.44, -12.36, 2.55, Left
1761467932435, -6.54, -12.25, 2.44, Left
1761467932480, -6.43, -11.49, 2.24, Left
1761467932526, -6.35, -10.73, 2.02, Left
1761467932570, -6.31, -9.92, 1.88, Forward
1761467932619, -6.28, -9.14, 1.72, Forward
1761467932707, -6.22, -7.33, 1.32, Forward
1761467932752, -6.16, -6.63, 1.19, Forward
1761467932800, -6.10, -4.82, 0.79, Forward
1761467932844, -6.08, -4.49, 0.80, Forward
1761467932889, -6.05, -4.32, 0.82, Forward
1761467932962, -6.03, -4.27, 0.85, Forward
1761467933006, -6.13, -4.52, 0.91, Forward
1761467933050, -6.19, -4.75, 0.94, Forward
1761467933097, -6.30, -5.33, 1.03, Forward
1761467933143, -6.31, -5.11, 0.98, Forward
1761467933235, -6.29, -6.44, 1.26, Forward
1761467933284, -6.35, -6.65, 1.24, Forward
1761467933333, -6.39, -8.51, 1.66, Forward
1761467933380, -6.44, -8.61, 1.63, Forward
1761467933424, -6.46, -8.71, 1.65, Forward
1761467933505, -6.34, -8.79, 1.67, Forward
1761467933549, -6.22, -8.86, 1.68, Forward
1761467933595, -6.11, -8.97, 1.75, Forward
1761467933639, -6.16, -9.17, 1.78, Forward
1761467933684, -6.16, -10.02, 1.93, Left
1761467933762, -6.20, -9.80, 1.94, Forward
1761467933810, -6.17, -9.67, 1.95, Forward
1761467933856, -6.18, -8.93, 1.79, Forward
1761467933905, -6.13, -8.45, 1.67, Forward
1761467933951, -6.15, -8.17, 1.57, Forward
1761467934035, -6.05, -7.26, 1.41, Forward
1761467934085, -6.26, -6.72, 1.25, Forward
1761467934134, -6.31, -6.14, 1.10, Forward
1761467934181, -6.11, -6.38, 1.15, Forward
1761467934227, -6.16, -6.28, 1.09, Forward
1761467934306, -6.20, -6.70, 1.13, Forward
1761467934355, -6.27, -7.15, 1.22, Forward
1761467934405, -6.37, -7.59, 1.27, Forward
1761467934457, -6.43, -8.02, 1.35, Forward
1761467934502, -6.44, -8.42, 1.44, Forward
1761467934565, -6.64, -9.47, 1.59, Forward
1761467934609, -6.59, -10.18, 1.74, Left
1761467934653, -6.64, -10.92, 1.88, Left
1761467934698, -6.72, -10.75, 1.82, Left
1761467934742, -6.78, -10.75, 1.84, Left
1761467934835, -6.74, -10.77, 1.88, Left
1761467934885, -6.65, -10.69, 1.88, Left
1761467934934, -6.51, -10.71, 1.93, Left
1761467934983, -6.34, -10.15, 1.80, Left
1761467935033, -6.22, -9.58, 1.65, Forward
1761467935092, -6.14, -9.81, 1.70, Forward
1761467935137, -6.01, -10.01, 1.78, Left
1761467935186, -5.93, -10.17, 1.83, Left
1761467935235, -5.88, -10.45, 1.91, Left
1761467935279, -5.72, -10.50, 1.91, Left
1761467935361, -5.72, -10.27, 1.78, Left
1761467935406, -5.71, -10.05, 1.65, Left
1761467935449, -5.73, -10.04, 1.59, Left
1761467935495, -5.86, -10.98, 1.79, Left
1761467935542, -5.95, -11.73, 1.92, Left
1761467935635, -6.01, -11.61, 1.87, Left
1761467935682, -6.12, -11.52, 1.81, Left
1761467935726, -6.23, -11.48, 1.74, Left
1761467935768, -6.31, -10.74, 1.60, Left
1761467935815, -6.31, -10.19, 1.55, Left
1761467935890, -6.26, -10.22, 1.63, Left
1761467935933, -6.30, -10.40, 1.74, Left
1761467935977, -6.25, -10.29, 1.80, Left
1761467936021, -6.24, -9.91, 1.78, Forward
1761467936065, -6.23, -9.78, 1.82, Forward
1761467936161, -6.26, -9.25, 1.72, Forward
1761467936206, -6.22, -8.77, 1.66, Forward
1761467936249, -6.19, -8.29, 1.60, Forward
1761467936294, -6.13, -8.69, 1.70, Forward
1761467936336, -6.18, -9.12, 1.78, Forward
1761467936434, -6.34, -9.38, 1.88, Forward
1761467936480, -6.46, -9.54, 1.94, Forward
1761467936525, -6.62, -9.72, 1.99, Forward
1761467936569, -6.68, -9.80, 2.02, Forward
1761467936614, -6.67, -9.30, 1.94, Forward
1761467936690, -6.64, -9.74, 2.12, Forward
1761467936735, -6.69, -10.15, 2.26, Left
1761467936781, -6.63, -9.99, 2.30, Forward
1761467936829, -6.67, -10.13, 2.39, Left
1761467936873, -6.79, -9.90, 2.39, Forward
1761467936962, -6.72, -9.67, 2.36, Forward
1761467937006, -6.59, -9.39, 2.34, Forward
1761467937049, -6.52, -9.16, 2.31, Forward
1761467937095, -6.37, -8.23, 2.10, Forward
1761467937140, -6.36, -8.12, 2.06, Forward
1761467937234, -6.27, -8.21, 2.05, Forward
1761467937281, -6.27, -8.10, 2.02, Forward
1761467937325, -6.36, -8.51, 2.07, Forward
1761467937368, -6.40, -8.00, 1.89, Forward
1761467937413, -6.39, -8.32, 1.92, Forward
1761467937490, -6.42, -8.34, 1.90, Forward
1761467937532, -6.51, -8.73, 1.93, Forward
1761467937581, -6.53, -8.74, 1.91, Forward
1761467937627, -6.68, -9.50, 2.06, Forward
1761467937670, -6.80, -9.91, 2.13, Forward
1761467937767, -6.83, -9.15, 1.90, Forward
1761467937818, -6.74, -8.81, 1.83, Forward
1761467937865, -6.63, -8.56, 1.78, Forward
1761467937912, -6.47, -8.89, 1.85, Forward
1761467937955, -6.37, -8.93, 1.81, Forward
1761467938034, -6.30, -9.03, 1.80, Forward
1761467938081, -6.26, -8.89, 1.75, Forward
1761467938125, -6.29, -9.06, 1.75, Forward
1761467938170, -6.15, -9.34, 1.78, Forward
1761467938213, -6.01, -9.31, 1.74, Forward
1761467938289, -5.98, -9.93, 1.87, Forward
1761467938332, -5.94, -10.06, 1.85, Left
1761467938378, -5.92, -10.33, 1.88, Left
1761467938429, -5.95, -10.46, 1.89, Left
1761467938474, -5.93, -10.12, 1.84, Left
1761467938563, -5.94, -9.70, 1.76, Forward
1761467938607, -5.94, -9.58, 1.72, Forward
1761467938651, -5.92, -9.27, 1.63, Forward
1761467938696, -6.01, -9.28, 1.63, Forward
1761467938740, -6.13, -9.68, 1.72, Forward
1761467938833, -6.13, -8.78, 1.51, Forward
1761467938882, -6.09, -8.45, 1.41, Forward
1761467938925, -5.93, -7.94, 1.26, Forward
1761467938969, -5.78, -7.87, 1.27, Forward
1761467939013, -5.79, -8.10, 1.26, Forward
1761467939089, -5.80, -8.19, 1.23, Forward
1761467939132, -5.73, -7.86, 1.13, Forward
1761467939176, -5.67, -7.79, 1.09, Forward
1761467939223, -5.62, -7.25, 0.96, Forward
1761467939268, -5.60, -7.18, 0.95, Forward
1761467939362, -5.60, -7.55, 1.06, Forward
1761467939409, -5.63, -7.58, 1.11, Forward
1761467939453, -5.78, -7.62, 1.15, Forward
1761467939498, -5.96, -7.25, 1.03, Forward
1761467939543, -5.91, -6.89, 0.97, Forward
1761467939634, -5.98, -6.91, 1.03, Forward
1761467939680, -5.96, -6.92, 1.10, Forward
1761467939724, -6.03, -6.94, 1.17, Forward
1761467939767, -6.02, -7.03, 1.21, Forward
1761467939814, -5.95, -6.58, 1.16, Forward
1761467939890, -5.97, -7.20, 1.33, Forward
1761467939935, -6.02, -7.81, 1.45, Forward
1761467939980, -6.04, -7.84, 1.50, Forward
1761467940030, -6.03, -7.78, 1.56, Forward
1761467940075, -6.09, -7.75, 1.57, Forward
1761467940162, -5.99, -7.45, 1.52, Forward
1761467940205, -5.99, -7.98, 1.65, Forward
1761467940249, -5.87, -8.05, 1.67, Forward
1761467940297, -5.77, -7.50, 1.59, Forward
1761467940341, -5.79, -7.11, 1.46, Forward
1761467940434, -5.79, -7.14, 1.44, Forward
1761467940483, -5.75, -7.12, 1.46, Forward
1761467940531, -5.78, -7.56, 1.55, Forward
1761467940577, -5.78, -7.61, 1.54, Forward
1761467940622, -5.76, -7.66, 1.55, Forward
1761467940691, -5.79, -8.01, 1.61, Forward
1761467940734, -5.80, -7.24, 1.40, Forward
1761467940781, -5.80, -7.03, 1.31, Forward
1761467940828, -5.87, -7.35, 1.34, Forward
1761467940873, -5.90, -8.20, 1.53, Forward
1761467940962, -5.92, -7.53, 1.36, Forward
1761467941007, -6.03, -7.27, 1.25, Forward
1761467941051, -6.02, -6.78, 1.09, Forward
1761467941097, -6.03, -6.80, 1.03, Forward
1761467941141, -6.02, -6.69, 0.96, Forward
1761467941235, -6.01, -6.91, 0.97, Forward
1761467941280, -6.04, -7.16, 1.00, Forward
1761467941325, -6.06, -7.58, 1.08, Forward
1761467941371, -6.05, -7.87, 1.16, Forward
1761467941414, -6.07, -7.38, 1.02, Forward
1761467941490, -6.00, -7.64, 1.02, Forward
1761467941534, -5.73, -7.47, 0.99, Forward
1761467941581, -5.63, -7.85, 1.01, Forward
1761467941625, -5.44, -8.13, 1.05, Forward
1761467941669, -5.36, -8.51, 1.12, Forward
1761467941762, -5.28, -8.57, 1.11, Forward
1761467941809, -5.27, -8.91, 1.14, Forward
1761467941856, -5.33, -9.23, 1.21, Forward
1761467941901, -5.47, -9.65, 1.25, Forward
1761467941948, -5.54, -9.54, 1.22, Forward
1761467942033, -5.68, -9.45, 1.23, Forward
1761467942079, -5.91, -9.07, 1.11, Forward
1761467942122, -6.13, -9.39, 1.20, Forward
1761467942165, -6.30, -9.46, 1.20, Forward
1761467942215, -6.38, -9.51, 1.22, Forward
1761467942289, -6.47, -9.42, 1.24, Forward
1761467942333, -6.52, -9.36, 1.26, Forward
1761467942380, -6.48, -9.01, 1.19, Forward
1761467942425, -6.38, -8.69, 1.16, Forward
1761467942469, -6.32, -8.58, 1.15, Forward
1761467942561, -6.24, -8.39, 1.06, Forward
1761467942608, -6.18, -9.03, 1.20, Forward
1761467942651, -5.95, -8.72, 1.12, Forward
1761467942698, -5.97, -8.97, 1.21, Forward
1761467942742, -5.96, -9.03, 1.23, Forward
1761467942834, -6.01, -8.73, 1.09, Forward
1761467942878, -6.02, -8.40, 0.98, Forward
1761467942922, -5.99, -8.35, 0.93, Forward
1761467942966, -5.99, -7.67, 0.68, Forward
1761467943012, -6.06, -8.15, 0.72, Forward
1761467943090, -6.08, -7.65, 0.63, Forward
1761467943134, -6.08, -6.45, 0.38, Forward
1761467943188, -6.19, -5.84, 0.28, Forward
1761467943245, -6.19, -4.70, 0.03, Forward
1761467943294, -6.08, -3.97, -0.18, Forward
1761467943365, -5.99, -4.09, -0.17, Forward
1761467943408, -5.97, -3.01, -0.40, Forward
1761467943453, -6.08, -2.91, -0.43, Forward
1761467943497, -6.17, -3.10, -0.35, Forward
1761467943546, -6.14, -2.70, -0.41, Forward
1761467943633, -6.21, -3.44, -0.26, Forward
1761467943685, -6.29, -4.40, -0.06, Forward
1761467943734, -6.38, -4.83, -0.03, Forward
1761467943781, -6.43, -5.55, 0.09, Forward
1761467943828, -6.66, -6.17, 0.21, Forward
1761467943890, -6.78, -6.13, 0.20, Forward
1761467943935, -6.80, -7.35, 0.43, Forward
1761467943986, -6.80, -7.27, 0.38, Forward
1761467944034, -6.78, -7.53, 0.42, Forward
1761467944082, -6.72, -7.30, 0.35, Forward
1761467944162, -6.66, -7.40, 0.36, Forward
1761467944210, -6.59, -7.51, 0.37, Forward
1761467944253, -6.53, -7.62, 0.38, Forward
1761467944297, -6.48, -7.38, 0.29, Forward
1761467944346, -6.46, -7.18, 0.27, Forward
1761467944434, -6.44, -7.03, 0.24, Forward
1761467944480, -6.46, -6.97, 0.27, Forward
1761467944527, -6.46, -6.97, 0.29, Forward
1761467944574, -6.43, -6.78, 0.20, Forward
1761467944619, -6.46, -6.98, 0.23, Forward
1761467944690, -6.52, -6.88, 0.22, Forward
1761467944733, -6.59, -6.77, 0.21, Forward
1761467944781, -6.66, -6.75, 0.23, Forward
1761467944828, -6.71, -6.28, 0.17, Forward
1761467944871, -6.67, -6.26, 0.18, Forward
1761467944963, -6.66, -5.46, -0.04, Forward
1761467945009, -6.65, -5.35, -0.07, Forward
1761467945054, -6.63, -5.05, -0.17, Forward
1761467945098, -6.48, -5.45, 0.01, Forward
1761467945145, -6.40, -5.52, 0.04, Forward
1761467945234, -6.33, -5.76, 0.12, Forward
1761467945278, -6.35, -6.02, 0.18, Forward
1761467945322, -6.37, -6.24, 0.24, Forward
1761467945367, -6.39, -6.84, 0.38, Forward
1761467945412, -6.43, -6.86, 0.37, Forward
1761467945489, -6.35, -7.78, 0.63, Forward
1761467945534, -6.26, -7.87, 0.67, Forward
1761467945580, -6.18, -8.16, 0.77, Forward
1761467945625, -6.21, -7.30, 0.54, Forward
1761467945670, -6.07, -6.89, 0.49, Forward
1761467945765, -5.92, -6.78, 0.46, Forward
1761467945813, -5.85, -6.64, 0.43, Forward
1761467945866, -5.63, -6.42, 0.41, Forward
1761467945917, -5.59, -6.78, 0.49, Forward
1761467945969, -5.57, -6.59, 0.42, Forward
1761467946024, -5.71, -6.64, 0.41, Forward
1761467946069, -5.85, -6.68, 0.41, Forward
1761467946118, -6.00, -6.73, 0.40, Forward
1761467946169, -6.19, -7.40, 0.55, Forward
1761467946221, -6.32, -8.15, 0.68, Forward
1761467946296, -6.44, -8.28, 0.76, Forward
1761467946347, -6.40, -7.75, 0.65, Forward
1761467946399, -6.50, -7.23, 0.52, Forward
1761467946449, -6.44, -6.46, 0.37, Forward
1761467946500, -6.38, -5.83, 0.25, Forward
1761467946565, -6.35, -6.05, 0.30, Forward
1761467946614, -6.27, -4.68, 0.00, Forward
1761467946662, -6.09, -3.67, -0.23, Forward
1761467946708, -5.83, -3.38, -0.34, Forward
1761467946754, -5.84, -3.09, -0.42, Forward
1761467946821, -5.80, -4.63, -0.46, Forward
1761467946866, -5.69, -6.97, -0.28, Forward
1761467946915, -5.59, -9.26, -0.10, Forward
1761467946964, -5.47, -11.63, 0.08, Left
1761467947010, -5.00, -14.47, 0.50, Left
1761467947091, -4.30, -16.04, 0.70, Left
1761467947136, -3.52, -19.28, 1.29, Left
1761467947183, -2.86, -22.15, 1.81, Left
1761467947230, -2.11, -23.72, 2.08, Left
1761467947277, -1.22, -25.19, 2.30, Left
1761467947365, -0.60, -24.82, 2.31, Left
1761467947416, -0.04, -24.35, 2.29, Left
1761467947469, 0.56, -23.95, 2.26, Left
1761467947517, 1.08, -22.98, 1.86, Left
1761467947569, 1.20, -21.64, 1.29, Left
1761467947622, 1.20, -17.54, -0.29, Left
1761467947669, 1.08, -13.60, -1.85, Left
1761467947716, 0.96, -9.36, -3.50, Forward
1761467947770, 0.68, -5.69, -5.01, Forward
1761467947818, 0.35, -1.36, -6.79, Forward
1761467947893, 0.12, 2.73, -8.37, Forward
1761467947938, -0.23, 6.86, -9.95, Forward
1761467947985, -0.46, 10.90, -11.56, Right
1761467948079, -0.52, 14.58, -12.86, Right
1761467948126, -0.45, 17.87, -14.07, Right
1761467948171, -0.48, 18.56, -14.24, Right
1761467948291, -0.68, 19.12, -14.15, Right
1761467948336, -0.93, 19.59, -13.96, Right
1761467948383, -1.18, 20.00, -13.78, Right
1761467948432, -1.72, 19.16, -12.98, Right
1761467948482, -2.21, 18.55, -12.25, Right
1761467948564, -2.45, 18.35, -11.49, Right
1761467948609, -2.87, 18.48, -10.74, Right
1761467948652, -3.40, 18.48, -9.92, Right
1761467948700, -3.84, 17.90, -8.93, Right
1761467948750, -4.52, 16.52, -7.82, Right
1761467948823, -4.40, 15.48, -6.99, Right
1761467948871, -4.43, 13.82, -6.07, Right
1761467948919, -4.45, 12.24, -5.16, Right
1761467948969, -4.16, 11.14, -4.57, Right
1761467949025, -3.39, 11.17, -4.16, Right
1761467949090, -2.83, 10.77, -3.66, Right
1761467949136, -2.67, 7.46, -2.47, Forward
1761467949183, -2.99, 3.53, -1.18, Forward
1761467949228, -2.41, 1.61, -0.41, Forward
1761467949280, -1.74, -0.81, 0.45, Forward
1761467949367, -1.50, -1.66, 0.99, Forward
1761467949420, -1.03, -3.55, 1.72, Forward
1761467949483, -0.65, -5.38, 2.55, Forward
1761467949532, -0.76, -5.81, 3.06, Forward
1761467949586, -1.09, -9.08, 4.13, Forward
1761467949643, -1.71, -11.40, 4.98, Left
1761467949765, -1.30, -10.42, 5.27, Left
1761467949816, -0.37, -9.29, 5.59, Forward
1761467949867, -0.56, -9.49, 6.23, Forward
1761467949916, -0.52, -7.94, 6.09, Forward
1761467949965, -0.68, -9.08, 6.48, Forward
1761468067906, -1.40, -12.18, 7.05, Left
1761468067950, -1.99, -15.36, 7.50, Left
1761468067998, -2.27, -19.87, 8.41, Left
1761468068044, -2.81, -22.63, 8.82, Left
1761468068089, -2.74, -25.68, 9.51, Left
1761468068133, -3.21, -29.37, 10.07, Left
1761468068176, -3.67, -32.33, 10.23, Left
1761468068226, -4.14, -34.91, 10.31, Left
1761468068269, -4.72, -38.47, 10.91, Left
1761468068315, -5.58, -40.83, 11.20, Left
1761468068358, -5.80, -39.92, 11.08, Left
1761468068403, -6.01, -38.94, 10.97, Left
1761468068449, -6.22, -38.06, 10.69, Left
1761468068494, -6.15, -37.13, 10.54, Left
1761468068538, -6.51, -36.83, 10.20, Left
1761468068582, -6.86, -35.62, 9.69, Left
1761468068629, -7.37, -34.84, 9.40, Left
1761468068673, -7.79, -34.47, 9.19, Left
1761468068716, -8.09, -33.63, 8.95, Left
1761468068764, -8.09, -32.75, 8.75, Left
1761468068810, -8.13, -31.24, 8.45, Left
1761468068853, -8.44, -30.32, 8.21, Left
1761468068899, -8.30, -28.36, 7.83, Left
1761468068947, -8.48, -26.36, 7.34, Left
1761468068990, -8.42, -23.24, 6.59, Left
1761468069035, -8.59, -22.30, 6.25, Left
1761468069082, -8.64, -20.96, 5.91, Left
1761468069126, -8.70, -19.78, 5.68, Left
1761468069170, -8.81, -18.67, 5.45, Left
1761468069216, -8.92, -18.03, 5.32, Left
1761468069261, -9.05, -17.55, 5.20, Left
1761468069311, -8.99, -16.81, 5.10, Left
1761468069387, -9.23, -16.86, 5.13, Left
1761468069435, -9.39, -17.39, 5.21, Left
1761468069500, -9.71, -19.30, 5.54, Left
1761468069562, -9.78, -19.72, 5.63, Left
1761468069631, -9.85, -21.00, 5.78, Left
1761468069688, -9.89, -22.42, 5.80, Left
1761468069744, -9.94, -24.05, 5.84, Left
1761468069794, -10.06, -25.45, 5.73, Left
1761468069862, -10.19, -27.14, 5.71, Left
1761468069943, -10.38, -28.75, 5.59, Left
1761468069997, -10.57, -30.39, 5.51, Left
1761468070057, -10.71, -31.59, 5.46, Left
1761468070101, -10.76, -32.73, 5.44, Left
1761468070151, -10.96, -33.85, 5.48, Left
1761468070199, -11.14, -34.42, 5.47, Left
1761468070257, -11.19, -34.22, 5.48, Left
1761468070302, -11.43, -34.00, 5.38, Left
1761468070366, -11.44, -33.71, 5.38, Left
1761468070414, -11.59, -33.17, 5.27, Left
1761468070459, -11.67, -32.32, 5.15, Left
1761468070507, -11.88, -31.02, 4.93, Left
1761468070568, -12.06, -29.67, 4.58, Left
1761468070616, -12.23, -28.26, 4.27, Left
1761468070661, -12.40, -27.27, 3.88, Left
1761468070709, -12.59, -26.06, 3.50, Left
1761468070771, -12.97, -25.49, 3.11, Left
1761468070818, -13.10, -24.89, 2.84, Left
1761468070867, -13.46, -24.33, 2.50, Left
1761468070926, -13.72, -24.34, 2.27, Left
1761468070972, -13.97, -24.45, 2.06, Left
1761468071018, -14.08, -25.20, 1.91, Left
1761468071065, -14.22, -26.04, 1.84, Left
1761468071112, -14.06, -26.63, 1.79, Left
1761468071160, -13.97, -27.12, 1.71, Left
1761468071208, -13.96, -27.77, 1.65, Left
1761468071254, -14.19, -28.42, 1.53, Left
1761468071301, -14.33, -28.97, 1.40, Left
1761468071348, -14.51, -29.59, 1.30, Left
1761468071394, -14.72, -29.87, 1.16, Left
1761468071441, -14.91, -30.04, 0.99, Left
1761468071504, -15.04, -30.03, 0.86, Left
1761468071551, -15.18, -30.12, 0.68, Left
1761468071602, -15.60, -30.38, 0.43, Left
