Head Tracking Session: phase1_cycle1_1761456266352
Start Time: 2025-10-26T01:24:26.346352
==================================================
Timestamp (ms), Pitch, Yaw, Roll, Direction
1761456273531, 0.00, 0.00, 0.00, Forward
1761456273571, -0.83, -7.05, 2.01, Forward
1761456273626, -0.88, -9.67, 3.03, Forward
1761456273673, 0.42, -13.04, 4.11, Left
1761456273716, 1.12, -14.95, 4.82, Left
1761456273759, 1.66, -17.28, 5.72, Left
1761456273818, 1.48, -18.23, 5.69, Left
1761456273871, 1.30, -15.92, 5.57, Left
1761456273918, 0.67, -16.19, 5.36, Left
1761456273968, -0.59, -16.27, 5.09, Left
1761456274022, -1.98, -16.69, 5.26, Left
1761456274077, -3.30, -14.67, 5.02, Left
1761456274123, -4.62, -12.50, 4.64, Left
1761456274168, -6.26, -8.87, 3.87, Forward
1761456274210, -7.76, -5.34, 3.06, Forward
1761456274263, -9.39, -1.20, 2.13, Forward
1761456274311, -10.37, 2.78, 1.55, Down
1761456274355, -11.29, 3.71, 0.89, Down
1761456274411, -12.40, 5.53, 0.39, Down
1761456274458, -12.83, 7.16, 0.14, Down
1761456274501, -11.61, 6.83, 0.08, Down
1761456274547, -10.05, 5.38, 0.07, Down
1761456274593, -8.89, 3.47, 0.02, Forward
1761456274639, -7.96, 0.87, 0.17, Forward
1761456274686, -8.29, -0.96, 0.16, Forward
1761456274748, -6.60, -1.91, 0.07, Forward
1761456274794, -5.28, -3.14, 0.09, Forward
1761456274841, -3.59, -1.97, -0.34, Forward
1761456274888, -1.69, 0.02, -0.70, Forward
1761456274938, -2.25, 4.20, -17.43, Forward
1761456274987, -4.31, 8.97, -34.36, Forward
1761456275034, -6.68, 15.74, -50.89, Right
1761456275086, -9.32, 23.56, -66.83, Right
1761456275139, -14.27, 21.00, -49.79, Right
1761456275204, -16.36, 28.47, -64.87, Right
1761456275254, -21.91, 24.46, -47.75, Right
1761456275301, -15.39, 20.99, -42.09, Right
1761456275357, -13.46, 11.85, -36.45, Right
1761456275409, -11.04, 2.83, -31.34, Down
1761456275457, -14.83, -5.56, 2.18, Down
1761456275507, -15.53, -6.76, 2.90, Down
1761456275557, -6.41, -15.85, 23.80, Left
1761456275622, -9.08, -26.45, 56.61, Left
1761456275677, -9.02, -26.08, 56.64, Left
1761456275735, -2.61, -39.98, 76.97, Left
1761456275784, 5.45, -43.39, 63.65, Left
1761456275834, 0.51, -35.11, 55.63, Left
1761456275888, -5.30, -24.65, 34.30, Left
1761456275940, -13.32, -21.31, 46.64, Left
1761456275991, -11.09, -9.98, 14.72, Down
1761456276039, -11.42, -5.71, 15.01, Down
1761456276084, -22.47, 4.63, -4.03, Down
1761456276140, -19.71, 12.75, -37.06, Right
1761456276184, -11.67, 9.18, -49.42, Down
1761456276237, -19.58, 13.03, -37.17, Right
1761456276288, -27.71, 16.71, -23.76, Right
1761456276340, -26.81, 4.44, -17.05, Down
1761456276389, -28.80, -1.97, 16.77, Down
1761456276439, -29.01, -1.90, 16.95, Down
1761456276487, -28.91, -1.95, 17.00, Down
1761456276537, -30.55, -12.52, 50.19, Left
1761456276586, -23.46, -26.84, 68.82, Left
1761456276633, -17.63, -38.07, 89.00, Left
1761456276682, -17.69, -38.37, 85.74, Left
1761456276729, -17.90, -38.54, 85.39, Left
1761456276778, -17.20, -31.56, 52.46, Left
1761456276828, -25.39, -28.08, 65.19, Left
1761456276878, -25.48, -28.50, 64.92, Left
1761456276939, -25.02, -27.58, 65.34, Left
1761456276985, -26.68, -38.12, 97.64, Left
1761456277040, -20.09, -29.55, 78.22, Left
1761456277090, -27.89, -25.43, 91.52, Left
1761456277142, -35.15, -11.16, 72.65, Left
1761456277191, -42.06, 3.32, 55.97, Down
1761456277239, -33.90, -0.55, 42.27, Down
1761456277284, -22.51, -7.17, 64.68, Down
1761456277333, -14.19, -10.59, 52.20, Left
1761456277384, -3.45, -7.22, 38.43, Forward
1761456277433, 4.35, -11.60, 24.92, Left
1761456277488, 16.27, -8.07, 11.29, Up
1761456277536, 17.62, -20.30, 16.96, Left
1761456277592, 25.55, -24.35, 4.02, Left
1761456277641, 25.88, -28.77, 1.46, Left
1761456277686, 32.98, -42.92, 21.71, Left
1761456278001, 26.55, -28.84, 2.60, Left
1761456278061, 14.33, -29.49, 12.50, Left
1761456278104, 6.04, -26.32, 24.15, Left
1761456278156, 2.68, -21.12, 17.61, Left
1761456278203, -5.91, -17.87, 29.81, Left
1761456278538, -17.17, -16.38, 25.89, Left
1761456278628, -20.24, -9.29, 22.10, Down
1761456278677, -27.10, 1.69, 2.31, Down
1761456278735, -26.03, 6.02, 4.59, Down
1761456278782, -34.97, 8.73, 16.67, Down
1761456278818, -28.58, 7.47, 30.08, Down
1761456278875, -25.73, 18.17, -1.96, Right
1761456278918, -22.81, 29.05, -33.75, Right
1761456278969, -28.21, 30.92, -46.14, Right
1761456279023, -28.26, 30.61, -45.79, Right
1761456279074, -29.51, 24.66, -28.88, Right
1761456279117, -33.84, 23.26, -25.59, Right
1761456279169, -32.46, 26.78, -26.41, Right
1761456279219, -33.90, 22.82, -27.92, Right
1761456279274, -25.36, 32.04, -47.82, Right
1761456279319, -25.74, 31.53, -48.04, Right
1761456279369, -25.97, 31.51, -48.78, Right
1761456279419, -21.34, 29.39, -35.92, Right
1761456279465, -20.05, 29.43, -37.04, Right
1761456279507, -16.49, 40.66, -69.95, Right
1761456279556, -8.52, 49.60, -88.87, Right
1761456279609, -6.54, 57.80, -108.60, Right
1761456279654, -9.15, 47.52, -75.18, Right
1761456279703, -10.44, 40.65, -41.74, Right
1761456279754, -18.47, 32.15, -22.03, Right
1761456279803, -23.61, 33.99, -35.52, Right
1761456279850, -23.65, 33.91, -35.38, Right
1761456279903, -28.21, 35.86, -48.91, Right
1761456279952, -24.42, 33.18, -34.53, Right
1761456280005, -24.89, 32.99, -34.36, Right
1761456280055, -28.97, 35.53, -48.55, Right
1761456280099, -29.08, 35.92, -47.99, Right
1761456280149, -17.10, 35.55, -62.16, Right
1761456280200, -11.56, 39.27, -79.08, Right
1761456280252, -4.05, 47.81, -98.29, Right
1761456280299, -1.43, 40.79, -82.81, Right
1761456280352, -0.80, 41.00, -82.91, Right
1761456280403, -3.94, 31.13, -49.38, Right
1761456280455, -8.02, 33.76, -63.17, Right
1761456280509, 1.62, 23.71, -43.35, Right
1761456280562, 0.68, 23.79, -42.46, Right
1761456280608, 5.44, 21.69, -28.90, Right
1761456280656, -4.50, 32.10, -47.45, Right
1761456280700, -9.93, 28.71, -30.29, Right
1761456280747, -5.20, 20.56, -23.93, Right
1761456280809, -2.31, 13.61, -18.02, Right
1761456280860, 6.58, 3.44, 4.54, Forward
1761456280907, 8.57, 13.88, -27.76, Right
1761456280954, 7.31, 14.15, -26.77, Right
1761456280999, -3.26, 24.98, -45.06, Right
1761456281043, 2.62, 10.88, -23.72, Right
1761456281094, 3.27, -1.34, -17.56, Forward
1761456281143, 9.40, -15.60, 2.93, Left
1761456281189, 17.79, -19.18, -8.68, Left
1761456281233, 13.99, -23.13, -8.73, Left
1761456281284, 14.07, -23.12, -8.35, Left
1761456281332, 10.17, -27.09, -9.32, Left
1761456281395, 20.52, -37.74, 8.93, Left
1761456281443, 30.80, -48.34, 28.08, Left
1761456281489, 37.45, -62.98, 48.29, Left
1761456281574, 31.00, -49.01, 27.36, Left
1761456281628, 22.38, -45.56, 40.52, Left
1761456281676, 13.25, -42.87, 51.88, Left
1761456281723, 13.26, -42.85, 52.03, Left
1761456281803, 7.03, -28.75, 32.28, Left
1761456281863, -1.32, -25.35, 43.52, Left
1761456281923, -1.85, -13.07, 35.27, Left
1761456281968, -6.21, -4.73, 29.18, Forward
1761456282015, -18.75, -5.18, 41.60, Down
1761456282102, -25.23, 5.15, 19.54, Down
1761456282154, -19.55, 3.03, 32.23, Down
1761456282199, -19.76, 2.85, 31.98, Down
1761456282239, -19.49, 3.16, 32.12, Down
1761456282285, -28.39, 5.99, 43.00, Down
1761456282342, -22.20, -8.09, 62.72, Down
1761456282482, -19.71, -4.52, 28.46, Down
1761456282541, -25.81, -2.44, 16.35, Down
1761456282589, -25.40, -14.70, 22.68, Left
1761456282635, -25.44, -14.82, 22.84, Left
1761456282685, -25.65, -10.87, 24.33, Left
1761456282738, -31.13, -8.51, 11.38, Down
1761456282785, -22.18, -11.69, -0.95, Left
1761456282833, -13.33, -14.90, -15.81, Left
1761456282884, -12.97, -14.42, -15.67, Left
1761456282936, -21.30, -10.84, -2.80, Left
1761456282986, -21.93, -4.26, -1.02, Down
1761456283039, -16.94, -8.65, 12.58, Down
1761456283087, -18.63, 1.74, 7.71, Down
1761456283135, -12.61, 6.75, -9.69, Down
1761456283240, -8.95, -0.21, 4.80, Forward
1761456283292, -5.70, -6.96, 19.76, Forward
1761456283340, -12.29, 0.47, 33.39, Down
1761456283432, -18.89, 7.78, 49.62, Down
1761456283485, -16.84, 11.32, 50.82, Right
1761456283538, -14.78, 14.83, 51.74, Right
1761456283585, -11.96, 8.14, 67.23, Down
1761456283631, -13.95, 5.09, 68.65, Down
1761456283732, -18.78, 1.53, 87.87, Down
1761456283785, -19.95, -0.01, 88.63, Down
1761456283832, -20.78, -0.57, 89.15, Down
1761456283886, -24.86, -0.94, 71.64, Down
1761456283937, -21.33, -0.52, 53.66, Down
1761456283986, -17.93, 0.33, 35.62, Down
1761456284032, -14.43, 1.40, 17.63, Down
1761456284080, -10.24, 3.22, -0.77, Down
1761456284126, -9.04, 5.41, -1.29, Forward
1761456284175, -7.46, 8.82, -2.48, Forward
1761456284235, -6.82, 14.88, -36.45, Right
1761456284287, -4.59, 19.15, -37.97, Right
1761456284335, -7.32, 21.64, -54.17, Right
1761456284427, -6.70, 24.99, -52.22, Right
1761456284479, -12.43, 20.34, -35.20, Right
1761456284542, -18.12, 15.29, -18.22, Right
1761456284592, -21.39, 21.56, -33.28, Right
1761456284644, -15.45, 16.60, -28.70, Right
1761456284692, -9.06, 11.46, -22.38, Right
1761456284740, -12.67, 15.23, -37.15, Right
1761456284789, -15.59, 5.20, -4.21, Down
1761456284836, -20.28, 8.39, -17.83, Down
1761456284882, -20.45, 13.08, -16.43, Right
1761456284933, -14.97, 14.75, -2.47, Right
1761456284982, -12.10, 25.35, -35.11, Right
1761456285035, -3.58, 34.06, -54.34, Right
1761456285081, 2.29, 31.49, -41.57, Right
1761456285127, -1.99, 39.43, -47.96, Right
1761456285175, -6.28, 47.63, -56.30, Right
1761456285221, -0.94, 45.78, -42.91, Right
1761456285264, 7.39, 55.21, -62.19, Right
1761456285313, 8.02, 54.78, -62.89, Right
1761456285358, 9.64, 54.50, -64.19, Right
1761456285406, 5.75, 56.06, -78.37, Right
1761456285456, 3.05, 45.82, -45.49, Right
1761456285500, -1.55, 47.90, -59.54, Right
1761456285551, -9.75, 40.19, -40.02, Right
1761456285623, -9.67, 40.31, -40.15, Right
1761456285672, -9.75, 39.96, -40.10, Right
1761456285739, -9.91, 39.47, -39.89, Right
1761456285782, -14.31, 40.86, -53.84, Right
1761456285831, -16.82, 31.19, -20.64, Right
1761456285881, -12.34, 29.00, -6.76, Right
1761456285938, -10.41, 22.29, 9.53, Right
1761456285983, -7.66, 30.92, -23.85, Right
1761456286020, -4.50, 28.16, -8.62, Right
1761456286076, 1.41, 33.16, -26.22, Right
1761456286124, -1.40, 30.36, -24.40, Right
1761456286168, -4.16, 26.46, -22.18, Right
1761456286233, -7.41, 21.97, -19.98, Right
1761456286281, -6.34, 15.66, -3.65, Right
1761456286332, -2.22, 18.92, -21.13, Right
1761456286372, -5.91, 14.40, -19.04, Right
1761456286427, -7.56, 14.32, -19.10, Right
1761456286472, -6.46, 9.16, -2.99, Forward
1761456286536, -9.33, 5.07, -1.80, Forward
1761456286586, -11.15, 2.95, -1.38, Down
1761456286631, -12.55, 0.51, -0.81, Down
1761456286678, -12.84, -0.22, -0.74, Down
1761456286722, -12.45, -0.35, -0.92, Down
1761456286771, -11.67, -0.65, -0.94, Down
1761456286834, -10.80, -1.11, -0.97, Down
1761456286886, -9.65, -1.11, -1.03, Forward
1761456286939, -8.69, -1.12, -1.06, Forward
1761456286985, -8.28, -1.20, -1.10, Forward
1761456287031, -8.38, -1.05, -1.27, Forward
1761456287081, -6.97, -0.79, -1.41, Forward
1761456287132, -6.19, -0.83, -1.37, Forward
1761456287172, -5.64, -0.94, -1.51, Forward
1761456287226, -6.07, -1.45, -1.38, Forward
1761456287272, -6.85, -1.75, -1.38, Forward
1761456287319, -7.49, -1.89, -1.42, Forward
1761456287366, -8.12, -2.35, -1.30, Forward
1761456287431, -8.11, -2.63, -1.27, Forward
1761456287480, -7.53, -2.78, -1.27, Forward
1761456287530, -6.42, -2.98, -1.16, Forward
1761456287581, -7.05, -3.13, -1.22, Forward
1761456287630, -6.74, -2.93, -1.40, Forward
1761456287734, -7.51, -2.81, -1.40, Forward
1761456287784, -7.36, -2.31, -1.62, Forward
1761456287834, -7.16, -1.77, -1.88, Forward
1761456287884, -6.98, -1.51, -2.10, Forward
1761456287942, -6.75, -0.99, -2.34, Forward
1761456287993, -6.82, -0.72, -2.54, Forward
1761456288042, -6.85, -0.61, -2.69, Forward
1761456288088, 0.36, -0.23, 0.04, Forward
1761456288130, -3.18, -0.16, 17.93, Forward
1761456288180, -3.95, -0.55, 17.89, Forward
1761456288234, -4.20, -0.98, 17.98, Forward
1761456288282, -4.51, -1.63, 18.07, Forward
1761456288331, -5.09, -2.27, 18.17, Forward
1761456288376, -5.61, -2.70, 18.39, Forward
1761456288424, -6.37, -3.21, 18.50, Forward
1761456288468, -6.98, -3.53, 18.59, Forward
1761456288512, -7.35, -3.52, 18.74, Forward
1761456288556, -15.01, -3.78, 16.01, Down
1761456288601, -11.65, -3.80, -1.71, Down
1761456288649, -11.56, -3.54, -1.55, Down
1761456288697, -11.69, -3.61, -1.36, Down
1761456288744, -12.18, -3.38, -1.22, Down
1761456288828, -12.11, -3.32, -1.05, Down
1761456288873, -12.08, -3.49, -0.94, Down
1761456288933, -12.14, -3.14, -0.72, Down
1761456288985, -12.24, -2.98, -0.47, Down
1761456289040, -12.34, -2.56, -0.38, Down
1761456289085, -12.61, -2.18, -0.29, Down
1761456289130, -13.22, -1.78, -0.13, Down
1761456289175, -13.50, -1.12, -0.00, Down
1761456289225, -13.80, -0.27, 0.07, Down
1761456289272, -13.77, -0.03, 0.39, Down
1761456289318, -13.88, 0.38, 0.66, Down
1761456289359, -13.91, 1.02, 0.85, Down
1761456289409, -13.67, 1.13, 0.96, Down
1761456289454, -13.54, 1.23, 0.97, Down
1761456289509, -13.58, 0.73, 1.09, Down
1761456289556, -13.77, -0.02, 1.25, Down
1761456289599, -13.86, -0.91, 1.31, Down
1761456289645, -13.84, -1.81, 1.45, Down
1761456289688, -14.09, -2.78, 1.59, Down
1761456289739, -14.34, -3.54, 1.58, Down
1761456289830, -14.36, -4.66, 1.71, Down
1761456289880, -14.51, -5.82, 1.92, Down
1761456289930, -14.70, -6.86, 2.09, Down
1761456289980, -14.77, -7.81, 2.49, Down
1761456290031, -14.88, -8.71, 2.84, Down
1761456290071, -14.64, -9.56, 3.24, Down
1761456290126, -14.67, -9.65, 3.53, Down
1761456290175, -14.82, -9.78, 3.85, Down
1761456290224, -14.63, -9.86, 4.16, Down
1761456290273, -14.54, -7.33, 4.00, Down
1761456290331, -13.82, -4.25, 3.89, Down
1761456290380, -12.93, -1.00, 3.74, Down
1761456290426, -12.02, 2.20, 3.60, Down
1761456290469, -11.38, 5.49, 3.09, Down
1761456290524, -10.74, 8.78, 2.69, Down
1761456290570, -10.03, 12.52, 1.95, Right
1761456290615, -8.84, 15.42, 1.38, Right
1761456290664, -7.45, 18.45, 0.66, Right
1761456290714, -6.14, 21.31, -0.11, Right
1761456290755, -4.80, 21.96, -0.40, Right
1761456290809, -4.40, 22.34, -0.88, Right
1761456290855, -4.10, 22.60, -1.35, Right
1761456290900, -3.82, 22.84, -1.83, Right
1761456290950, -3.11, 22.97, -2.13, Right
1761456291035, -1.91, 23.41, -2.75, Right
1761456291087, -0.90, 23.51, -3.10, Right
1761456291133, 0.05, 23.80, -3.46, Right
1761456291182, 0.94, 24.03, -3.74, Right
1761456291234, 1.90, 24.62, -4.11, Right
1761456291285, 3.17, 25.09, -4.58, Right
1761456291332, 4.49, 25.87, -5.20, Right
1761456291377, 5.89, 26.73, -5.87, Right
1761456291424, 7.27, 27.47, -6.49, Right
1761456291469, 8.90, 28.60, -7.43, Right
1761456291540, 10.38, 29.58, -8.41, Right
1761456291585, 11.81, 30.69, -9.46, Right
1761456291638, 13.29, 31.64, -10.50, Right
1761456291684, 14.82, 32.41, -11.82, Right
1761456291739, 16.33, 33.13, -12.95, Right
1761456291839, 17.74, 33.97, -14.17, Right
1761456291885, 19.02, 34.48, -15.18, Right
1761456291935, 20.16, 34.81, -16.11, Right
1761456291986, 21.39, 35.48, -17.22, Right
1761456292037, 18.21, 37.65, -32.95, Right
1761456292083, 18.63, 38.18, -33.45, Right
1761456292130, 19.15, 38.64, -33.90, Right
1761456292179, 19.67, 39.01, -34.38, Right
1761456292229, 20.04, 39.61, -34.66, Right
1761456292276, 19.92, 40.04, -34.89, Right
1761456292334, 19.95, 39.76, -34.79, Right
1761456292382, 19.97, 39.48, -34.73, Right
1761456292430, 20.05, 39.52, -34.84, Right
1761456292475, 19.97, 39.16, -34.60, Right
1761456292523, 23.92, 36.90, -19.38, Right
1761456292570, 23.94, 36.12, -19.04, Right
1761456292618, 24.10, 35.47, -18.84, Right
1761456292662, 24.15, 34.90, -18.63, Right
1761456292710, 24.24, 34.35, -18.50, Right
1761456292756, 24.57, 33.69, -18.32, Right
1761456292805, 24.62, 33.74, -18.35, Right
1761456292851, 24.74, 33.75, -18.43, Right
1761456292905, 24.82, 33.51, -18.37, Right
1761456292954, 25.04, 33.48, -18.49, Right
1761456293036, 25.09, 33.50, -18.50, Right
1761456293083, 25.13, 33.55, -18.58, Right
1761456293134, 24.96, 33.49, -18.52, Right
1761456293182, 24.86, 33.40, -18.46, Right
1761456293238, 24.66, 33.45, -18.23, Right
1761456293288, 24.58, 33.58, -18.15, Right
1761456293365, 24.75, 33.60, -18.22, Right
1761456293414, 24.73, 33.71, -18.10, Right
1761456293465, 24.65, 33.74, -17.97, Right
1761456293517, 24.47, 33.66, -17.76, Right
1761456293562, 24.56, 33.49, -17.77, Right
1761456293609, 24.54, 33.41, -17.69, Right
1761456293659, 24.51, 33.26, -17.59, Right
1761456293708, 24.49, 33.23, -17.58, Right
1761456293759, 24.53, 32.98, -17.59, Right
1761456293836, 24.46, 32.69, -17.54, Right
1761456293885, 24.26, 32.55, -17.41, Right
1761456293932, 24.07, 32.28, -17.34, Right
1761456293981, 23.91, 32.04, -17.31, Right
1761456294036, 23.94, 31.92, -17.38, Right
1761456294088, 23.82, 32.02, -17.31, Right
1761456294138, 23.99, 32.02, -17.42, Right
1761456294185, 24.02, 31.97, -17.49, Right
1761456294235, 24.00, 32.08, -17.46, Right
1761456294281, 23.86, 32.46, -17.46, Right
1761456294334, 23.77, 32.75, -17.43, Right
1761456294384, 23.44, 32.92, -17.18, Right
1761456294434, 23.30, 33.33, -17.08, Right
1761456294480, 23.35, 33.77, -17.11, Right
1761456294528, 23.08, 33.91, -16.94, Right
1761456294634, 19.33, 35.07, -32.53, Right
1761456294682, 18.51, 34.89, -32.00, Right
1761456294731, 18.01, 34.84, -31.67, Right
1761456294777, 16.90, 33.92, -30.81, Right
1761456294835, 15.11, 32.01, -29.57, Right
1761456294888, 13.25, 29.97, -28.36, Right
1761456294938, 11.58, 27.37, -26.94, Right
1761456294986, 9.97, 24.49, -25.42, Right
1761456295038, 8.22, 21.73, -23.70, Right
1761456295134, 6.57, 19.09, -22.00, Right
1761456295187, 8.35, 15.50, -4.68, Right
1761456295235, 6.88, 12.87, -3.17, Right
1761456295326, 5.19, 10.12, -1.54, Right
1761456295374, 4.06, 8.09, -0.43, Forward
1761456295424, 3.70, 6.91, 0.28, Forward
1761456295473, 3.47, 5.95, 0.97, Forward
1761456295523, 3.15, 5.37, 1.38, Forward
1761456295568, 2.77, 4.96, 1.77, Forward
1761456295620, 2.27, 4.43, 2.11, Forward
1761456295668, 1.93, 3.95, 2.35, Forward
1761456295718, 1.70, 3.22, 2.65, Forward
1761456295767, 1.60, 2.90, 2.73, Forward
1761456295819, 1.62, 2.71, 2.79, Forward
1761456295868, 1.59, 2.75, 2.79, Forward
1761456295934, 1.54, 2.78, 2.79, Forward
1761456295983, 1.51, 2.84, 2.76, Forward
1761456296036, 1.77, 3.64, 2.52, Forward
1761456296125, 2.10, 6.08, 1.84, Forward
1761456296171, 2.42, 8.63, 1.15, Forward
1761456296217, 2.68, 11.22, 0.45, Right
1761456296267, 3.32, 14.12, -0.51, Right
1761456296318, 3.82, 17.13, -1.41, Right
1761456296367, 4.57, 19.91, -2.47, Right
1761456296424, 5.48, 22.67, -3.50, Right
1761456296473, 6.44, 25.21, -4.52, Right
1761456296522, 7.33, 27.63, -5.52, Right
1761456296570, 7.92, 29.62, -6.42, Right
1761456296619, 8.46, 29.92, -6.91, Right
1761456296667, 9.26, 30.18, -7.49, Right
1761456296732, 10.02, 29.56, -7.55, Right
1761456296783, 10.23, 28.62, -7.29, Right
1761456296831, 10.50, 27.60, -7.05, Right
1761456296882, 10.51, 26.74, -6.63, Right
1761456296928, 10.05, 24.49, -5.66, Right
1761456296976, 9.52, 22.18, -4.63, Right
1761456297025, 8.90, 20.03, -3.63, Right
1761456297073, 8.44, 17.77, -2.55, Right
1761456297120, 7.79, 15.64, -1.52, Right
1761456297167, 7.03, 13.48, -0.34, Right
1761456297231, 6.37, 12.14, 0.32, Right
1761456297276, 5.74, 10.86, 0.88, Right
1761456297326, 5.20, 9.32, 1.44, Forward
1761456297372, 4.61, 7.89, 1.99, Forward
1761456297421, 4.35, 7.63, 2.02, Forward
1761456297528, 4.10, 7.34, 2.11, Forward
1761456297577, 3.99, 6.98, 2.19, Forward
1761456297624, 3.75, 6.78, 2.21, Forward
1761456297672, 3.68, 6.29, 2.35, Forward
1761456297721, 3.57, 5.93, 2.39, Forward
1761456297768, 3.31, 5.82, 2.39, Forward
1761456297822, 3.36, 5.46, 2.55, Forward
1761456297868, 3.40, 5.17, 2.78, Forward
1761456297914, 3.57, 5.02, 2.91, Forward
1761456297970, 3.29, 4.39, 3.21, Forward
1761456298035, 3.01, 3.87, 3.49, Forward
1761456298083, 2.71, 3.44, 3.76, Forward
1761456298132, 2.42, 2.93, 4.08, Forward
1761456298179, 2.18, 2.41, 4.39, Forward
1761456298225, 1.90, 2.18, 4.56, Forward
1761456298334, 1.90, 2.71, 4.40, Forward
1761456298378, 1.79, 3.58, 4.12, Forward
1761456298424, 1.64, 4.56, 3.76, Forward
1761456298474, 1.38, 5.37, 3.48, Forward
1761456298523, 1.73, 8.20, 2.61, Forward
1761456298571, 2.31, 11.82, 1.25, Right
1761456298621, 3.80, 15.94, -0.79, Right
1761456298666, 5.13, 19.94, -2.82, Right
1761456298710, 6.48, 24.22, -4.96, Right
1761456298756, 7.85, 28.56, -7.17, Right
1761456298831, 9.17, 32.05, -9.22, Right
1761456298878, 10.56, 35.38, -11.18, Right
1761456298926, 11.45, 38.42, -13.05, Right
1761456298973, 12.46, 41.46, -14.89, Right
1761456299021, 12.48, 41.67, -15.68, Right
1761456299131, 11.90, 38.86, -15.40, Right
1761456299177, 10.68, 35.21, -14.34, Right
1761456299223, 9.53, 31.87, -13.36, Right
1761456299272, 8.35, 28.35, -12.27, Right
1761456299321, 7.57, 21.97, -10.28, Right
1761456299368, 6.69, 14.88, -7.93, Right
1761456299419, 5.58, 8.23, -5.68, Forward
1761456299465, 4.94, 1.72, -3.45, Forward
1761456299514, 4.19, -4.80, -1.26, Forward
1761456299564, 4.05, -9.62, 0.28, Forward
1761456299634, 4.23, -12.12, 1.14, Left
1761456299681, 4.13, -14.33, 1.96, Left
1761456299734, 4.33, -16.57, 2.76, Left
1761456299780, 4.45, -18.65, 3.51, Left
1761456299830, 4.28, -18.21, 3.56, Left
1761456299931, 3.82, -17.32, 3.53, Left
1761456299983, 3.42, -16.84, 3.51, Left
1761456300035, 3.06, -16.21, 3.44, Left
1761456300087, 2.70, -15.57, 3.37, Left
1761456300135, 2.49, -15.35, 3.35, Left
1761456300180, 2.33, -15.17, 3.34, Left
1761456300226, 2.22, -14.92, 3.25, Left
1761456300274, 1.87, -14.73, 3.19, Left
1761456300321, 1.54, -14.60, 3.13, Left
1761456300368, 1.08, -14.48, 3.06, Left
1761456300430, 0.84, -14.25, 2.98, Left
1761456300477, 0.70, -13.94, 2.89, Left
1761456300529, 0.59, -13.77, 2.88, Left
1761456300578, 0.47, -13.63, 2.86, Left
1761456300629, 0.74, -13.12, 2.69, Left
1761456300714, 1.43, -12.38, 2.57, Left
1761456300761, 1.97, -11.67, 2.51, Left
1761456300811, 2.52, -11.22, 2.48, Left
1761456300865, 2.95, -10.83, 2.46, Left
1761456300918, 3.47, -10.56, 2.49, Left
1761456300963, 3.99, -9.93, 2.39, Forward
1761456301021, 4.46, -9.39, 2.31, Forward
1761456301070, 4.88, -8.86, 2.21, Forward
1761456301121, 5.28, -8.27, 2.10, Forward
1761456301232, 5.35, -8.00, 2.10, Forward
1761456301285, 5.04, -7.98, 2.06, Forward
1761456301333, 4.85, -8.10, 2.08, Forward
1761456301420, 4.72, -8.14, 2.05, Forward
1761456301470, 4.72, -8.13, 2.03, Forward
1761456301516, 4.71, -8.14, 2.01, Forward
1761456301564, 4.44, -8.69, 2.13, Forward
1761456301612, 4.05, -9.47, 2.32, Forward
1761456301658, 3.77, -9.97, 2.44, Forward
1761456301729, 3.66, -10.58, 2.55, Left
1761456301778, 3.58, -11.12, 2.66, Left
1761456301830, 3.50, -11.74, 2.69, Left
1761456301914, 3.18, -12.14, 2.57, Left
1761456301961, 2.74, -12.37, 2.45, Left
1761456302011, 2.27, -12.68, 2.35, Left
1761456302064, 1.86, -13.11, 2.30, Left
1761456302111, 1.69, -13.25, 2.16, Left
1761456302160, 1.72, -12.82, 1.85, Left
1761456302221, 1.66, -12.50, 1.57, Left
1761456302268, 1.45, -12.30, 1.35, Left
1761456302315, 1.34, -11.97, 1.09, Left
1761456302365, 1.12, -11.53, 0.93, Left
1761456302416, 1.14, -11.26, 0.86, Left
1761456302469, 1.19, -11.19, 0.90, Left
1761456302532, 1.72, -10.50, 0.76, Left
1761456302580, 1.97, -9.76, 0.58, Forward
1761456302633, 2.56, -8.79, 0.48, Forward
1761456302715, 2.90, -8.43, 0.62, Forward
1761456302763, 3.21, -8.10, 0.82, Forward
1761456302811, 3.55, -7.73, 1.01, Forward
1761456302859, 3.86, -7.53, 1.26, Forward
1761456302904, 4.15, -7.39, 1.48, Forward
1761456302955, 4.44, -7.16, 1.69, Forward
1761456303003, 4.92, -6.78, 1.83, Forward
1761456303083, 4.94, -7.01, 2.16, Forward
1761456303131, 5.12, -7.30, 2.54, Forward
1761456303184, 5.01, -7.84, 2.84, Forward
1761456303242, 5.01, -8.06, 2.98, Forward
1761456303293, 5.06, -8.23, 3.06, Forward
1761456303359, 5.15, -7.93, 3.01, Forward
1761456303406, 5.08, -7.89, 3.05, Forward
1761456303453, 5.27, -7.59, 3.01, Forward
1761456303498, 5.22, -7.77, 3.12, Forward
1761456303549, 5.06, -7.99, 3.19, Forward
1761456303635, 4.58, -8.14, 3.27, Forward
1761456303683, 4.31, -8.09, 3.28, Forward
1761456303735, 4.00, -8.04, 3.28, Forward
1761456303779, 3.55, -7.97, 3.22, Forward
1761456303829, 3.09, -7.83, 3.22, Forward
1761456303883, 2.16, -7.66, 3.10, Forward
1761456303934, -2.14, -7.72, 20.57, Forward
1761456303979, -3.32, -7.46, 20.43, Forward
1761456304032, -4.38, -6.81, 20.16, Forward
1761456304084, -5.37, -6.42, 19.94, Forward
1761456304160, -9.79, -6.07, 37.35, Forward
1761456304212, -11.29, -5.56, 37.03, Down
1761456304262, -12.76, -5.05, 36.73, Down
1761456304314, -13.65, -4.75, 36.57, Down
1761456304368, -14.64, -4.43, 36.33, Down
1761456304438, -14.30, -4.04, 36.51, Down
1761456304488, -11.57, -3.63, 18.81, Down
1761456304536, -12.19, -3.68, 18.78, Down
1761456304583, -13.13, -3.59, 18.68, Down
1761456304633, -14.15, -3.41, 18.62, Down
1761456304685, -11.05, -3.37, 0.96, Down
1761456304731, -11.07, -3.41, 0.99, Down
1761456304784, -11.10, -3.45, 1.03, Down
1761456304834, -11.51, -3.24, 0.96, Down
1761456304880, -11.57, -3.30, 1.02, Down
1761456304964, -12.65, -3.87, 0.87, Down
1761456305010, -12.67, -3.98, 0.91, Down
1761456305067, -12.62, -4.17, 1.03, Down
1761456305111, -12.22, -4.43, 1.12, Down
1761456305161, -11.85, -4.63, 1.18, Down
1761456305233, -11.92, -4.48, 1.12, Down
1761456305283, -11.82, -4.61, 1.15, Down
1761456305332, -11.86, -4.58, 1.14, Down
1761456305383, -11.69, -4.71, 1.24, Down
1761456305427, -11.87, -4.60, 1.15, Down
1761456305488, -12.07, -4.36, 1.06, Down
1761456305537, -12.32, -4.26, 1.02, Down
1761456305585, -12.48, -4.14, 0.94, Down
1761456305630, -12.63, -4.04, 0.99, Down
1761456305682, -12.78, -4.02, 1.04, Down
1761456305766, -12.53, -4.13, 1.12, Down
1761456305814, -12.45, -4.16, 1.16, Down
1761456305863, -12.31, -4.23, 1.22, Down
1761456305916, -11.24, -3.81, 1.14, Down
1761456305968, -11.14, -3.60, 1.16, Down
1761456306033, -11.03, -3.40, 1.10, Down
1761456306081, -11.03, -3.28, 1.04, Down
1761456306148, -9.70, -2.86, 0.36, Forward
1761456306198, -9.54, -2.72, 0.33, Forward
1761456306251, -9.48, -2.43, 0.28, Forward
1761456306299, -9.90, -2.10, 0.22, Forward
1761456306434, -8.84, -1.55, 2.29, Forward
1761456306481, -9.03, -1.25, 2.22, Forward
1761456306530, -10.41, -1.38, 2.19, Down
1761456306578, -10.50, -1.75, 2.20, Down
1761456306625, -10.32, -1.96, 2.29, Down
1761456306684, -10.12, -1.88, 2.36, Down
1761456306731, -11.34, -2.11, 3.02, Down
1761456306776, -11.19, -2.27, 3.03, Down
1761456306826, -11.06, -2.50, 3.06, Down
1761456306875, -10.93, -2.66, 3.06, Down
1761456306959, -12.13, -2.82, 0.91, Down
1761456307006, -12.03, -2.86, 0.94, Down
1761456307054, -11.82, -2.96, 0.97, Down
1761456307103, -12.08, -2.50, 0.97, Down
1761456307151, -12.48, -2.36, 0.98, Down
1761456307229, -12.91, -2.28, 0.92, Down
1761456307279, -15.82, -2.30, -17.22, Down
1761456307330, -16.13, -1.97, -17.31, Down
1761456307381, -16.24, -1.57, -17.37, Down
1761456307430, -16.21, -1.22, -17.42, Down
1761456307487, -16.16, -1.32, -17.42, Down
1761456307536, -16.08, -1.21, -17.46, Down
1761456307583, -16.11, -1.23, -17.50, Down
1761456307631, -15.91, -1.42, -17.55, Down
1761456307680, -15.88, -1.58, -17.55, Down
1761456307763, -15.45, -1.87, -17.43, Down
1761456307815, -12.57, -2.04, 0.78, Down
1761456307864, -12.42, -2.27, 0.85, Down
1761456307913, -12.60, -2.46, 0.82, Down
1761456307965, -12.82, -2.66, 0.79, Down
1761456308015, -12.95, -2.87, 0.85, Down
1761456308066, -13.00, -3.25, 0.95, Down
1761456308115, -13.17, -3.45, 1.02, Down
1761456308166, -13.14, -3.49, 1.08, Down
1761456308214, -12.90, -3.47, 1.11, Down
1761456308283, -13.06, -3.17, 0.97, Down
1761456308333, -5.01, 0.37, -1.81, Forward
1761456308383, -7.85, 0.24, 15.94, Forward
1761456308430, -7.39, 0.12, 16.03, Forward
1761456308481, -6.79, 0.09, 16.10, Forward
1761456308558, -6.92, 0.56, 15.99, Forward
1761456308605, -7.12, 1.14, 15.89, Forward
1761456308654, -7.24, 1.63, 15.77, Forward
1761456308702, -7.59, 1.80, 15.77, Forward
1761456308750, -7.88, 2.03, 15.66, Forward
1761456308813, -7.66, 1.90, 15.72, Forward
1761456308864, -15.73, -1.36, 18.36, Down
1761456308914, -12.85, -1.16, 0.56, Down
1761456308964, -13.02, -0.88, 0.39, Down
1761456309014, -13.31, -0.74, 0.30, Down
1761456309081, -13.22, -0.93, 0.33, Down
1761456309134, -13.17, -1.20, 0.33, Down
1761456309180, -13.03, -1.36, 0.35, Down
1761456309227, -12.67, -1.35, 0.31, Down
1761456309273, -12.56, -1.40, 0.38, Down
1761456309361, -12.83, -1.31, 0.36, Down
1761456309407, -13.08, -1.23, 0.36, Down
1761456309453, -13.26, -1.16, 0.34, Down
1761456309503, -13.22, -1.32, 0.47, Down
1761456309551, -13.02, -1.36, 0.56, Down
1761456309608, -12.93, -1.23, 0.56, Down
1761456309655, -12.81, -1.09, 0.61, Down
1761456309703, -12.74, -0.98, 0.65, Down
1761456309754, -12.87, -0.82, 0.65, Down
1761456309802, -13.02, -0.85, 0.58, Down
1761456309885, -13.10, -0.82, 0.58, Down
1761456309936, -12.94, -0.84, 0.62, Down
1761456309987, -12.93, -0.80, 0.64, Down
1761456310036, -13.00, -0.53, 0.56, Down
1761456310088, -13.28, -0.46, 0.52, Down
1761456310160, -13.24, -0.48, 0.48, Down
1761456310205, -13.31, -0.53, 0.43, Down
1761456310253, -13.40, -0.65, 0.40, Down
1761456310303, -13.62, -0.84, 0.39, Down
1761456310355, -13.78, -0.84, 0.42, Down
1761456310411, -13.97, -1.09, 0.48, Down
1761456310461, -14.20, -1.31, 0.55, Down
1761456310510, -14.33, -1.59, 0.62, Down
1761456310561, -14.77, -1.97, 0.71, Down
1761456310608, -14.60, -1.89, 0.73, Down
1761456310685, -14.86, -1.74, 0.70, Down
1761456310733, -14.90, -1.81, 0.71, Down
1761456310779, -14.98, -1.94, 0.73, Down
1761456310825, -14.74, -1.87, 0.72, Down
1761456310874, -14.43, -1.75, 0.64, Down
1761456310963, -14.27, -1.51, 0.59, Down
1761456311012, -14.10, -1.45, 0.58, Down
1761456311066, -14.08, -1.19, 0.53, Down
1761456311114, -12.42, -0.83, 1.21, Down
1761456311162, -12.75, -1.09, 1.25, Down
1761456311214, -12.25, -1.36, 1.35, Down
1761456311263, -12.02, -1.26, 1.34, Down
1761456311311, -11.73, -1.10, 1.34, Down
1761456311363, -11.63, -1.14, 1.37, Down
1761456311413, -11.73, -1.47, 1.45, Down
1761456311486, -11.76, -1.60, 1.48, Down
1761456311534, -11.87, -1.58, 1.46, Down
1761456311583, -11.97, -1.70, 1.44, Down
1761456311628, -13.56, -1.96, 0.68, Down
1761456311680, -13.47, -1.82, 0.61, Down
1761456311763, -14.08, -1.97, 0.66, Down
1761456311813, -14.56, -2.14, 0.67, Down
1761456311864, -15.08, -2.29, 0.66, Down
1761456311913, -15.35, -2.48, 0.61, Down
1761456311962, -15.37, -2.28, 0.55, Down
1761456312012, -15.42, -2.19, 0.46, Down
1761456312063, -18.84, -2.31, 18.20, Down
1761456312113, -22.10, -2.37, 35.94, Down
1761456312165, -21.80, -2.07, 35.91, Down
1761456312214, -21.87, -1.88, 35.83, Down
1761456312282, -21.54, -1.57, 35.73, Down
1761456312328, -21.21, -1.30, 35.67, Down
1761456312377, -20.84, -0.98, 35.59, Down
1761456312423, -20.88, -0.70, 35.58, Down
1761456312470, -20.92, -0.43, 35.52, Down
1761456312562, -20.84, -0.33, 35.56, Down
1761456312610, -17.40, -0.10, 17.72, Down
1761456312656, -14.08, 0.06, -0.09, Down
1761456312702, -13.96, -0.15, -0.04, Down
1761456312750, -13.66, -0.50, 0.07, Down
1761456312816, -13.90, -0.89, 0.12, Down
1761456312864, -14.02, -1.23, 0.20, Down
1761456312917, -14.13, -1.58, 0.28, Down
1761456312966, -13.97, -1.67, 0.30, Down
1761456313016, -13.86, -1.87, 0.38, Down
1761456313087, -13.56, -1.97, 0.41, Down
1761456313136, -13.32, -1.99, 0.45, Down
1761456313185, -13.07, -1.99, 0.48, Down
1761456313234, -15.67, -2.24, 18.26, Down
1761456313279, -15.55, -2.16, 18.18, Down
1761456313355, -17.83, -2.03, 36.00, Down
1761456313404, -17.65, -1.85, 35.91, Down
1761456313452, -9.58, -1.54, 36.62, Forward
1761456313500, -9.75, -1.54, 36.52, Forward
1761456313550, -10.04, -1.43, 36.41, Down
1761456313609, -9.92, -1.54, 36.43, Forward
1761456313656, -9.74, -1.64, 36.48, Forward
1761456313702, -9.53, -1.75, 36.51, Forward
1761456313753, -6.83, -1.58, 18.73, Forward
1761456313803, -6.98, -1.47, 18.80, Forward
1761456313884, -4.50, -1.60, 1.02, Forward
1761456313930, -4.47, -1.91, 1.15, Forward
1761456313975, -12.42, -2.32, 0.46, Down
1761456314019, -12.30, -2.35, 0.53, Down
1761456314069, -12.02, -2.52, 0.61, Down
1761456314155, -12.29, -2.51, 0.58, Down
1761456314201, -12.54, -2.46, 0.57, Down
1761456314249, -12.85, -2.46, 0.60, Down
1761456314296, -13.31, -2.27, 0.54, Down
1761456314338, -13.70, -2.29, 0.50, Down
1761456314414, -13.59, -1.91, 0.47, Down
1761456314463, -13.57, -1.58, 0.44, Down
1761456314510, -13.38, -1.01, 0.36, Down
1761456314561, -13.13, -0.68, 0.38, Down
1761456314604, -13.14, -0.75, 0.52, Down
1761456314682, -13.21, -0.85, 0.65, Down
1761456314727, -13.41, -1.03, 0.76, Down
1761456314775, -13.51, -1.15, 0.85, Down
1761456314820, -13.44, -1.35, 1.05, Down
1761456314866, -13.32, -1.73, 1.26, Down
1761456314958, -13.56, -2.26, 1.35, Down
1761456315004, -13.72, -2.65, 1.46, Down
1761456315054, -14.06, -3.21, 1.61, Down
1761456315102, -14.39, -3.68, 1.65, Down
1761456315149, -14.46, -3.73, 1.54, Down
1761456315209, -14.59, -3.25, 1.31, Down
1761456315261, -14.56, -3.03, 1.09, Down
1761456315313, -14.59, -2.76, 0.91, Down
1761456315360, -14.64, -2.69, 0.75, Down
1761456315412, -14.68, -2.48, 0.56, Down
1761456315483, -14.62, -2.20, 0.45, Down
1761456315531, -14.80, -1.83, 0.32, Down
1761456315576, -14.88, -1.62, 0.23, Down
1761456315625, -14.76, -1.56, 0.38, Down
1761456315675, -14.82, -1.63, 0.51, Down
1761456315761, -14.39, -2.14, 0.76, Down
1761456315810, -14.15, -2.27, 0.95, Down
1761456315864, -13.94, -2.51, 1.12, Down
1761456315911, -13.70, -2.74, 1.28, Down
1761456315963, -13.62, -2.89, 1.43, Down
1761456316010, -13.60, -2.90, 1.44, Down
1761456316066, -13.36, -3.36, 1.55, Down
1761456316119, -13.13, -3.70, 1.62, Down
1761456316176, -13.34, -3.63, 1.51, Down
1761456316223, -13.28, -3.42, 1.43, Down
1761456316282, -16.32, -3.77, 19.05, Down
1761456316327, -16.33, -3.87, 19.08, Down
1761456316378, -16.28, -3.97, 19.11, Down
1761456316424, -16.45, -3.91, 19.11, Down
1761456316472, -16.50, -3.89, 19.12, Down
1761456316559, -19.41, -4.10, 1.01, Down
1761456316609, -22.39, -4.04, -17.15, Down
1761456316654, -25.39, -4.01, -35.32, Down
1761456316702, -25.13, -4.12, -35.27, Down
1761456316748, -25.04, -4.31, -35.22, Down
1761456316808, -22.38, -3.60, -52.95, Down
1761456316855, -22.49, -3.38, -53.05, Down
1761456316902, -22.64, -3.11, -53.12, Down
1761456316952, -22.57, -2.90, -53.22, Down
1761456316999, -22.66, -2.69, -53.33, Down
1761456317082, -19.78, -2.32, -35.13, Down
1761456317127, -17.00, -1.80, -16.97, Down
1761456317176, -14.20, -1.38, 1.21, Down
1761456317222, -14.10, -1.19, 1.21, Down
1761456317268, -13.88, -0.88, 1.26, Down
1761456317364, -13.50, -0.69, 1.29, Down
1761456317413, -13.27, -0.39, 1.31, Down
1761456317461, -13.11, -0.09, 1.30, Down
1761456317512, -15.83, 0.60, -16.44, Down
1761456317561, -18.44, 1.20, -34.21, Down
1761456317613, -18.36, 1.57, -34.29, Down
1761456317660, -18.22, 1.63, -34.29, Down
1761456317706, -18.15, 1.74, -34.26, Down
1761456317757, -18.24, 1.84, -34.23, Down
1761456317809, -18.54, 1.81, -34.22, Down
1761456317882, -18.96, 1.48, -34.19, Down
1761456317928, -19.43, 1.26, -34.21, Down
1761456317976, -19.81, 0.98, -34.18, Down
1761456318029, -17.09, 0.20, -16.42, Down
1761456318077, -14.30, -0.34, 1.37, Down
1761456318160, -14.25, -0.94, 1.44, Down
1761456318210, -14.19, -1.37, 1.48, Down
1761456318260, -14.08, -1.77, 1.47, Down
1761456318310, -14.18, -2.09, 1.45, Down
1761456318360, -13.94, -2.29, 1.47, Down
1761456318410, -13.80, -2.45, 1.52, Down
1761456318460, -13.65, -2.85, 1.64, Down
1761456318508, -13.51, -3.18, 1.71, Down
1761456318557, -13.60, -3.43, 1.81, Down
1761456318611, -13.73, -3.73, 1.95, Down
1761456318684, -13.81, -3.76, 1.98, Down
1761456318732, -13.92, -3.60, 1.93, Down
1761456318777, -14.04, -3.50, 1.90, Down
1761456318827, -13.96, -3.57, 2.00, Down
1761456318880, -14.10, -3.75, 2.06, Down
1761456318945, -14.16, -3.27, 2.04, Down
1761456318998, -14.18, -2.74, 2.00, Down
1761456319046, -14.11, -2.20, 1.96, Down
1761456319094, -14.51, -1.92, 1.77, Down
1761456319144, -14.96, -1.76, 1.60, Down
1761456319212, -15.06, -1.73, 1.57, Down
1761456319262, -15.08, -1.91, 1.64, Down
1761456319311, -15.04, -2.06, 1.67, Down
1761456319359, -15.20, -1.97, 1.52, Down
1761456319409, -15.19, -1.91, 1.34, Down
1761456319483, -14.99, -2.15, 1.27, Down
1761456319529, -14.81, -2.10, 1.10, Down
1761456319577, -14.90, -2.36, 1.04, Down
1761456319626, -14.38, -2.40, 1.09, Down
1761456319679, -13.83, -2.40, 1.09, Down
1761456319745, -13.73, -2.37, 0.97, Down
1761456319792, -13.69, -2.24, 0.83, Down
1761456319843, -13.62, -2.22, 0.74, Down
1761456319894, -13.50, -1.99, 0.66, Down
1761456319944, -13.59, -1.72, 0.66, Down
1761456320011, -13.54, -1.73, 0.66, Down
1761456320061, -13.47, -1.94, 0.75, Down
1761456320110, -13.10, -1.83, 0.74, Down
1761456320160, -13.28, -1.49, 0.60, Down
1761456320209, -13.36, -1.06, 0.49, Down
1761456320285, -13.57, -0.73, 0.41, Down
1761456320335, -13.68, -0.42, 0.36, Down
1761456320383, -13.86, 0.02, 0.27, Down
1761456320428, -13.80, 0.24, 0.17, Down
1761456320479, -13.56, 0.35, 0.07, Down
1761456320546, -13.48, 0.32, 0.07, Down
1761456320594, -13.45, 0.24, 0.09, Down
1761456320645, -13.63, 0.15, 0.12, Down
1761456320695, -13.45, -0.04, 0.21, Down
1761456320744, -13.40, -0.15, 0.24, Down
1761456320810, -13.17, -0.26, 0.34, Down
1761456320861, -12.92, -0.37, 0.39, Down
1761456320912, -12.77, -0.48, 0.41, Down
1761456320960, -12.74, -0.80, 0.56, Down
1761456321009, -12.91, -0.76, 0.59, Down
1761456321097, -12.94, -0.68, 0.60, Down
1761456321143, -13.04, -0.57, 0.53, Down
1761456321193, -12.96, -0.51, 0.52, Down
1761456321243, -12.88, -0.36, 0.51, Down
1761456321293, -12.80, -0.44, 0.55, Down
1761456321343, -12.71, -0.68, 0.61, Down
1761456321393, -12.61, -0.96, 0.69, Down
1761456321440, -12.43, -1.27, 0.83, Down
1761456321494, -12.40, -1.32, 0.85, Down
1761456321543, -12.13, -1.51, 0.92, Down
1761456321611, -15.30, -0.93, -16.98, Down
1761456321659, -15.35, -0.57, -17.13, Down
1761456321709, -18.43, -0.25, -35.14, Down
1761456321762, -18.55, -0.06, -35.24, Down
1761456321810, -18.57, -0.02, -35.28, Down
1761456321886, -18.72, 0.24, -35.37, Down
1761456321935, -19.05, 0.47, -35.47, Down
1761456321983, -19.35, 0.79, -35.58, Down
1761456322029, -19.56, 1.15, -35.64, Down
1761456322077, -19.78, 1.43, -35.71, Down
1761456322146, -16.96, 0.73, -17.83, Down
1761456322194, -17.17, 0.61, -17.80, Down
1761456322243, -14.39, 0.42, 0.13, Down
1761456322293, -14.50, 0.12, 0.22, Down
1761456322343, -14.63, 0.09, 0.25, Down
1761456322409, -14.81, 0.07, 0.23, Down
1761456322460, -14.86, 0.05, 0.19, Down
1761456322511, -14.92, -0.09, 0.17, Down
1761456322558, -14.90, 0.08, 0.08, Down
1761456322610, -14.94, 0.32, -0.01, Down
1761456322682, -14.78, 0.76, -0.12, Down
1761456322729, -14.67, 0.85, -0.10, Down
1761456322774, -14.71, 1.05, -0.15, Down
1761456322826, -14.61, 1.37, -0.21, Down
1761456322875, -14.44, 1.73, -0.25, Down
1761456322943, -14.50, 1.74, -0.16, Down
1761456322993, -14.42, 1.89, 0.04, Down
1761456323048, -14.09, 2.24, 0.19, Down
1761456323095, -14.00, 2.07, 0.45, Down
1761456323147, -13.80, 1.97, 0.72, Down
1761456323213, -13.54, 2.22, 0.74, Down
1761456323260, -13.13, 2.63, 0.73, Down
1761456323313, -12.71, 3.15, 0.74, Down
1761456323358, -11.46, 3.28, 0.73, Down
1761456323412, -10.30, 3.33, 0.78, Down
1761456323483, -8.90, 3.33, 0.93, Forward
1761456323531, -7.59, 3.56, 0.98, Forward
1761456323577, -6.45, 3.42, 1.08, Forward
1761456323626, -5.33, 3.35, 1.19, Forward
1761456323676, -4.33, 3.17, 1.29, Forward
1761456323743, -3.25, 2.59, 1.73, Forward
1761456323792, -2.21, 1.92, 2.13, Forward
1761456323842, -1.11, 1.22, 2.52, Forward
1761456323887, -0.93, 0.84, 2.93, Forward
1761456323933, -0.80, 0.43, 3.27, Forward
1761456324011, -0.44, 0.95, 3.23, Forward
1761456324061, -0.26, 1.26, 3.16, Forward
1761456324109, -0.15, 1.71, 3.08, Forward
1761456324161, 0.17, 2.15, 2.91, Forward
1761456324210, 0.45, 2.53, 2.78, Forward
1761456324289, 0.56, 3.48, 2.35, Forward
1761456324341, 0.69, 4.37, 1.96, Forward
1761456324390, 0.80, 5.22, 1.57, Forward
1761456324446, 0.83, 5.70, 1.32, Forward
1761456324495, 0.86, 6.10, 1.14, Forward
1761456324548, 0.65, 6.35, 0.94, Forward
1761456324689, 0.55, 6.51, 0.80, Forward
1761456324742, 0.38, 6.78, 0.60, Forward
1761456324797, 0.14, 7.19, 0.44, Forward
1761456324846, -0.07, 7.23, 0.39, Forward
1761456324896, -0.15, 6.85, 0.55, Forward
1761456324946, -0.01, 6.56, 0.65, Forward
1761456325091, 0.04, 5.87, 0.88, Forward
1761456325140, 0.03, 5.84, 0.87, Forward
1761456325189, 0.07, 5.92, 0.85, Forward
1761456325238, 0.21, 5.52, 1.01, Forward
1761456325288, 0.29, 5.17, 1.14, Forward
1761456325337, 0.46, 4.37, 1.43, Forward
1761456325381, 0.60, 3.46, 1.72, Forward
1761456325430, 0.71, 2.92, 1.89, Forward
1761456325479, 0.73, 2.41, 2.07, Forward
1761456325524, 0.31, 2.10, 2.19, Forward
1761456325610, 0.12, 2.20, 2.16, Forward
1761456325656, 0.07, 1.98, 2.19, Forward
1761456325701, -0.01, 1.75, 2.21, Forward
1761456325749, -0.05, 2.21, 2.03, Forward
1761456325797, -0.07, 2.76, 1.86, Forward
1761456325881, -0.12, 3.15, 1.76, Forward
1761456325929, -0.18, 3.54, 1.62, Forward
1761456325976, -0.26, 3.94, 1.50, Forward
1761456326022, -0.31, 4.94, 1.10, Forward
1761456326072, -0.26, 5.58, 0.83, Forward
1761456326140, -0.42, 5.68, 0.77, Forward
1761456326197, -0.54, 5.96, 0.68, Forward
1761456326247, -0.63, 6.23, 0.59, Forward
1761456326295, -0.66, 6.00, 0.66, Forward
1761456326341, -0.69, 5.52, 0.77, Forward
1761456326410, -0.79, 6.13, 0.45, Forward
1761456326455, -0.87, 6.77, 0.13, Forward
1761456326503, -0.95, 7.30, -0.14, Forward
1761456326548, -0.83, 7.40, -0.16, Forward
1761456326594, -0.67, 7.69, -0.20, Forward
1761456326680, 0.09, 8.92, -0.63, Forward
1761456326723, -2.47, 10.49, -17.98, Right
1761456326768, -4.94, 11.97, -35.36, Right
1761456326812, -3.91, 14.78, -36.48, Right
1761456326856, -3.19, 17.79, -37.44, Right
1761456326935, -1.11, 20.46, -39.25, Right
1761456327001, 0.69, 23.59, -40.87, Right
1761456327067, 2.42, 26.79, -42.50, Right
1761456327114, 0.78, 31.65, -59.32, Right
1761456327160, 3.05, 34.94, -61.49, Right
1761456327209, 9.44, 30.22, -55.78, Right
1761456327253, 6.34, 24.56, -21.46, Right
1761456327298, 8.91, 22.51, -4.37, Right
1761456327344, 1.89, 15.12, 13.32, Right
1761456327389, 8.08, 8.52, 19.26, Forward
1761456327481, 8.60, -0.04, 25.36, Forward
1761456327528, 3.59, -1.93, 11.11, Forward
1761456327573, -4.00, -10.20, 29.45, Left
1761456327618, 0.29, -10.82, 43.41, Left
1761456327664, -7.86, -19.59, 62.10, Left
1761456327737, -17.89, -9.66, 40.83, Down
1761456327786, -14.89, 0.74, 7.79, Down
1761456327833, -17.48, 4.56, -8.53, Down
1761456327880, -14.56, 15.43, -40.80, Right
1761456327925, -19.08, 23.82, -48.57, Right
1761456328009, -19.36, 33.83, -55.27, Right
1761456328051, -18.56, 38.09, -55.63, Right
1761456328099, -9.81, 47.40, -75.21, Right
1761456328146, -9.79, 47.43, -75.51, Right
1761456328193, -6.87, 58.49, -107.91, Right
1761456328285, -7.96, 58.10, -107.16, Right
1761456328329, -8.59, 57.96, -106.62, Right
1761456328372, -3.63, 59.48, -92.77, Right
1761456328417, -6.08, 48.66, -60.58, Right
1761456328462, -10.87, 50.22, -74.00, Right
1761456328536, -18.61, 41.31, -54.83, Right
1761456328584, -13.56, 39.94, -41.25, Right
1761456328629, -21.79, 31.18, -21.53, Right
1761456328675, -29.97, 22.04, -1.46, Right
1761456328718, -24.35, 20.16, 11.56, Right
1761456328810, -17.50, 18.58, 23.83, Right
1761456328853, -11.36, 16.87, 36.41, Right
1761456328901, -10.92, 16.46, 36.18, Right
1761456328946, -2.95, 25.08, 16.90, Right
1761456328990, 1.83, 22.92, 30.36, Right
1761456329085, 9.62, 31.00, 11.19, Right
1761456329130, 9.31, 30.12, 11.46, Right
1761456329174, 17.08, 38.15, -7.91, Right
1761456329220, 25.40, 46.13, -27.40, Right
1761456329267, 25.48, 45.37, -27.02, Right
1761456329336, 25.58, 43.70, -26.25, Right
1761456329381, 25.75, 41.83, -25.47, Right
1761456329426, 25.60, 40.06, -24.62, Right
1761456329471, 25.86, 38.42, -24.03, Right
1761456329518, 26.66, 36.47, -23.45, Right
1761456329609, 27.34, 34.39, -22.65, Right
1761456329653, 28.12, 32.25, -21.83, Right
1761456329701, 28.84, 29.94, -20.88, Right
1761456329745, 29.17, 27.71, -19.78, Right
1761456329790, 29.64, 25.58, -18.82, Right
1761456329868, 30.11, 24.10, -18.20, Right
1761456329914, 30.55, 22.57, -17.51, Right
1761456329958, 31.18, 21.08, -16.87, Right
1761456330002, 31.79, 19.65, -16.19, Right
1761456330047, 31.80, 18.54, -15.56, Right
1761456330136, 32.25, 17.87, -15.46, Right
1761456330184, 32.63, 17.36, -15.48, Right
1761456330232, 32.98, 16.74, -15.47, Right
1761456330279, 33.03, 16.75, -15.73, Right
1761456330322, 32.96, 16.47, -15.71, Right
1761456330410, 33.01, 16.49, -15.81, Right
1761456330454, 32.95, 16.85, -16.07, Right
1761456330499, 32.99, 17.04, -16.28, Right
1761456330543, 31.71, 16.80, -15.77, Right
1761456330586, 30.56, 16.53, -15.23, Right
1761456330665, 28.81, 15.85, -14.05, Right
1761456330711, 27.01, 15.05, -12.77, Right
1761456330755, 25.21, 14.26, -11.50, Right
1761456330799, 23.52, 13.03, -10.05, Right
1761456330844, 21.90, 12.38, -9.10, Right
1761456330936, 19.99, 13.34, -8.90, Right
1761456330980, 18.29, 13.97, -8.65, Right
1761456331034, 16.58, 14.68, -8.37, Right
1761456331080, 16.53, 16.69, -9.35, Right
1761456331127, 16.32, 18.91, -10.43, Right
1761456331210, 16.88, 21.66, -12.23, Right
1761456331253, 17.40, 24.56, -14.01, Right
1761456331299, 17.93, 27.55, -15.88, Right
1761456331344, 18.49, 30.60, -17.83, Right
1761456331390, 19.05, 33.23, -19.48, Right
1761456331467, 19.64, 34.20, -20.28, Right
1761456331513, 20.12, 35.24, -20.98, Right
1761456331560, 20.38, 36.34, -21.66, Right
1761456331608, 20.34, 36.70, -21.84, Right
1761456331652, 20.33, 36.64, -21.93, Right
1761456331737, 20.33, 35.94, -21.50, Right
1761456331782, 20.55, 35.10, -21.14, Right
1761456331828, 20.75, 34.28, -20.73, Right
1761456331872, 20.44, 32.77, -19.47, Right
1761456331917, 19.79, 31.35, -18.33, Right
1761456332009, 19.09, 29.48, -16.89, Right
1761456332054, 18.39, 27.65, -15.52, Right
1761456332101, 17.87, 25.82, -14.21, Right
1761456332146, 17.26, 23.65, -12.78, Right
1761456332193, 16.66, 21.73, -11.34, Right
1761456332265, 15.62, 20.58, -10.21, Right
1761456332311, 14.44, 19.48, -9.06, Right
1761456332358, 13.22, 18.38, -7.90, Right
1761456332402, 12.60, 17.86, -7.51, Right
1761456332449, 12.16, 17.25, -6.95, Right
1761456332536, 11.89, 17.34, -6.87, Right
1761456332581, 11.65, 17.39, -6.78, Right
1761456332628, 11.41, 17.43, -6.71, Right
1761456332672, 11.09, 18.62, -7.10, Right
1761456332722, 10.90, 19.70, -7.50, Right
1761456332810, 11.60, 21.21, -8.38, Right
1761456332855, 12.27, 22.90, -9.33, Right
1761456332902, 13.08, 24.42, -10.28, Right
1761456332953, 9.18, 27.88, -26.63, Right
1761456333004, -0.18, 22.53, -15.68, Right
1761456333241, -4.89, 17.15, 2.39, Right
1761456333337, -9.57, 22.08, -12.80, Right
1761456333383, -14.01, 27.18, -27.92, Right
1761456333428, -20.11, 21.46, -10.06, Right
1761456333472, -24.87, 25.84, -24.84, Right
1761456333516, -31.95, 19.93, -6.47, Right
1761456333610, -37.33, 23.87, -20.91, Right
1761456333741, -42.61, 23.32, -35.97, Right
1761456333784, -45.64, 14.16, -2.74, Right
1761456333866, -34.41, 10.74, -8.51, Right
1761456333911, -27.71, 7.18, -21.19, Down
1761456333954, -17.61, -2.69, -3.10, Down
1761456334002, -7.43, -12.71, 18.69, Left
1761456334051, -5.74, -2.55, -13.40, Forward
1761456335874, -6.90, -2.96, -12.15, Forward
1761456335920, -6.10, 6.41, -43.86, Forward
1761456336009, -5.94, 5.99, -43.13, Forward
1761456336055, -6.14, 10.52, -41.65, Right
1761456336101, 1.58, 19.40, -60.50, Right
1761456336144, -4.78, 33.80, -80.67, Right
1761456336187, -13.16, 36.97, -69.08, Right
1761456336310, -24.42, 46.61, -86.55, Right
1761456336355, -35.26, 56.27, -108.05, Right
1761456336398, -36.08, 56.08, -107.81, Right
1761456336444, -34.10, 56.53, -109.34, Right
1761456336535, -35.35, 46.32, -77.58, Right
1761456336583, -35.45, 46.70, -77.39, Right
1761456336627, -37.66, 35.65, -45.49, Right
1761456386091, -40.39, 27.26, -57.20, Right
1761456386139, -37.74, 16.40, -56.07, Right
1761456386189, -33.33, 14.51, -68.93, Right
1761456386236, -29.55, 2.25, -50.22, Down
1761456386282, -26.39, -7.64, -49.50, Down
1761456386360, -23.05, -19.51, -31.17, Left
1761456386404, -20.98, -29.54, -29.80, Left
1761456386449, -16.19, -28.99, -61.37, Left
1761456386493, -13.62, -41.17, -43.00, Left
1761456386536, -8.80, -42.28, -56.64, Left
1761456386581, -9.40, -44.15, -39.31, Left
1761456386625, -10.07, -45.29, -21.97, Left
1761456386683, -10.30, -45.27, -22.32, Left
1761456387758, -11.34, -42.90, -25.29, Left
1761456387819, -12.41, -42.38, -10.02, Left
1761456387864, -13.48, -40.06, -12.89, Left
1761456387908, -14.11, -39.73, 2.19, Left
1761456387951, -15.04, -38.91, 17.13, Left
1761456387995, -15.37, -35.50, 14.20, Left
1761456388042, -15.82, -31.40, 11.29, Left
1761456388085, -15.40, -27.45, 8.69, Left
1761456388131, -14.94, -23.95, 6.10, Left
1761456388175, -14.30, -20.57, 4.21, Left
1761456388218, -13.58, -19.12, 4.80, Left
1761456388263, -13.01, -18.06, 5.26, Left
1761456388307, -12.96, -16.91, 5.59, Left
1761456388351, -13.34, -15.59, 5.98, Left
1761456388396, -13.58, -14.45, 6.52, Left
1761456388441, -14.42, -13.99, 6.97, Left
1761456388485, -17.26, -15.69, 24.72, Left
1761456388532, -9.59, -11.18, 20.94, Left
1761456388576, -10.37, -10.45, 21.39, Left
1761456388620, -11.24, -9.02, 21.07, Down
1761456388665, -11.41, -7.83, 20.90, Down
1761456388709, -11.63, -6.41, 20.82, Down
1761456388753, -11.32, -5.19, 20.92, Down
1761456388798, -11.45, -4.01, 21.26, Down
1761456388843, -11.41, -3.25, 21.53, Down
1761456388886, -11.45, -2.23, 21.99, Down
1761456388931, -9.46, 0.09, 5.27, Forward
1761456388975, -18.67, -3.89, 9.94, Down
1761456389019, -19.77, -3.82, 10.18, Down
1761456389064, -21.37, -3.10, 10.37, Down
1761456389106, -25.49, -7.88, 26.66, Down
1761456389152, -29.34, -12.98, 43.00, Left
1761456389196, -32.71, -18.19, 59.19, Left
1761456389238, -33.11, -18.31, 58.79, Left
1761456389284, -33.09, -18.88, 58.80, Left
1761456389329, -32.94, -19.04, 58.61, Left
1761456389373, -33.21, -18.11, 58.08, Left
1761456389419, -33.33, -16.05, 57.55, Left
1761456389463, -33.02, -14.61, 57.34, Left
1761456389507, -32.54, -12.82, 56.83, Left
1761456389552, -29.24, -5.48, 40.18, Down
1761456389597, -25.70, 2.20, 23.12, Down
1761456389640, -22.51, 9.39, 6.22, Down
1761456389978, -21.43, 9.50, 5.80, Down
1761456390021, -20.87, 9.98, 5.06, Down
1761456390068, -19.52, 9.50, 4.43, Down
1761456390113, -18.27, 8.37, 4.07, Down
1761456390156, -15.54, 5.37, 4.02, Down
1761456390221, -12.67, 2.31, 4.00, Down
1761456390267, -10.02, -1.32, 4.14, Down
1761456390314, -7.58, -5.33, 4.32, Forward
1761456390358, -5.63, -9.55, 4.77, Forward
1761456390402, -3.68, -13.12, 4.98, Left
1761456390447, -2.20, -14.72, 5.08, Left
1761456390491, -0.81, -16.03, 5.01, Left
1761456390556, -0.32, -16.46, 4.65, Left
1761456390601, 0.85, -17.19, 4.41, Left
1761456390646, -0.02, -16.15, 3.60, Left
1761456390706, -1.07, -14.91, 2.71, Left
1761456390752, -2.11, -13.59, 1.84, Left
1761456390808, -3.40, -12.22, 0.98, Left
1761456390852, -4.75, -11.25, 0.29, Left
1761456390897, -6.21, -10.36, -0.17, Left
1761456390942, -7.70, -9.49, -0.59, Forward
1761456390985, -9.08, -8.70, -0.82, Forward
1761456391031, -2.05, -4.58, -3.96, Forward
1761456391075, -3.41, -4.40, -3.95, Forward
1761456391118, -4.06, -4.54, -3.72, Forward
1761456391165, -3.30, -3.78, -3.32, Forward
1761456391211, -3.57, -4.28, -2.87, Forward
1761456391257, -3.79, -4.67, -2.49, Forward
1761456391303, -3.85, -4.66, -2.19, Forward
1761456391351, -3.84, -4.75, -1.88, Forward
1761456391397, -3.64, -4.97, -1.51, Forward
1761456391439, -3.35, -5.27, -1.26, Forward
1761456391487, -11.49, -9.24, 2.47, Down
1761456391548, -11.14, -9.17, 2.96, Down
1761456391596, -10.95, -9.18, 3.40, Down
1761456391639, -11.51, -9.98, 3.87, Down
1761456391686, -10.79, -9.71, 4.36, Down
1761456391729, -9.99, -9.90, 4.99, Forward
1761456391772, -9.02, -10.14, 5.64, Left
1761456391818, -8.02, -10.15, 6.13, Left
1761456391863, -7.12, -10.07, 6.57, Left
1761456391908, -6.68, -9.55, 6.44, Forward
1761456391952, -6.01, -8.94, 6.04, Forward
1761456391997, -5.81, -7.97, 5.59, Forward
1761456392044, -5.71, -6.72, 5.15, Forward
1761456392088, -6.43, -5.27, 4.41, Forward
1761456392135, -7.27, -4.61, 3.83, Forward
1761456392180, -8.03, -3.39, 3.07, Forward
1761456392226, -8.80, -2.86, 2.25, Forward
1761456392280, -9.90, -2.65, 1.63, Forward
1761456392326, -11.13, -2.52, 1.02, Down
1761456392370, -11.98, -2.68, 0.99, Down
1761456392414, -12.92, -3.30, 0.95, Down
1761456392457, -13.33, -4.46, 1.02, Down
1761456392501, -13.68, -5.82, 1.12, Down
1761456392547, -13.69, -7.96, 1.43, Down
1761456392593, -13.60, -9.16, 1.61, Down
1761456392637, -13.69, -10.17, 1.82, Left
1761456392683, -14.19, -10.65, 2.00, Left
1761456392730, -14.34, -11.02, 2.06, Left
1761456392776, -14.56, -11.20, 2.00, Left
1761456392820, -14.62, -11.38, 1.90, Left
1761456392867, -14.64, -11.59, 1.74, Left
1761456392914, -14.87, -11.51, 1.47, Left
1761456392959, -14.81, -11.51, 1.25, Left
1761456393022, -15.13, -11.01, 0.90, Left
1761456393067, -15.66, -10.44, 0.46, Left
1761456393113, -15.67, -10.52, 0.22, Left
1761456393157, -15.67, -10.51, 0.04, Left
1761456393201, -15.69, -10.49, 0.13, Left
1761456393244, -15.42, -10.65, 0.47, Left
1761456393351, -15.09, -10.82, 0.84, Left
1761456393396, -14.76, -10.83, 1.17, Left
1761456393442, -14.57, -10.89, 1.59, Left
1761456393486, -14.58, -10.77, 1.77, Left
1761456393530, -14.57, -10.62, 1.88, Left
1761456393574, -12.82, -9.68, 1.77, Down
1761456393640, -12.84, -8.42, 1.65, Down
1761456393683, -12.68, -7.25, 1.62, Down
1761456393727, -12.48, -6.01, 1.34, Down
1761456393771, -11.66, -4.41, 0.89, Down
1761456393816, -11.03, -2.89, 0.52, Down
1761456393861, -10.81, -1.57, 0.21, Down
1761456393945, -10.61, -0.21, -0.04, Down
1761456393991, -10.62, 1.13, -0.18, Down
1761456394042, -10.38, 2.41, -0.25, Down
1761456394085, -11.48, 2.74, -0.05, Down
1761456394130, -11.49, 3.04, 0.08, Down
1761456394175, -11.02, 3.33, 0.12, Down
1761456394251, -10.37, 3.39, 0.26, Down
1761456394296, -10.70, 3.32, 0.37, Down
1761456394338, -10.93, 3.21, 0.46, Down
1761456394384, -9.90, 2.97, 0.62, Forward
1761456394429, -8.75, 2.61, 0.52, Forward
1761456394473, -7.13, 2.48, 0.25, Forward
1761456394551, -5.70, 2.69, -0.12, Forward
1761456394597, -4.51, 3.01, -0.51, Forward
1761456394643, -3.06, 3.49, -0.96, Forward
1761456394687, -2.76, 4.65, -1.42, Forward
1761456394733, -2.67, 5.88, -1.90, Forward
1761456394778, -2.75, 6.82, -2.26, Forward
1761456394841, -2.56, 7.79, -2.66, Forward
1761456394884, -3.63, 8.91, -3.11, Forward
1761456394928, -4.87, 9.97, -3.32, Forward
1761456394970, -6.26, 10.81, -3.40, Right
1761456395017, -7.41, 11.29, -3.40, Right
1761456395062, -8.99, 11.38, -3.27, Right
1761456395144, -10.59, 11.05, -3.13, Right
1761456395198, -11.10, 10.09, -2.93, Right
1761456395242, -11.67, 8.83, -2.75, Down
1761456395355, -11.47, 7.97, -2.61, Down
1761456395402, -11.60, 7.08, -2.51, Down
1761456395450, -11.42, 6.34, -2.39, Down
1761456395496, -11.10, 5.27, -2.24, Down
1761456395540, -10.89, 4.06, -2.03, Down
1761456395584, -10.83, 3.26, -1.91, Down
1761456395640, -10.52, 2.92, -1.83, Down
1761456395683, -9.86, 2.95, -1.79, Forward
1761456395731, -9.66, 2.85, -1.75, Forward
1761456395774, -9.81, 3.15, -1.71, Forward
1761456395817, -10.21, 3.20, -1.71, Down
1761456395861, -10.12, 3.35, -1.82, Down
1761456395944, -10.26, 3.46, -1.96, Down
1761456395990, -10.31, 3.86, -2.16, Down
1761456396040, -10.31, 4.42, -2.37, Down
1761456396084, -10.28, 4.43, -2.41, Down
1761456396130, -10.07, 4.68, -2.68, Down
1761456396204, -10.15, 4.36, -2.58, Down
1761456396252, -10.50, 3.62, -2.35, Down
1761456396298, -10.19, 2.84, -2.09, Down
1761456396345, -10.11, 2.26, -1.84, Down
1761456396389, -10.46, 0.97, -1.41, Down
1761456396434, -10.51, -0.26, -0.94, Down
1761456396479, -10.60, -1.49, -0.36, Down
1761456396536, -10.82, -2.95, 0.12, Down
1761456396584, -10.84, -4.35, 0.62, Down
1761456396628, -11.06, -6.00, 1.23, Down
1761456396675, -10.06, -6.14, 1.95, Down
1761456396723, -9.87, -6.77, 2.07, Forward
1761456396769, -10.03, -7.03, 2.20, Down
1761456396841, -10.07, -7.39, 2.40, Down
1761456396887, -8.97, -6.66, 2.14, Forward
1761456396939, -9.13, -6.41, 2.22, Forward
1761456396984, -9.04, -6.24, 2.30, Forward
1761456397031, -8.64, -5.97, 2.51, Forward
1761456397077, -8.40, -5.39, 2.52, Forward
1761456397146, -10.99, -6.02, 19.83, Down
1761456397191, -11.95, -7.04, 19.48, Down
1761456397239, -11.79, -6.94, 19.53, Down
1761456397286, -12.00, -6.70, 19.37, Down
1761456397333, -12.24, -6.53, 19.20, Down
1761456397378, -13.29, -7.08, 19.49, Down
1761456397455, -13.23, -6.75, 19.34, Down
1761456397505, -13.31, -6.34, 19.14, Down
1761456397550, -13.64, -5.79, 18.72, Down
1761456397641, -13.56, -5.45, 18.51, Down
1761456397687, -10.57, -4.03, 1.05, Down
1761456397735, -10.48, -3.26, 0.79, Down
1761456397780, -10.32, -2.69, 0.62, Down
1761456397826, -9.93, -2.57, 0.53, Forward
1761456397870, -9.67, -2.48, 0.35, Forward
1761456397949, -9.83, -1.85, 0.05, Forward
1761456397997, -10.00, -1.40, -0.25, Down
1761456398046, -10.14, -1.03, -0.53, Down
1761456398093, -10.03, -0.43, -0.76, Down
1761456398138, -9.73, 0.23, -1.19, Forward
1761456398181, -12.73, 1.04, -19.25, Down
1761456398249, -12.54, 1.60, -19.67, Down
1761456398294, -12.18, 2.31, -20.12, Down
1761456398341, -11.87, 2.99, -20.51, Down
1761456398384, -11.20, 3.70, -20.77, Down
1761456398429, -10.29, 4.13, -21.03, Down
1761456398474, -9.18, 4.29, -21.22, Forward
1761456398535, -8.55, 4.59, -21.42, Forward
1761456398582, -8.10, 4.54, -21.49, Forward
1761456398627, -8.24, 4.39, -21.43, Forward
1761456398670, -4.77, 4.03, -3.78, Forward
1761456398716, -4.48, 4.21, -3.76, Forward
1761456398760, -4.39, 4.27, -3.82, Forward
1761456398841, -4.05, 4.21, -3.83, Forward
1761456398884, -3.92, 4.17, -3.90, Forward
1761456398929, -4.13, 4.00, -3.90, Forward
1761456398973, -4.05, 3.74, -3.83, Forward
1761456399015, -3.77, 3.31, -3.81, Forward
1761456399062, 3.38, 2.84, -4.34, Forward
1761456399145, 4.50, 2.48, -4.14, Forward
1761456399188, 5.14, 2.02, -3.85, Forward
1761456399234, 5.90, 1.28, -3.53, Forward
1761456399278, 6.97, 0.68, -3.16, Forward
1761456399322, 7.92, -0.27, -2.71, Forward
1761456399366, 8.83, -1.34, -2.13, Forward
1761456399450, 10.12, -3.19, -1.17, Up
1761456399494, 10.99, -4.87, -0.27, Up
1761456399542, 11.94, -6.35, 0.61, Up
1761456399586, 6.19, -8.17, 2.17, Forward
1761456399633, 6.48, -9.85, 2.98, Forward
1761456399678, 7.08, -10.91, 3.37, Left
1761456399736, 7.96, -11.76, 3.55, Left
1761456399783, 8.49, -12.73, 3.80, Left
1761456399829, 9.13, -13.17, 3.85, Left
1761456399880, 9.54, -13.71, 4.03, Left
1761456399927, 9.75, -13.42, 3.84, Left
1761456399971, 10.09, -13.20, 3.70, Left
1761456400044, 10.31, -13.23, 3.63, Left
1761456400088, 10.29, -12.93, 3.41, Left
1761456400134, 10.28, -12.85, 3.22, Left
1761456400179, 10.10, -13.49, 3.49, Left
1761456400225, 9.49, -14.42, 4.02, Left
1761456400268, 9.10, -15.15, 4.45, Left
1761456400346, 8.80, -15.68, 4.80, Left
1761456400392, 8.60, -16.04, 4.97, Left
1761456400435, 8.36, -16.41, 5.15, Left
1761456400482, 8.34, -15.98, 4.95, Left
1761456400527, 8.58, -15.36, 4.73, Left
1761456400572, 8.52, -13.50, 3.98, Left
1761456400650, 8.33, -11.18, 3.28, Left
1761456400697, 8.30, -8.46, 2.42, Forward
1761456400745, 8.39, -5.70, 1.51, Forward
1761456400789, 8.19, -2.58, 0.51, Forward
1761456400833, 7.73, 0.15, -0.29, Forward
1761456400878, 4.50, 4.63, -17.92, Forward
1761456400936, 4.48, 8.93, -19.58, Forward
1761456400983, 4.17, 12.66, -20.94, Right
1761456401027, 3.80, 16.40, -22.34, Right
1761456401072, 3.88, 19.09, -23.44, Right
1761456401116, 4.03, 21.39, -24.61, Right
1761456401160, 4.27, 23.73, -25.86, Right
1761456401240, 4.04, 26.29, -27.22, Right
1761456401285, 3.80, 28.33, -28.51, Right
1761456401333, 3.66, 30.47, -29.86, Right
1761456401376, 6.66, 30.78, -14.24, Right
1761456401420, 6.45, 31.51, -14.68, Right
1761456401466, 6.28, 32.11, -15.32, Right
1761456401545, 6.24, 32.83, -15.92, Right
1761456401588, 6.16, 33.28, -16.29, Right
1761456401632, 6.15, 33.68, -16.65, Right
1761456401676, 6.37, 34.37, -16.95, Right
1761456401721, 2.94, 35.92, -32.19, Right
1761456401765, 3.94, 36.40, -32.30, Right
1761456401833, 5.19, 36.97, -32.59, Right
1761456401877, 6.24, 37.76, -33.18, Right
1761456401920, 7.48, 38.10, -33.72, Right
1761456401965, 8.49, 38.43, -34.20, Right
1761456402010, 9.28, 38.64, -34.71, Right
1761456402055, 9.53, 38.67, -35.04, Right
1761456402137, 10.00, 37.98, -34.89, Right
1761456402184, 10.07, 36.88, -34.65, Right
1761456402232, 14.37, 34.90, -19.46, Right
1761456402277, 14.44, 33.59, -18.73, Right
1761456402323, 14.16, 31.79, -17.66, Right
1761456402367, 13.40, 29.24, -16.02, Right
1761456402444, 9.23, 26.77, -31.69, Right
1761456402492, 5.40, 24.51, -47.19, Right
1761456402535, 1.64, 22.23, -62.68, Right
1761456402582, 1.37, 19.27, -60.81, Right
1761456402628, 1.04, 17.25, -59.49, Right
1761456402672, 0.51, 15.41, -58.25, Right
1761456402744, -0.20, 12.77, -56.66, Right
1761456402792, -0.95, 10.57, -55.72, Right
1761456402837, -1.50, 8.75, -54.92, Forward
1761456402881, -1.70, 7.32, -54.34, Forward
1761456402924, 1.34, 6.09, -36.43, Forward
1761456402968, 4.35, 4.92, -18.59, Forward
1761456403035, 7.34, 3.48, -0.64, Forward
1761456403081, 7.38, 3.18, -0.37, Forward
1761456403125, 7.24, 2.64, 0.00, Forward
1761456403169, 7.38, 1.82, 0.38, Forward
1761456403215, 7.54, 1.73, 0.50, Forward
1761456403260, 7.26, 1.56, 0.64, Forward
1761456403337, 6.32, 1.45, 0.70, Forward
1761456403382, 5.70, 1.63, 0.47, Forward
1761456403431, 5.12, 1.76, 0.23, Forward
1761456403491, 4.66, 1.72, 0.09, Forward
1761456403578, 4.08, 2.04, -0.21, Forward
1761456403684, 3.57, 2.22, -0.41, Forward
1761456403744, 3.30, 2.45, -0.61, Forward
1761456403793, 2.97, 2.79, -0.75, Forward
1761456403843, 2.22, 3.06, -0.94, Forward
1761456403970, 1.80, 3.22, -1.02, Forward
1761456404028, 1.75, 3.37, -1.06, Forward
1761456404096, 1.68, 3.16, -0.85, Forward
1761456404161, 0.81, 3.24, -0.75, Forward
1761456404227, -0.08, 3.27, -0.65, Forward
1761456404290, -1.20, 2.70, -0.51, Forward
1761456404363, -2.64, 1.78, -0.29, Forward
1761456404427, -4.34, 0.88, -0.11, Forward
1761456404483, -5.50, -0.36, 0.10, Forward
1761456404552, -6.40, -1.91, 0.34, Forward
1761456404617, -7.09, -3.05, 0.45, Forward
1761456404674, -7.57, -4.20, 0.65, Forward
1761456404767, -8.71, -4.88, 0.57, Forward
1761456404840, -8.64, -5.91, 0.66, Forward
1761456404896, -8.67, -6.91, 0.68, Forward
1761456404952, -8.32, -7.30, 0.74, Forward
1761456405012, -7.73, -7.40, 0.72, Forward
1761456405064, -7.45, -7.77, 0.80, Forward
1761456405171, -7.49, -7.94, 0.79, Forward
1761456405248, -7.24, -7.87, 0.83, Forward
1761456405317, -7.30, -7.91, 0.89, Forward
1761456405378, -7.47, -8.13, 0.88, Forward
1761456405443, -7.02, -8.41, 0.91, Forward
1761456405496, -7.51, -8.72, 0.82, Forward
1761456405557, -7.97, -9.09, 0.87, Forward
