Blink Tracking Session: phase1_cycle1_1761451847816
Start Time: 2025-10-26T00:10:47.820285
==================================================
Timestamp, Blink Number, Relative Time (s)
2025-10-26T00:11:01.825960, 1, 14.01
2025-10-26T00:11:01.927696, 2, 14.11
2025-10-26T00:11:02.004083, 3, 14.18
2025-10-26T00:11:03.026956, 4, 15.21
2025-10-26T00:11:03.133173, 5, 15.31
2025-10-26T00:11:03.326204, 6, 15.51
2025-10-26T00:11:03.473585, 7, 15.65
2025-10-26T00:11:03.904411, 8, 16.09
2025-10-26T00:11:06.752946, 9, 18.93
2025-10-26T00:11:08.994836, 10, 21.18
2025-10-26T00:11:09.088962, 11, 21.27
2025-10-26T00:11:09.487390, 12, 21.67
2025-10-26T00:11:16.830015, 13, 29.01
2025-10-26T00:11:16.974601, 14, 29.16
2025-10-26T00:11:17.089846, 15, 29.27
2025-10-26T00:11:17.286017, 16, 29.47
2025-10-26T00:11:17.390618, 17, 29.57
2025-10-26T00:11:17.458486, 18, 29.64
2025-10-26T00:11:19.523928, 19, 31.7
2025-10-26T00:11:19.858290, 20, 32.04
2025-10-26T00:11:21.406870, 21, 33.59
2025-10-26T00:11:22.035279, 22, 34.22
2025-10-26T00:11:22.307631, 23, 34.49
2025-10-26T00:11:22.605125, 24, 34.79
2025-10-26T00:11:22.885902, 25, 35.07
2025-10-26T00:11:22.949974, 26, 35.13
==================================================
End Time: 2025-10-26T00:11:23.653422
Total Blinks: 26
