Eye Tracking Session: phase1_cycle1_1761461564162
Start Time: 2025-10-26T02:52:44.164803
Screen Size: 1920x1080
================================================================================
Timestamp,Type,X,Y,RelativeTime(ms),EventNumber
2025-10-26T02:52:44.792074,GAZE,976,1080,628,10
2025-10-26T02:52:45.113628,GAZE,528,939,949,20
2025-10-26T02:52:45.452207,GAZE,0,1080,1288,30
2025-10-26T02:52:45.785467,GAZE,0,1080,1621,40
2025-10-26T02:52:46.121947,GAZE,13,1080,1958,50
2025-10-26T02:52:46.459494,GAZE,214,1080,2295,60
2025-10-26T02:52:46.797875,GAZE,217,1080,2634,70
2025-10-26T02:52:47.132292,GAZE,85,1080,2968,80
2025-10-26T02:52:47.466771,GAZE,115,1016,3302,90
2025-10-26T02:52:47.803160,GAZE,152,1052,3639,100
2025-10-26T02:52:48.121265,GAZE,176,1024,3957,110
2025-10-26T02:52:48.456803,GAZE,164,1080,4293,120
2025-10-26T02:52:48.791969,GAZE,216,1080,4628,130
2025-10-26T02:52:49.134754,GAZE,156,1080,4970,140
2025-10-26T02:52:49.467424,GAZE,108,959,5303,150
2025-10-26T02:52:49.801059,GAZE,223,858,5637,160
2025-10-26T02:52:50.136753,GAZE,205,816,5971,170
2025-10-26T02:52:50.460930,GAZE,197,762,6297,180
2025-10-26T02:52:50.783414,GAZE,398,692,6619,190
2025-10-26T02:52:51.129620,GAZE,1011,541,6965,200
2025-10-26T02:52:51.467423,GAZE,675,698,7303,210
2025-10-26T02:52:51.800574,GAZE,323,934,7636,220
2025-10-26T02:52:52.137484,GAZE,122,930,7973,230
2025-10-26T02:52:52.440886,GAZE,103,734,8277,240
2025-10-26T02:52:52.781731,GAZE,111,750,8617,250
2025-10-26T02:52:53.121364,GAZE,34,836,8957,260
2025-10-26T02:52:53.459546,GAZE,237,1080,9295,270
2025-10-26T02:52:53.787000,GAZE,319,933,9623,280
2025-10-26T02:52:54.139390,GAZE,320,796,9975,290
2025-10-26T02:52:54.437752,GAZE,420,851,10273,300
2025-10-26T02:52:54.791962,GAZE,432,927,10628,310
2025-10-26T02:52:55.117580,GAZE,294,938,10953,320
2025-10-26T02:52:55.441379,GAZE,211,790,11277,330
2025-10-26T02:52:55.785383,GAZE,92,581,11621,340
2025-10-26T02:52:56.112503,GAZE,0,601,11948,350
2025-10-26T02:52:56.439779,GAZE,27,500,12275,360
2025-10-26T02:52:56.765563,GAZE,227,750,12601,370
2025-10-26T02:52:57.108848,GAZE,310,804,12945,380
2025-10-26T02:52:57.451488,GAZE,228,822,13287,390
2025-10-26T02:52:57.781743,GAZE,87,807,13617,400
2025-10-26T02:52:58.121108,GAZE,179,949,13957,410
2025-10-26T02:52:58.448404,GAZE,156,935,14284,420
2025-10-26T02:52:58.790867,GAZE,141,844,14627,430
2025-10-26T02:52:59.118529,GAZE,78,838,14954,440
2025-10-26T02:52:59.443585,GAZE,103,823,15279,450
2025-10-26T02:52:59.784893,GAZE,756,828,15621,460
2025-10-26T02:53:00.111225,GAZE,1281,935,15947,470
2025-10-26T02:53:00.451074,GAZE,1289,898,16287,480
2025-10-26T02:53:00.551914,BLINK,-1,-1,16388,1
2025-10-26T02:53:00.573416,BLINK,-1,-1,16409,2
2025-10-26T02:53:00.634539,BLINK,-1,-1,16470,3
2025-10-26T02:53:00.652476,BLINK,-1,-1,16488,4
2025-10-26T02:53:00.918046,GAZE,1151,1080,16754,490
2025-10-26T02:53:01.258601,GAZE,1236,939,17094,500
2025-10-26T02:53:01.599498,GAZE,1237,812,17435,510
2025-10-26T02:53:01.924465,GAZE,1211,852,17760,520
2025-10-26T02:53:02.255019,GAZE,1190,931,18091,530
2025-10-26T02:53:02.599790,GAZE,770,689,18435,540
2025-10-26T02:53:02.924359,GAZE,1041,1080,18760,550
2025-10-26T02:53:02.986540,BLINK,-1,-1,18822,5
2025-10-26T02:53:03.285420,GAZE,1118,1080,19121,560
2025-10-26T02:53:03.627847,GAZE,1142,1080,19464,570
2025-10-26T02:53:03.981089,GAZE,1424,874,19817,580
2025-10-26T02:53:04.233273,BLINK,-1,-1,20069,6
2025-10-26T02:53:04.267017,BLINK,-1,-1,20103,7
2025-10-26T02:53:04.297578,BLINK,-1,-1,20133,8
2025-10-26T02:53:04.325704,BLINK,-1,-1,20161,9
2025-10-26T02:53:04.357553,BLINK,-1,-1,20193,10
2025-10-26T02:53:04.451958,GAZE,1394,755,20288,590
2025-10-26T02:53:04.787161,GAZE,1743,980,20623,600
2025-10-26T02:53:05.127858,GAZE,1864,966,20964,610
2025-10-26T02:53:05.470479,GAZE,1805,764,21306,620
2025-10-26T02:53:05.797205,GAZE,1865,722,21633,630
2025-10-26T02:53:06.122071,GAZE,1910,994,21958,640
2025-10-26T02:53:06.445378,GAZE,1792,1029,22281,650
2025-10-26T02:53:06.786388,GAZE,1688,1009,22622,660
2025-10-26T02:53:07.147164,GAZE,1831,890,22983,670
2025-10-26T02:53:07.454881,GAZE,1769,1006,23291,680
2025-10-26T02:53:07.785781,GAZE,1753,1080,23621,690
2025-10-26T02:53:08.122049,BLINK,-1,-1,23958,11
2025-10-26T02:53:08.140201,BLINK,-1,-1,23976,12
2025-10-26T02:53:08.185705,BLINK,-1,-1,24021,13
2025-10-26T02:53:08.218193,BLINK,-1,-1,24054,14
2025-10-26T02:53:08.250445,BLINK,-1,-1,24086,15
2025-10-26T02:53:08.280215,BLINK,-1,-1,24116,16
2025-10-26T02:53:08.315795,BLINK,-1,-1,24152,17
2025-10-26T02:53:08.341675,BLINK,-1,-1,24177,18
2025-10-26T02:53:08.375676,GAZE,1053,1080,24211,700
2025-10-26T02:53:08.717216,GAZE,1472,1080,24553,710
2025-10-26T02:53:09.049350,GAZE,1490,1080,24885,720
2025-10-26T02:53:09.385721,GAZE,1801,1080,25221,730
2025-10-26T02:53:09.723706,GAZE,1744,1080,25559,740
2025-10-26T02:53:10.055123,GAZE,1704,1080,25891,750
2025-10-26T02:53:10.394011,GAZE,251,773,26230,760
2025-10-26T02:53:10.458966,BLINK,-1,-1,26295,19
2025-10-26T02:53:10.484883,BLINK,-1,-1,26321,20
2025-10-26T02:53:10.524172,BLINK,-1,-1,26360,21
2025-10-26T02:53:10.547866,BLINK,-1,-1,26384,22
2025-10-26T02:53:10.586121,BLINK,-1,-1,26422,23
2025-10-26T02:53:10.608670,BLINK,-1,-1,26444,24
2025-10-26T02:53:10.921978,GAZE,872,1080,26758,770
2025-10-26T02:53:11.256560,GAZE,883,1080,27092,780
2025-10-26T02:53:11.591989,GAZE,1336,1080,27428,790
2025-10-26T02:53:11.931507,BLINK,-1,-1,27767,25
2025-10-26T02:53:11.958728,BLINK,-1,-1,27794,26
2025-10-26T02:53:11.993006,GAZE,1412,1080,27829,800
2025-10-26T02:53:12.057319,BLINK,-1,-1,27893,27
2025-10-26T02:53:12.084742,BLINK,-1,-1,27920,28
2025-10-26T02:53:12.121345,BLINK,-1,-1,27957,29
2025-10-26T02:53:12.147894,BLINK,-1,-1,27984,30
2025-10-26T02:53:12.186131,BLINK,-1,-1,28022,31
2025-10-26T02:53:12.208430,BLINK,-1,-1,28044,32
2025-10-26T02:53:12.521390,GAZE,1920,0,28357,810
2025-10-26T02:53:12.814774,BLINK,-1,-1,28650,33
2025-10-26T02:53:12.858932,BLINK,-1,-1,28695,34
2025-10-26T02:53:12.891898,BLINK,-1,-1,28728,35
2025-10-26T02:53:12.922279,BLINK,-1,-1,28758,36
2025-10-26T02:53:12.954201,BLINK,-1,-1,28790,37
2025-10-26T02:53:12.986765,BLINK,-1,-1,28822,38
2025-10-26T02:53:13.017636,BLINK,-1,-1,28853,39
2025-10-26T02:53:13.062451,BLINK,-1,-1,28898,40
2025-10-26T02:53:13.093707,BLINK,-1,-1,28929,41
2025-10-26T02:53:13.155353,GAZE,1920,0,28991,820
2025-10-26T02:53:13.501284,GAZE,1370,615,29337,830
2025-10-26T02:53:13.824445,GAZE,770,1080,29660,840
2025-10-26T02:53:14.165811,GAZE,858,1080,30002,850
2025-10-26T02:53:14.489521,GAZE,464,572,30325,860
2025-10-26T02:53:14.817095,GAZE,817,0,30653,870
2025-10-26T02:53:15.158496,GAZE,918,0,30994,880
2025-10-26T02:53:15.486519,GAZE,983,0,31322,890
2025-10-26T02:53:15.687158,BLINK,-1,-1,31523,42
2025-10-26T02:53:15.721261,BLINK,-1,-1,31557,43
2025-10-26T02:53:15.751711,BLINK,-1,-1,31587,44
2025-10-26T02:53:15.804681,BLINK,-1,-1,31640,45
2025-10-26T02:53:15.828887,BLINK,-1,-1,31665,46
2025-10-26T02:53:15.866586,BLINK,-1,-1,31702,47
2025-10-26T02:53:15.890120,BLINK,-1,-1,31726,48
2025-10-26T02:53:15.927830,BLINK,-1,-1,31764,49
2025-10-26T02:53:15.951483,BLINK,-1,-1,31787,50
2025-10-26T02:53:16.108255,GAZE,1444,1080,31944,900
2025-10-26T02:53:16.330543,BLINK,-1,-1,32166,51
2025-10-26T02:53:16.361240,BLINK,-1,-1,32197,52
2025-10-26T02:53:16.414317,BLINK,-1,-1,32250,53
2025-10-26T02:53:16.440012,BLINK,-1,-1,32276,54
2025-10-26T02:53:16.470316,BLINK,-1,-1,32306,55
2025-10-26T02:53:16.500033,BLINK,-1,-1,32336,56
2025-10-26T02:53:16.529524,BLINK,-1,-1,32365,57
2025-10-26T02:53:16.685065,GAZE,0,0,32521,910
2025-10-26T02:53:17.029388,GAZE,0,0,32865,920
