Eye Tracking Session: phase1_cycle1_1761462166614
Start Time: 2025-10-26T03:02:46.615768
Screen Size: 1920x1080
================================================================================
Timestamp,Type,X,Y,RelativeTime(ms),EventNumber
2025-10-26T03:02:47.244231,GAZE,707,1004,628,10
2025-10-26T03:02:47.566352,GAZE,406,882,950,20
2025-10-26T03:02:47.904299,GAZE,239,910,1288,30
2025-10-26T03:02:48.239524,GAZE,284,936,1623,40
2025-10-26T03:02:48.571756,GAZE,342,975,1955,50
2025-10-26T03:02:48.909630,GAZE,485,1028,2293,60
2025-10-26T03:02:49.243316,GAZE,416,984,2627,70
2025-10-26T03:02:49.585307,GAZE,410,941,2969,80
2025-10-26T03:02:49.917968,GAZE,422,1016,3302,90
2025-10-26T03:02:50.252348,GAZE,496,1073,3636,100
2025-10-26T03:02:50.573377,GAZE,501,1067,3957,110
2025-10-26T03:02:50.910974,GAZE,297,1080,4295,120
2025-10-26T03:02:51.246390,GAZE,141,1080,4630,130
2025-10-26T03:02:51.580913,GAZE,304,1080,4965,140
2025-10-26T03:02:51.915991,GAZE,400,1080,5300,150
2025-10-26T03:02:52.254067,GAZE,684,1080,5638,160
2025-10-26T03:02:52.591264,GAZE,924,1080,5975,170
2025-10-26T03:02:52.919948,GAZE,896,1080,6304,180
2025-10-26T03:02:53.246289,GAZE,905,1080,6630,190
2025-10-26T03:02:53.578842,GAZE,907,1080,6963,200
2025-10-26T03:02:53.917009,GAZE,829,1080,7301,210
2025-10-26T03:02:54.253305,GAZE,781,1080,7637,220
2025-10-26T03:02:54.587256,GAZE,810,1080,7971,230
2025-10-26T03:02:54.892594,GAZE,903,1080,8276,240
2025-10-26T03:02:55.232174,GAZE,927,1080,8616,250
2025-10-26T03:02:55.570905,GAZE,959,1080,8955,260
2025-10-26T03:02:55.912164,GAZE,943,1080,9296,270
2025-10-26T03:02:56.253222,GAZE,910,1052,9637,280
2025-10-26T03:02:56.589053,GAZE,998,990,9973,290
2025-10-26T03:02:56.888171,GAZE,991,972,10272,300
2025-10-26T03:02:57.261273,GAZE,947,1011,10645,310
2025-10-26T03:02:57.568430,GAZE,665,1020,10952,320
2025-10-26T03:02:57.893993,GAZE,656,1060,11278,330
2025-10-26T03:02:58.234482,GAZE,659,1080,11618,340
2025-10-26T03:02:58.560322,GAZE,550,1080,11944,350
2025-10-26T03:02:58.888181,GAZE,562,1080,12272,360
2025-10-26T03:02:59.228323,GAZE,609,1080,12612,370
2025-10-26T03:02:59.554009,GAZE,691,997,12938,380
2025-10-26T03:02:59.897369,GAZE,575,1058,13281,390
2025-10-26T03:03:00.239761,GAZE,669,1080,13623,400
2025-10-26T03:03:00.568756,GAZE,720,967,13952,410
2025-10-26T03:03:00.908089,GAZE,653,908,14292,420
2025-10-26T03:03:01.234695,GAZE,669,954,14618,430
2025-10-26T03:03:01.550909,BLINK,-1,-1,14935,1
2025-10-26T03:03:01.573585,BLINK,-1,-1,14957,2
2025-10-26T03:03:01.613513,BLINK,-1,-1,14997,3
2025-10-26T03:03:01.636497,BLINK,-1,-1,15020,4
2025-10-26T03:03:01.700079,GAZE,748,942,15084,440
2025-10-26T03:03:02.041142,GAZE,638,1080,15425,450
2025-10-26T03:03:02.369440,GAZE,613,959,15753,460
2025-10-26T03:03:02.708303,GAZE,597,795,16092,470
2025-10-26T03:03:03.031178,GAZE,672,988,16415,480
2025-10-26T03:03:03.372134,GAZE,507,1046,16756,490
2025-10-26T03:03:03.713710,GAZE,694,1050,17097,500
2025-10-26T03:03:04.037115,GAZE,649,1080,17421,510
2025-10-26T03:03:04.375790,GAZE,657,1080,17760,520
2025-10-26T03:03:04.719288,GAZE,699,1080,18103,530
2025-10-26T03:03:05.042561,GAZE,769,1080,18426,540
2025-10-26T03:03:05.381544,GAZE,807,1080,18765,550
2025-10-26T03:03:05.704145,GAZE,815,1080,19088,560
2025-10-26T03:03:06.046766,GAZE,891,1080,19430,570
2025-10-26T03:03:06.371729,GAZE,931,1080,19755,580
2025-10-26T03:03:06.712572,GAZE,1498,814,20096,590
2025-10-26T03:03:07.038541,GAZE,1752,506,20422,600
2025-10-26T03:03:07.365983,GAZE,1673,566,20750,610
2025-10-26T03:03:07.704074,GAZE,1619,614,21088,620
2025-10-26T03:03:08.030697,GAZE,1665,670,21414,630
2025-10-26T03:03:08.372053,GAZE,1659,722,21756,640
2025-10-26T03:03:08.718061,GAZE,1668,731,22102,650
2025-10-26T03:03:09.045967,GAZE,1723,763,22430,660
2025-10-26T03:03:09.358986,GAZE,1743,775,22743,670
2025-10-26T03:03:09.708078,GAZE,1669,717,23092,680
2025-10-26T03:03:10.030522,GAZE,1631,738,23414,690
2025-10-26T03:03:10.366954,GAZE,1625,713,23751,700
2025-10-26T03:03:10.700938,GAZE,1690,700,24085,710
2025-10-26T03:03:11.038698,GAZE,1690,732,24422,720
2025-10-26T03:03:11.376065,GAZE,1655,784,24760,730
2025-10-26T03:03:11.707328,GAZE,1742,834,25091,740
2025-10-26T03:03:12.031123,GAZE,1681,782,25415,750
2025-10-26T03:03:12.368046,GAZE,1411,725,25752,760
2025-10-26T03:03:12.704438,GAZE,1313,766,26088,770
2025-10-26T03:03:13.037617,GAZE,1284,771,26421,780
2025-10-26T03:03:13.375524,GAZE,1395,800,26759,790
2025-10-26T03:03:13.709955,GAZE,1384,764,27094,800
2025-10-26T03:03:14.050478,GAZE,1292,739,27434,810
2025-10-26T03:03:14.385928,GAZE,1180,745,27770,820
2025-10-26T03:03:14.717224,GAZE,1004,778,28101,830
2025-10-26T03:03:15.038250,GAZE,929,813,28422,840
2025-10-26T03:03:15.375855,GAZE,982,829,28760,850
2025-10-26T03:03:15.708818,GAZE,981,754,29093,860
2025-10-26T03:03:16.045952,GAZE,1014,861,29430,870
2025-10-26T03:03:16.381024,GAZE,925,1002,29765,880
2025-10-26T03:03:16.718284,GAZE,971,912,30102,890
2025-10-26T03:03:17.056668,GAZE,993,876,30440,900
2025-10-26T03:03:17.388203,BLINK,-1,-1,30772,5
2025-10-26T03:03:17.418154,BLINK,-1,-1,30802,6
2025-10-26T03:03:17.455185,BLINK,-1,-1,30839,7
2025-10-26T03:03:17.479387,BLINK,-1,-1,30863,8
2025-10-26T03:03:17.518320,BLINK,-1,-1,30902,9
2025-10-26T03:03:17.540973,BLINK,-1,-1,30925,10
2025-10-26T03:03:17.581800,GAZE,749,1061,30966,910
2025-10-26T03:03:17.921687,GAZE,1920,1080,31305,920
2025-10-26T03:03:18.255003,GAZE,1920,1080,31639,930
2025-10-26T03:03:18.589825,BLINK,-1,-1,31974,11
2025-10-26T03:03:18.611684,GAZE,1920,1080,31995,940
2025-10-26T03:03:18.655924,BLINK,-1,-1,32040,12
2025-10-26T03:03:18.673869,BLINK,-1,-1,32058,13
2025-10-26T03:03:18.717182,BLINK,-1,-1,32101,14
2025-10-26T03:03:18.738262,BLINK,-1,-1,32122,15
2025-10-26T03:03:18.782156,BLINK,-1,-1,32166,16
2025-10-26T03:03:18.813610,BLINK,-1,-1,32197,17
2025-10-26T03:03:18.863799,BLINK,-1,-1,32248,18
2025-10-26T03:03:18.890500,BLINK,-1,-1,32274,19
2025-10-26T03:03:18.921234,BLINK,-1,-1,32305,20
2025-10-26T03:03:18.953621,BLINK,-1,-1,32337,21
2025-10-26T03:03:18.989121,BLINK,-1,-1,32373,22
2025-10-26T03:03:19.014653,BLINK,-1,-1,32398,23
2025-10-26T03:03:19.338729,GAZE,1920,1080,32722,950
2025-10-26T03:03:19.664789,GAZE,1920,1080,33049,960
2025-10-26T03:03:20.005516,GAZE,1920,1080,33389,970
2025-10-26T03:03:20.352795,GAZE,1920,1080,33737,980
2025-10-26T03:03:20.674667,GAZE,1920,1080,34058,990
2025-10-26T03:03:21.018371,BLINK,-1,-1,34402,24
2025-10-26T03:03:21.055204,GAZE,1920,1080,34439,1000
2025-10-26T03:03:21.392527,GAZE,1920,1080,34776,1010
2025-10-26T03:03:21.576437,BLINK,-1,-1,34960,25
2025-10-26T03:03:21.732612,GAZE,1920,1080,35116,1020
2025-10-26T03:03:22.088258,GAZE,1920,1080,35472,1030
2025-10-26T03:03:22.395014,GAZE,1920,1080,35779,1040
2025-10-26T03:03:22.460049,BLINK,-1,-1,35844,26
2025-10-26T03:03:22.489448,BLINK,-1,-1,35873,27
2025-10-26T03:03:22.816605,GAZE,1911,1080,36200,1050
2025-10-26T03:03:23.155205,GAZE,1920,1080,36539,1060
2025-10-26T03:03:23.314967,BLINK,-1,-1,36699,28
2025-10-26T03:03:23.374614,BLINK,-1,-1,36758,29
2025-10-26T03:03:23.496310,BLINK,-1,-1,36880,30
2025-10-26T03:03:23.535065,BLINK,-1,-1,36919,31
2025-10-26T03:03:23.557795,BLINK,-1,-1,36942,32
2025-10-26T03:03:23.623531,BLINK,-1,-1,37007,33
2025-10-26T03:03:23.660494,GAZE,1920,1080,37044,1070
2025-10-26T03:03:23.685248,BLINK,-1,-1,37069,34
2025-10-26T03:03:23.727842,BLINK,-1,-1,37112,35
2025-10-26T03:03:23.759499,BLINK,-1,-1,37143,36
2025-10-26T03:03:23.869103,BLINK,-1,-1,37253,37
2025-10-26T03:03:23.898306,BLINK,-1,-1,37282,38
2025-10-26T03:03:23.936705,BLINK,-1,-1,37320,39
2025-10-26T03:03:23.958711,BLINK,-1,-1,37342,40
2025-10-26T03:03:23.994914,BLINK,-1,-1,37379,41
2025-10-26T03:03:24.022687,BLINK,-1,-1,37406,42
2025-10-26T03:03:24.061885,BLINK,-1,-1,37446,43
2025-10-26T03:03:24.088307,BLINK,-1,-1,37472,44
2025-10-26T03:03:24.142913,BLINK,-1,-1,37527,45
2025-10-26T03:03:24.163359,BLINK,-1,-1,37547,46
2025-10-26T03:03:24.205054,BLINK,-1,-1,37589,47
2025-10-26T03:03:24.224394,BLINK,-1,-1,37608,48
2025-10-26T03:03:24.268262,BLINK,-1,-1,37652,49
2025-10-26T03:03:24.302895,BLINK,-1,-1,37687,50
2025-10-26T03:03:24.333704,BLINK,-1,-1,37717,51
2025-10-26T03:03:24.363073,BLINK,-1,-1,37747,52
2025-10-26T03:03:24.460821,BLINK,-1,-1,37845,53
2025-10-26T03:03:24.487960,BLINK,-1,-1,37872,54
2025-10-26T03:03:24.690273,GAZE,1920,1080,38074,1080
2025-10-26T03:03:25.026974,GAZE,1920,1080,38411,1090
2025-10-26T03:03:25.370423,GAZE,1192,1080,38754,1100
2025-10-26T03:03:25.706767,GAZE,412,1080,39090,1110
2025-10-26T03:03:25.740525,BLINK,-1,-1,39124,55
2025-10-26T03:03:25.770827,BLINK,-1,-1,39155,56
2025-10-26T03:03:25.806719,BLINK,-1,-1,39190,57
2025-10-26T03:03:25.832811,BLINK,-1,-1,39217,58
2025-10-26T03:03:25.868007,BLINK,-1,-1,39252,59
2025-10-26T03:03:25.893741,BLINK,-1,-1,39277,60
2025-10-26T03:03:25.934575,BLINK,-1,-1,39318,61
2025-10-26T03:03:25.956087,BLINK,-1,-1,39340,62
2025-10-26T03:03:26.019340,BLINK,-1,-1,39403,63
2025-10-26T03:03:26.050384,BLINK,-1,-1,39434,64
2025-10-26T03:03:26.355922,GAZE,1444,1080,39740,1120
2025-10-26T03:03:26.699600,GAZE,1117,1080,40083,1130
2025-10-26T03:03:27.038799,GAZE,409,1080,40423,1140
2025-10-26T03:03:27.363294,GAZE,1344,1080,40747,1150
2025-10-26T03:03:27.704055,GAZE,1240,1080,41088,1160
2025-10-26T03:03:27.949453,BLINK,-1,-1,41333,65
2025-10-26T03:03:27.968019,BLINK,-1,-1,41352,66
2025-10-26T03:03:28.016653,BLINK,-1,-1,41400,67
2025-10-26T03:03:28.044314,BLINK,-1,-1,41428,68
2025-10-26T03:03:28.169239,GAZE,1217,1080,41553,1170
2025-10-26T03:03:28.509188,GAZE,702,181,41893,1180
2025-10-26T03:03:28.838411,GAZE,739,261,42222,1190
2025-10-26T03:03:29.180318,GAZE,757,232,42564,1200
2025-10-26T03:03:29.504727,GAZE,779,565,42888,1210
2025-10-26T03:03:29.845835,GAZE,913,502,43230,1220
2025-10-26T03:03:30.188326,GAZE,1067,294,43572,1230
2025-10-26T03:03:30.499123,GAZE,1051,289,43883,1240
2025-10-26T03:03:30.839051,GAZE,985,255,44223,1250
2025-10-26T03:03:31.183219,GAZE,941,287,44567,1260
2025-10-26T03:03:31.511837,GAZE,915,269,44896,1270
2025-10-26T03:03:31.848227,GAZE,897,250,45232,1280
2025-10-26T03:03:32.171927,GAZE,914,221,45556,1290
2025-10-26T03:03:32.498507,GAZE,925,204,45882,1300
2025-10-26T03:03:32.686777,BLINK,-1,-1,46071,69
2025-10-26T03:03:32.718088,BLINK,-1,-1,46102,70
2025-10-26T03:03:32.747832,BLINK,-1,-1,46132,71
2025-10-26T03:03:32.777767,BLINK,-1,-1,46161,72
2025-10-26T03:03:32.806951,BLINK,-1,-1,46191,73
2025-10-26T03:03:32.838160,BLINK,-1,-1,46222,74
2025-10-26T03:03:32.869606,BLINK,-1,-1,46253,75
2025-10-26T03:03:33.086433,GAZE,972,372,46470,1310
2025-10-26T03:03:33.425509,GAZE,989,282,46809,1320
2025-10-26T03:03:33.727045,GAZE,1019,48,47111,1330
2025-10-26T03:03:33.824894,BLINK,-1,-1,47209,76
2025-10-26T03:03:33.852576,BLINK,-1,-1,47236,77
2025-10-26T03:03:33.885599,BLINK,-1,-1,47269,78
2025-10-26T03:03:33.912322,BLINK,-1,-1,47296,79
2025-10-26T03:03:33.944319,BLINK,-1,-1,47328,80
2025-10-26T03:03:33.974166,BLINK,-1,-1,47358,81
2025-10-26T03:03:34.007700,BLINK,-1,-1,47391,82
2025-10-26T03:03:34.039922,BLINK,-1,-1,47424,83
2025-10-26T03:03:34.067871,BLINK,-1,-1,47452,84
2025-10-26T03:03:34.096314,BLINK,-1,-1,47480,85
2025-10-26T03:03:34.128696,BLINK,-1,-1,47512,86
2025-10-26T03:03:34.160653,BLINK,-1,-1,47544,87
2025-10-26T03:03:34.221993,BLINK,-1,-1,47606,88
2025-10-26T03:03:34.254697,BLINK,-1,-1,47638,89
2025-10-26T03:03:34.302439,BLINK,-1,-1,47686,90
2025-10-26T03:03:34.332960,BLINK,-1,-1,47717,91
2025-10-26T03:03:34.361469,BLINK,-1,-1,47745,92
2025-10-26T03:03:34.392237,BLINK,-1,-1,47776,93
2025-10-26T03:03:34.424909,BLINK,-1,-1,47809,94
2025-10-26T03:03:34.455082,BLINK,-1,-1,47839,95
2025-10-26T03:03:34.486643,BLINK,-1,-1,47870,96
2025-10-26T03:03:34.517496,BLINK,-1,-1,47901,97
2025-10-26T03:03:34.548678,BLINK,-1,-1,47932,98
2025-10-26T03:03:34.840410,GAZE,1823,344,48224,1340
2025-10-26T03:03:35.179736,BLINK,-1,-1,48563,99
2025-10-26T03:03:35.208901,BLINK,-1,-1,48593,100
2025-10-26T03:03:35.241493,GAZE,1920,464,48625,1350
2025-10-26T03:03:35.589647,GAZE,1066,256,48973,1360
2025-10-26T03:03:35.902668,GAZE,935,0,49286,1370
2025-10-26T03:03:36.240572,GAZE,1024,0,49624,1380
2025-10-26T03:03:36.573818,GAZE,1888,1080,49958,1390
2025-10-26T03:03:36.890573,GAZE,1920,1080,50274,1400
2025-10-26T03:03:37.231827,GAZE,1920,1080,50616,1410
2025-10-26T03:03:37.571419,GAZE,1595,0,50955,1420
2025-10-26T03:03:37.904300,GAZE,1187,0,51288,1430
2025-10-26T03:03:38.237314,GAZE,1801,0,51621,1440
2025-10-26T03:03:38.576161,GAZE,1920,1080,51960,1450
2025-10-26T03:03:38.908685,GAZE,1920,1080,52292,1460
2025-10-26T03:03:39.246069,GAZE,1581,0,52630,1470
2025-10-26T03:03:39.587091,GAZE,1406,0,52971,1480
2025-10-26T03:03:39.902305,GAZE,1549,0,53286,1490
2025-10-26T03:03:40.237692,GAZE,1520,0,53621,1500
2025-10-26T03:03:40.573002,GAZE,1360,0,53957,1510
2025-10-26T03:03:40.913672,GAZE,1338,0,54297,1520
2025-10-26T03:03:41.250070,GAZE,1262,0,54634,1530
2025-10-26T03:03:41.583319,GAZE,1329,0,54967,1540
2025-10-26T03:03:41.917575,GAZE,1454,0,55301,1550
2025-10-26T03:03:42.254496,GAZE,1920,1080,55638,1560
2025-10-26T03:03:42.513637,BLINK,-1,-1,55897,101
2025-10-26T03:03:42.535107,BLINK,-1,-1,55919,102
2025-10-26T03:03:42.590734,BLINK,-1,-1,55974,103
2025-10-26T03:03:42.610749,BLINK,-1,-1,55994,104
2025-10-26T03:03:42.655489,BLINK,-1,-1,56039,105
2025-10-26T03:03:42.674232,BLINK,-1,-1,56058,106
2025-10-26T03:03:42.784187,GAZE,1575,0,56168,1570
2025-10-26T03:03:43.054482,BLINK,-1,-1,56438,107
2025-10-26T03:03:43.154903,GAZE,1178,1080,56539,1580
2025-10-26T03:03:43.217989,BLINK,-1,-1,56602,108
2025-10-26T03:03:43.277660,BLINK,-1,-1,56661,109
2025-10-26T03:03:43.312189,BLINK,-1,-1,56696,110
2025-10-26T03:03:43.402341,BLINK,-1,-1,56786,111
2025-10-26T03:03:43.618269,GAZE,1830,1080,57002,1590
2025-10-26T03:03:43.940466,GAZE,1221,1080,57324,1600
2025-10-26T03:03:44.282091,GAZE,1580,1080,57666,1610
2025-10-26T03:03:44.591464,GAZE,1920,602,57975,1620
2025-10-26T03:03:44.930066,GAZE,1920,964,58314,1630
2025-10-26T03:03:45.058997,BLINK,-1,-1,58443,112
2025-10-26T03:03:45.086581,BLINK,-1,-1,58470,113
2025-10-26T03:03:45.116855,BLINK,-1,-1,58501,114
2025-10-26T03:03:45.146136,BLINK,-1,-1,58530,115
2025-10-26T03:03:45.183527,BLINK,-1,-1,58567,116
2025-10-26T03:03:45.209024,BLINK,-1,-1,58593,117
2025-10-26T03:03:45.240821,BLINK,-1,-1,58625,118
2025-10-26T03:03:45.269602,BLINK,-1,-1,58653,119
2025-10-26T03:03:45.300994,BLINK,-1,-1,58685,120
2025-10-26T03:03:45.330271,BLINK,-1,-1,58714,121
2025-10-26T03:03:45.360943,BLINK,-1,-1,58745,122
2025-10-26T03:03:45.392880,BLINK,-1,-1,58777,123
2025-10-26T03:03:45.456115,BLINK,-1,-1,58840,124
2025-10-26T03:03:45.488389,BLINK,-1,-1,58872,125
2025-10-26T03:03:45.519014,BLINK,-1,-1,58903,126
2025-10-26T03:03:45.548065,BLINK,-1,-1,58932,127
2025-10-26T03:03:45.579440,BLINK,-1,-1,58963,128
2025-10-26T03:03:45.609223,BLINK,-1,-1,58993,129
2025-10-26T03:03:45.639642,BLINK,-1,-1,59023,130
2025-10-26T03:03:45.671753,BLINK,-1,-1,59055,131
2025-10-26T03:03:45.702721,BLINK,-1,-1,59086,132
2025-10-26T03:03:45.733448,BLINK,-1,-1,59117,133
2025-10-26T03:03:45.764909,BLINK,-1,-1,59149,134
2025-10-26T03:03:45.795524,BLINK,-1,-1,59179,135
2025-10-26T03:03:46.074013,GAZE,1920,1080,59458,1640
2025-10-26T03:03:46.415114,GAZE,1920,1080,59799,1650
2025-10-26T03:03:46.758398,GAZE,1920,1080,60142,1660
2025-10-26T03:03:47.083871,GAZE,1920,1080,60468,1670
2025-10-26T03:03:47.393407,BLINK,-1,-1,60777,136
2025-10-26T03:03:47.453634,BLINK,-1,-1,60837,137
2025-10-26T03:03:47.487182,BLINK,-1,-1,60871,138
2025-10-26T03:03:47.518009,BLINK,-1,-1,60902,139
2025-10-26T03:03:47.546953,BLINK,-1,-1,60931,140
2025-10-26T03:03:47.577966,BLINK,-1,-1,60962,141
2025-10-26T03:03:47.609162,BLINK,-1,-1,60993,142
2025-10-26T03:03:47.641324,BLINK,-1,-1,61025,143
2025-10-26T03:03:47.673545,BLINK,-1,-1,61057,144
2025-10-26T03:03:47.705998,BLINK,-1,-1,61090,145
2025-10-26T03:03:47.735152,BLINK,-1,-1,61119,146
2025-10-26T03:03:47.766805,BLINK,-1,-1,61151,147
2025-10-26T03:03:47.795814,BLINK,-1,-1,61180,148
2025-10-26T03:03:47.869543,GAZE,1920,1080,61253,1680
2025-10-26T03:03:48.174214,GAZE,1920,1080,61558,1690
2025-10-26T03:03:48.495407,GAZE,1920,1080,61879,1700
2025-10-26T03:03:48.824309,GAZE,1920,1080,62208,1710
2025-10-26T03:03:49.166354,GAZE,1920,1080,62550,1720
2025-10-26T03:03:49.491716,GAZE,1920,1080,62875,1730
2025-10-26T03:03:49.835342,GAZE,1920,1080,63219,1740
2025-10-26T03:03:50.174927,GAZE,1920,1080,63559,1750
2025-10-26T03:03:50.466816,BLINK,-1,-1,63851,149
2025-10-26T03:03:50.485888,BLINK,-1,-1,63870,150
2025-10-26T03:03:50.541335,BLINK,-1,-1,63925,151
2025-10-26T03:03:50.562495,BLINK,-1,-1,63946,152
2025-10-26T03:03:50.607041,BLINK,-1,-1,63991,153
2025-10-26T03:03:50.639871,BLINK,-1,-1,64024,154
2025-10-26T03:03:50.669985,BLINK,-1,-1,64054,155
2025-10-26T03:03:50.700655,BLINK,-1,-1,64084,156
2025-10-26T03:03:50.735289,BLINK,-1,-1,64119,157
2025-10-26T03:03:50.762184,BLINK,-1,-1,64146,158
2025-10-26T03:03:50.804490,BLINK,-1,-1,64188,159
2025-10-26T03:03:50.824227,BLINK,-1,-1,64208,160
2025-10-26T03:03:50.877364,BLINK,-1,-1,64261,161
2025-10-26T03:03:50.900833,BLINK,-1,-1,64285,162
2025-10-26T03:03:50.942634,BLINK,-1,-1,64326,163
2025-10-26T03:03:50.960859,BLINK,-1,-1,64345,164
2025-10-26T03:03:51.006082,BLINK,-1,-1,64390,165
2025-10-26T03:03:51.041288,BLINK,-1,-1,64425,166
2025-10-26T03:03:51.073163,BLINK,-1,-1,64457,167
2025-10-26T03:03:51.100954,BLINK,-1,-1,64485,168
2025-10-26T03:03:51.133882,BLINK,-1,-1,64518,169
2025-10-26T03:03:51.163907,BLINK,-1,-1,64548,170
2025-10-26T03:03:51.200024,BLINK,-1,-1,64584,171
2025-10-26T03:03:51.225479,BLINK,-1,-1,64609,172
2025-10-26T03:03:51.280573,BLINK,-1,-1,64664,173
2025-10-26T03:03:51.308129,BLINK,-1,-1,64691,174
2025-10-26T03:03:51.340988,BLINK,-1,-1,64725,175
2025-10-26T03:03:51.365945,BLINK,-1,-1,64750,176
2025-10-26T03:03:51.410467,BLINK,-1,-1,64794,177
2025-10-26T03:03:51.427661,BLINK,-1,-1,64811,178
2025-10-26T03:03:51.469247,BLINK,-1,-1,64853,179
2025-10-26T03:03:51.490082,BLINK,-1,-1,64874,180
2025-10-26T03:03:51.536412,BLINK,-1,-1,64920,181
2025-10-26T03:03:51.568563,BLINK,-1,-1,64952,182
2025-10-26T03:03:51.599191,BLINK,-1,-1,64983,183
2025-10-26T03:03:51.679038,GAZE,1920,1080,65063,1760
2025-10-26T03:03:52.019036,GAZE,1920,1080,65403,1770
2025-10-26T03:03:52.334705,GAZE,1920,1080,65718,1780
2025-10-26T03:03:52.481706,BLINK,-1,-1,65865,184
2025-10-26T03:03:52.514717,BLINK,-1,-1,65898,185
2025-10-26T03:03:52.545204,BLINK,-1,-1,65929,186
2025-10-26T03:03:52.576146,BLINK,-1,-1,65960,187
2025-10-26T03:03:52.607666,BLINK,-1,-1,65991,188
2025-10-26T03:03:52.641154,BLINK,-1,-1,66025,189
2025-10-26T03:03:52.668555,BLINK,-1,-1,66052,190
2025-10-26T03:03:52.700526,BLINK,-1,-1,66084,191
2025-10-26T03:03:52.943630,GAZE,1920,1080,66327,1790
2025-10-26T03:03:53.276886,GAZE,1920,1080,66661,1800
2025-10-26T03:03:53.619565,GAZE,1920,1080,67003,1810
2025-10-26T03:03:53.953661,GAZE,1920,1080,67337,1820
2025-10-26T03:03:54.286796,GAZE,1920,1080,67671,1830
2025-10-26T03:03:54.544136,BLINK,-1,-1,67928,192
2025-10-26T03:03:54.577035,BLINK,-1,-1,67961,193
2025-10-26T03:03:54.688342,GAZE,1920,1080,68072,1840
2025-10-26T03:03:55.022916,GAZE,1436,1080,68407,1850
2025-10-26T03:03:55.341343,GAZE,1140,1080,68725,1860
2025-10-26T03:03:55.682247,GAZE,1003,1080,69066,1870
2025-10-26T03:03:56.017062,GAZE,1121,1080,69401,1880
2025-10-26T03:03:56.354276,GAZE,1166,1080,69738,1890
2025-10-26T03:03:56.685526,GAZE,1165,1080,70069,1900
2025-10-26T03:03:57.022959,GAZE,1198,1080,70407,1910
2025-10-26T03:03:57.327135,GAZE,1231,1080,70711,1920
2025-10-26T03:03:57.666051,GAZE,1288,1080,71050,1930
2025-10-26T03:03:58.016878,GAZE,1197,1080,71401,1940
2025-10-26T03:03:58.348410,BLINK,-1,-1,71732,194
2025-10-26T03:03:58.376030,BLINK,-1,-1,71760,195
2025-10-26T03:03:58.408042,BLINK,-1,-1,71792,196
2025-10-26T03:03:58.438167,BLINK,-1,-1,71822,197
2025-10-26T03:03:58.470495,BLINK,-1,-1,71854,198
2025-10-26T03:03:58.501129,BLINK,-1,-1,71885,199
2025-10-26T03:03:58.531276,BLINK,-1,-1,71915,200
2025-10-26T03:03:58.561587,GAZE,761,1080,71945,1950
2025-10-26T03:03:58.901925,GAZE,579,656,72286,1960
2025-10-26T03:03:59.122515,BLINK,-1,-1,72506,201
2025-10-26T03:04:00.332135,GAZE,920,0,73716,1970
2025-10-26T03:04:00.515922,BLINK,-1,-1,73900,202
2025-10-26T03:04:00.545913,BLINK,-1,-1,73930,203
2025-10-26T03:04:00.575289,BLINK,-1,-1,73959,204
2025-10-26T03:04:00.744510,GAZE,894,217,74128,1980
2025-10-26T03:04:01.085038,GAZE,448,177,74469,1990
2025-10-26T03:04:01.395020,GAZE,0,0,74779,2000
2025-10-26T03:04:01.721127,GAZE,0,0,75105,2010
2025-10-26T03:04:02.062483,GAZE,223,39,75446,2020
2025-10-26T03:04:02.403118,GAZE,853,126,75787,2030
2025-10-26T03:04:02.727931,GAZE,1833,488,76112,2040
2025-10-26T03:04:03.068728,GAZE,1880,686,76452,2050
2025-10-26T03:04:03.407979,GAZE,1803,799,76792,2060
2025-10-26T03:04:03.735414,GAZE,1693,797,77119,2070
2025-10-26T03:04:04.059753,GAZE,1610,746,77443,2080
2025-10-26T03:04:04.401102,GAZE,1541,783,77785,2090
2025-10-26T03:04:04.729092,GAZE,1541,932,78113,2100
2025-10-26T03:04:05.063869,GAZE,1566,943,78448,2110
2025-10-26T03:04:05.406941,GAZE,1646,935,78791,2120
2025-10-26T03:04:05.734077,GAZE,1663,988,79118,2130
2025-10-26T03:04:05.987076,BLINK,-1,-1,79371,205
2025-10-26T03:04:06.012403,BLINK,-1,-1,79396,206
2025-10-26T03:04:06.043996,BLINK,-1,-1,79428,207
2025-10-26T03:04:06.073803,BLINK,-1,-1,79458,208
2025-10-26T03:04:06.113733,BLINK,-1,-1,79497,209
2025-10-26T03:04:06.136689,BLINK,-1,-1,79520,210
2025-10-26T03:04:06.261279,GAZE,1636,1067,79645,2140
2025-10-26T03:04:06.600831,GAZE,1695,1052,79985,2150
2025-10-26T03:04:06.942169,GAZE,1634,978,80326,2160
2025-10-26T03:04:07.269118,GAZE,1258,768,80653,2170
2025-10-26T03:04:07.607721,GAZE,915,698,80991,2180
2025-10-26T03:04:07.946888,GAZE,929,737,81331,2190
2025-10-26T03:04:08.290202,GAZE,960,847,81674,2200
2025-10-26T03:04:08.614558,GAZE,1043,874,81998,2210
2025-10-26T03:04:08.943097,GAZE,1027,788,82327,2220
2025-10-26T03:04:09.282994,GAZE,1031,728,82667,2230
2025-10-26T03:04:09.608403,GAZE,1059,755,82992,2240
2025-10-26T03:04:09.947098,GAZE,1125,809,83331,2250
2025-10-26T03:04:10.276979,GAZE,1102,800,83661,2260
2025-10-26T03:04:10.603224,GAZE,1028,746,83987,2270
2025-10-26T03:04:10.927525,GAZE,1084,732,84311,2280
2025-10-26T03:04:11.268711,GAZE,1136,619,84652,2290
2025-10-26T03:04:11.622516,GAZE,1109,548,85006,2300
2025-10-26T03:04:11.944470,GAZE,1154,563,85328,2310
2025-10-26T03:04:12.286149,GAZE,1256,638,85670,2320
2025-10-26T03:04:12.595036,GAZE,1667,748,85979,2330
2025-10-26T03:04:12.951733,GAZE,1824,762,86335,2340
2025-10-26T03:04:13.262311,GAZE,1778,694,86646,2350
2025-10-26T03:04:13.605985,GAZE,1714,717,86990,2360
2025-10-26T03:04:13.936004,GAZE,1787,728,87320,2370
2025-10-26T03:04:14.192857,BLINK,-1,-1,87577,211
2025-10-26T03:04:14.222737,BLINK,-1,-1,87606,212
2025-10-26T03:04:14.275777,BLINK,-1,-1,87660,213
2025-10-26T03:04:14.298065,BLINK,-1,-1,87682,214
2025-10-26T03:04:14.333593,BLINK,-1,-1,87717,215
2025-10-26T03:04:14.360828,BLINK,-1,-1,87745,216
2025-10-26T03:04:14.399088,BLINK,-1,-1,87783,217
2025-10-26T03:04:14.423671,BLINK,-1,-1,87807,218
2025-10-26T03:04:14.464600,BLINK,-1,-1,87848,219
2025-10-26T03:04:14.484957,BLINK,-1,-1,87869,220
2025-10-26T03:04:14.592384,GAZE,1856,760,87976,2380
2025-10-26T03:04:14.928269,GAZE,1832,693,88312,2390
2025-10-26T03:04:15.263939,GAZE,1920,615,88648,2400
2025-10-26T03:04:15.598575,GAZE,1920,570,88982,2410
2025-10-26T03:04:15.934898,GAZE,1920,636,89318,2420
2025-10-26T03:04:16.273408,GAZE,1796,585,89657,2430
2025-10-26T03:04:16.609426,GAZE,1920,518,89993,2440
2025-10-26T03:04:16.947138,GAZE,1920,408,90331,2450
2025-10-26T03:04:17.279009,GAZE,1875,468,90663,2460
2025-10-26T03:04:17.596643,GAZE,522,482,90980,2470
2025-10-26T03:04:17.938422,GAZE,0,571,91322,2480
2025-10-26T03:04:18.273712,GAZE,0,79,91657,2490
2025-10-26T03:04:18.609911,GAZE,158,32,91993,2500
2025-10-26T03:04:18.738371,BLINK,-1,-1,92122,221
2025-10-26T03:04:18.761151,BLINK,-1,-1,92145,222
2025-10-26T03:04:18.821148,BLINK,-1,-1,92205,223
2025-10-26T03:04:18.839931,BLINK,-1,-1,92224,224
2025-10-26T03:04:18.878576,BLINK,-1,-1,92262,225
2025-10-26T03:04:18.902836,BLINK,-1,-1,92287,226
2025-10-26T03:04:18.945567,BLINK,-1,-1,92329,227
2025-10-26T03:04:19.180127,GAZE,324,44,92564,2510
2025-10-26T03:04:19.504865,GAZE,96,3,92889,2520
2025-10-26T03:04:19.828090,GAZE,87,33,93212,2530
2025-10-26T03:04:20.173428,GAZE,160,0,93557,2540
2025-10-26T03:04:20.496761,GAZE,226,0,93880,2550
2025-10-26T03:04:20.839980,GAZE,254,0,94224,2560
2025-10-26T03:04:21.177707,GAZE,436,1,94561,2570
2025-10-26T03:04:21.517244,GAZE,602,73,94901,2580
2025-10-26T03:04:21.842967,GAZE,508,32,95227,2590
2025-10-26T03:04:22.169900,GAZE,899,0,95554,2600
2025-10-26T03:04:22.508458,GAZE,1796,0,95892,2610
2025-10-26T03:04:22.836002,GAZE,1593,0,96220,2620
2025-10-26T03:04:23.178205,GAZE,1080,1080,96562,2630
2025-10-26T03:04:23.216340,BLINK,-1,-1,96600,228
2025-10-26T03:04:23.242958,BLINK,-1,-1,96627,229
2025-10-26T03:04:23.275231,BLINK,-1,-1,96659,230
2025-10-26T03:04:23.303865,BLINK,-1,-1,96688,231
2025-10-26T03:04:23.337395,BLINK,-1,-1,96721,232
2025-10-26T03:04:23.366218,BLINK,-1,-1,96750,233
2025-10-26T03:04:23.709055,GAZE,1920,1080,97093,2640
2025-10-26T03:04:24.051661,GAZE,1920,1080,97435,2650
2025-10-26T03:04:24.376345,GAZE,1920,1080,97760,2660
2025-10-26T03:04:24.498682,BLINK,-1,-1,97882,234
2025-10-26T03:04:24.530077,BLINK,-1,-1,97914,235
2025-10-26T03:04:24.560073,BLINK,-1,-1,97944,236
2025-10-26T03:04:24.626406,BLINK,-1,-1,98010,237
2025-10-26T03:04:24.656482,BLINK,-1,-1,98040,238
2025-10-26T03:04:24.685618,BLINK,-1,-1,98069,239
2025-10-26T03:04:24.717911,BLINK,-1,-1,98102,240
2025-10-26T03:04:24.753896,BLINK,-1,-1,98138,241
2025-10-26T03:04:24.779387,BLINK,-1,-1,98163,242
2025-10-26T03:04:24.809388,BLINK,-1,-1,98193,243
2025-10-26T03:04:24.840801,BLINK,-1,-1,98225,244
2025-10-26T03:04:24.871736,BLINK,-1,-1,98255,245
2025-10-26T03:04:24.902322,BLINK,-1,-1,98286,246
2025-10-26T03:04:24.935315,BLINK,-1,-1,98319,247
2025-10-26T03:04:24.963741,BLINK,-1,-1,98347,248
2025-10-26T03:04:25.021508,BLINK,-1,-1,98405,249
2025-10-26T03:04:25.043117,BLINK,-1,-1,98427,250
2025-10-26T03:04:25.090034,BLINK,-1,-1,98474,251
2025-10-26T03:04:25.120830,BLINK,-1,-1,98505,252
2025-10-26T03:04:25.165339,BLINK,-1,-1,98548,253
2025-10-26T03:04:25.197761,BLINK,-1,-1,98581,254
2025-10-26T03:04:25.229244,BLINK,-1,-1,98613,255
2025-10-26T03:04:25.260168,BLINK,-1,-1,98644,256
2025-10-26T03:04:25.292902,BLINK,-1,-1,98677,257
2025-10-26T03:04:25.524290,GAZE,1762,1080,98908,2670
2025-10-26T03:04:25.585227,BLINK,-1,-1,98969,258
2025-10-26T03:04:25.647895,BLINK,-1,-1,99032,259
2025-10-26T03:04:25.709802,BLINK,-1,-1,99094,260
2025-10-26T03:04:25.743561,BLINK,-1,-1,99127,261
2025-10-26T03:04:25.977491,GAZE,0,0,99361,2680
2025-10-26T03:04:26.320001,GAZE,0,0,99704,2690
2025-10-26T03:04:26.660173,GAZE,0,0,100044,2700
2025-10-26T03:04:26.812475,BLINK,-1,-1,100196,262
2025-10-26T03:04:26.845525,BLINK,-1,-1,100229,263
2025-10-26T03:04:26.877820,BLINK,-1,-1,100262,264
2025-10-26T03:04:26.907214,BLINK,-1,-1,100291,265
2025-10-26T03:04:26.937679,BLINK,-1,-1,100321,266
2025-10-26T03:04:26.966674,BLINK,-1,-1,100350,267
2025-10-26T03:04:27.022072,BLINK,-1,-1,100406,268
2025-10-26T03:04:27.046945,BLINK,-1,-1,100431,269
2025-10-26T03:04:27.077852,BLINK,-1,-1,100462,270
2025-10-26T03:04:27.109771,BLINK,-1,-1,100494,271
2025-10-26T03:04:27.140259,BLINK,-1,-1,100524,272
2025-10-26T03:04:27.170099,BLINK,-1,-1,100554,273
2025-10-26T03:04:27.362201,GAZE,1920,1080,100746,2710
2025-10-26T03:04:27.633558,BLINK,-1,-1,101017,274
2025-10-26T03:04:27.697897,BLINK,-1,-1,101082,275
2025-10-26T03:04:27.727395,BLINK,-1,-1,101111,276
2025-10-26T03:04:27.763254,BLINK,-1,-1,101147,277
2025-10-26T03:04:27.790516,BLINK,-1,-1,101174,278
2025-10-26T03:04:27.841848,BLINK,-1,-1,101226,279
2025-10-26T03:04:27.865926,BLINK,-1,-1,101250,280
2025-10-26T03:04:27.902599,BLINK,-1,-1,101286,281
2025-10-26T03:04:27.928003,BLINK,-1,-1,101312,282
2025-10-26T03:04:28.008731,GAZE,1920,1080,101392,2720
2025-10-26T03:04:28.328568,GAZE,1920,1080,101712,2730
2025-10-26T03:04:28.671689,GAZE,1920,1080,102055,2740
2025-10-26T03:04:28.993653,GAZE,1920,1080,102377,2750
2025-10-26T03:04:29.170499,BLINK,-1,-1,102554,283
2025-10-26T03:04:29.196985,BLINK,-1,-1,102581,284
2025-10-26T03:04:29.228713,BLINK,-1,-1,102612,285
2025-10-26T03:04:29.259959,BLINK,-1,-1,102644,286
2025-10-26T03:04:29.310656,BLINK,-1,-1,102694,287
2025-10-26T03:04:29.337190,BLINK,-1,-1,102721,288
2025-10-26T03:04:29.375763,BLINK,-1,-1,102759,289
2025-10-26T03:04:29.399019,BLINK,-1,-1,102783,290
2025-10-26T03:04:29.443831,BLINK,-1,-1,102828,291
2025-10-26T03:04:29.474694,BLINK,-1,-1,102858,292
2025-10-26T03:04:29.506556,BLINK,-1,-1,102890,293
2025-10-26T03:04:29.537172,BLINK,-1,-1,102921,294
2025-10-26T03:04:29.566518,BLINK,-1,-1,102950,295
2025-10-26T03:04:29.598467,BLINK,-1,-1,102982,296
2025-10-26T03:04:29.631819,BLINK,-1,-1,103016,297
2025-10-26T03:04:29.661171,BLINK,-1,-1,103045,298
2025-10-26T03:04:29.710764,BLINK,-1,-1,103094,299
2025-10-26T03:04:29.739408,BLINK,-1,-1,103123,300
2025-10-26T03:04:29.800382,BLINK,-1,-1,103184,301
2025-10-26T03:04:29.908595,BLINK,-1,-1,103292,302
2025-10-26T03:04:29.971402,BLINK,-1,-1,103355,303
2025-10-26T03:04:30.004022,BLINK,-1,-1,103388,304
2025-10-26T03:04:30.065135,GAZE,1553,293,103449,2760
2025-10-26T03:04:30.113718,BLINK,-1,-1,103497,305
2025-10-26T03:04:30.143138,BLINK,-1,-1,103527,306
2025-10-26T03:04:30.174476,BLINK,-1,-1,103558,307
2025-10-26T03:04:30.204960,BLINK,-1,-1,103589,308
2025-10-26T03:04:30.240779,BLINK,-1,-1,103625,309
2025-10-26T03:04:30.265710,BLINK,-1,-1,103649,310
2025-10-26T03:04:30.307943,BLINK,-1,-1,103692,311
2025-10-26T03:04:30.326128,BLINK,-1,-1,103710,312
2025-10-26T03:04:30.366595,BLINK,-1,-1,103750,313
2025-10-26T03:04:30.389230,BLINK,-1,-1,103773,314
2025-10-26T03:04:30.447655,BLINK,-1,-1,103831,315
2025-10-26T03:04:30.466145,BLINK,-1,-1,103850,316
2025-10-26T03:04:30.512456,BLINK,-1,-1,103896,317
2025-10-26T03:04:30.545425,BLINK,-1,-1,103929,318
================================================================================
End Time: 2025-10-26T03:04:32.981834
Total Blinks: 318
Total Gaze Points: 2767
