Eye Tracking Session: phase1_cycle1_1761455729124
Start Time: 2025-10-26T01:15:29.125236
Screen Size: 1920x1080
================================================================================
Timestamp,Type,X,Y,RelativeTime(ms),EventNumber
2025-10-26T01:15:29.135075,BLINK,-1,-1,9,1
2025-10-26T01:15:29.152242,BLINK,-1,-1,27,2
2025-10-26T01:15:29.187180,BLINK,-1,-1,61,3
2025-10-26T01:15:29.213987,BLINK,-1,-1,88,4
2025-10-26T01:15:35.216699,BLINK,-1,-1,6091,5
2025-10-26T01:15:35.233779,BLINK,-1,-1,6108,6
2025-10-26T01:15:35.265447,BLINK,-1,-1,6140,7
2025-10-26T01:15:35.297590,BLINK,-1,-1,6172,8
2025-10-26T01:15:35.951162,BLINK,-1,-1,6825,9
2025-10-26T01:15:35.982920,BLINK,-1,-1,6857,10
2025-10-26T01:15:36.013137,BLINK,-1,-1,6887,11
2025-10-26T01:15:36.046920,BLINK,-1,-1,6921,12
2025-10-26T01:15:37.479572,BLINK,-1,-1,8354,13
2025-10-26T01:15:37.508796,BLINK,-1,-1,8383,14
================================================================================
End Time: 2025-10-26T01:15:39.548784
Total Blinks: 14
Total Gaze Points: 0
